[2026-08-13 09:09:59] ============================================================
[2026-08-13 09:09:59] LIVE MIRROR: johnbedini.net
[2026-08-13 09:09:59] Seed: https://johnbedini.net
[2026-08-13 09:09:59] Seed path: /
[2026-08-13 09:09:59] Max link depth: 5
[2026-08-13 09:09:59] Output: /Users/esaruoho/work/merlib-mirror/sites/johnbedini.net
[2026-08-13 09:09:59] ============================================================
[2026-08-13 09:10:00] Crawling / (download-as-you-go)...
[2026-08-13 09:10:00]   [1 d0*] https://johnbedini.net  (1 OK, 0 queued)
[2026-08-13 09:10:00]     +11 links (12 total known)
[2026-08-13 09:10:00]   [2 d0*] https://johnbedini.net/research.html  (2 OK, 10 queued)
[2026-08-13 09:10:00]     +10 links (22 total known)
[2026-08-13 09:10:01]   [3 d0*] https://johnbedini.net/research/Bedini%20med.%20pendulum.jpg  (3 OK, 19 queued)
[2026-08-13 09:10:01]   [4 d0*] https://johnbedini.net/research/RPX_banner1.jpg  (4 OK, 18 queued)
[2026-08-13 09:10:02]   [5 d0*] http://www.johnbedini.net/john34/rpxx.html  (5 OK, 17 queued)
[2026-08-13 09:10:02]     +1 links (23 total known)
[2026-08-13 09:10:02]   [6 d0*] http://www.johnbedini.net/john34/hookupside.jpg  (6 OK, 17 queued)
[2026-08-13 09:10:03]   [7 d0*] https://johnbedini.net/research/TESLA%20SWITCH%20BEDINI06.jpg  (7 OK, 16 queued)
[2026-08-13 09:10:03]   [8 d0*] https://johnbedini.net/research/lecturing.jpg  (8 OK, 15 queued)
[2026-08-13 09:10:04]   [9 d0*] https://johnbedini.net/research/BediniwthCejkafilessm.jpg  (9 OK, 14 queued)
[2026-08-13 09:10:04]   [10 d0*] https://johnbedini.net/research/backstage.jpg  (10 OK, 13 queued)
[2026-08-13 09:10:07]   [15 d0*] https://johnbedini.net/john34/test.html  (15 OK, 8 queued)
[2026-08-13 09:10:09]   [20 d0*] https://johnbedini.net/john34/bediniaudio.jpg  (20 OK, 20 queued)
/Users/esaruoho/work/merlib-mirror/mirror.py:89: DeprecationWarning: datetime.datetime.utcnow() is deprecated and scheduled for removal in a future version. Use timezone-aware objects to represent datetimes in UTC: datetime.datetime.now(datetime.UTC).
  "ts_iso": datetime.datetime.utcnow().strftime("%Y-%m-%dT%H:%M:%SZ"),
[2026-08-13 09:10:12]   [25 d0*] https://johnbedini.net/john34/Wiona1.jpg  (25 OK, 15 queued)
[2026-08-13 09:10:14]   [30 d0*] https://johnbedini.net/john34/Math1.jpg  (30 OK, 10 queued)
[2026-08-13 09:10:17]   [35 d0*] http://johnbedini.net/john34/rense3.mp3  (35 OK, 62 queued)
[2026-08-13 09:10:20]   [40 d0*] https://johnbedini.net/john34/johncrane2.jpg  (40 OK, 57 queued)
[2026-08-13 09:10:22]   [45 d0*] https://johnbedini.net/john34/cretificate1.jpg  (45 OK, 52 queued)
[2026-08-13 09:10:25]   [50 d0*] https://johnbedini.net/john34/modulation%20wave.jpg  (50 OK, 47 queued)
[2026-08-13 09:10:27]   [55 d0*] https://johnbedini.net/john34/kill1wire.mpg  (55 OK, 48 queued)
[2026-08-13 09:10:43]   [60 d0*] https://johnbedini.net/john34/typhrodhm2.jpg  (60 OK, 43 queued)
[2026-08-13 09:10:45]   [65 d0*] https://johnbedini.net/john34/spectrum11.jpg  (65 OK, 38 queued)
[2026-08-13 09:10:48]   [70 d0*] https://johnbedini.net/john34/gwav.jpg  (70 OK, 33 queued)
[2026-08-13 09:10:50]   [75 d0*] https://johnbedini.net/john34/20khzandonemeg.jpg  (75 OK, 28 queued)
[2026-08-13 09:10:53]   [80 d0*] https://johnbedini.net/john34/typhvirus.jpg  (80 OK, 23 queued)
[2026-08-13 09:10:55]   [85 d0*] https://johnbedini.net/john34/h4.gif  (85 OK, 18 queued)
[2026-08-13 09:10:58]   [90 d0*] https://johnbedini.net/john34/squarewavegen1.jpg  (90 OK, 13 queued)
[2026-08-13 09:11:00]   [95 d0*] https://johnbedini.net/john34/bcolivirushm2.jpg  (95 OK, 8 queued)
[2026-08-13 09:11:03]   [100 d0*] http://johnbedini.net/john34/earmagcur1.jpg  (100 OK, 22 queued)
[2026-08-13 09:11:05]   [105 d0*] http://johnbedini.net/john34/cerpaux1.jpg  (105 OK, 29 queued)
[2026-08-13 09:11:08]   [110 d0*] http://johnbedini.net/john34/earthbatt.html  (110 OK, 24 queued)
[2026-08-13 09:11:08]     +8 links (142 total known)
[2026-08-13 09:11:10]   [115 d0*] http://johnbedini.net/john34/Bryan1.jpg  (115 OK, 27 queued)
[2026-08-13 09:11:13]   [120 d0*] http://johnbedini.net/john34/stubbbatt4.jpg  (120 OK, 22 queued)
[2026-08-13 09:11:15]   [125 d0*] http://johnbedini.net/john34/induc1.jpg  (125 OK, 17 queued)
[2026-08-13 09:11:18]   [130 d0*] http://johnbedini.net/john34/earthcell33.jpg  (130 OK, 15 queued)
[2026-08-13 09:11:20]   [135 d0*] http://johnbedini.net/john34/meucci1.jpg  (135 OK, 15 queued)
[2026-08-13 09:11:23]   [140 d0*] http://johnbedini.net/john34/white.html  (140 OK, 10 queued)
[2026-08-13 09:11:23]     +5 links (155 total known)
[2026-08-13 09:11:25]   [145 d0*] http://johnbedini.net/john34/star222.jpg  (145 OK, 10 queued)
[2026-08-13 09:11:28]   [150 d0*] https://johnbedini.net/books.htm  (150 OK, 5 queued)
[2026-08-13 09:11:28]     +2 links (157 total known)
[2026-08-13 09:11:30]   [155 d0*] http://johnbedini.net/john34/templatepat.jpg  (155 OK, 54 queued)
[2026-08-13 09:11:33]   [160 d0*] http://johnbedini.net/john34/coilsidev1.jpg  (160 OK, 49 queued)
[2026-08-13 09:11:35]   [165 d0*] http://johnbedini.net/john34/rods11.jpg  (165 OK, 44 queued)
[2026-08-13 09:11:38]   [170 d0*] http://johnbedini.net/john34/coilwind1.jpg  (170 OK, 39 queued)
[2026-08-13 09:11:41]   [175 d0*] http://johnbedini.net/john34/Bedini%20green%20flash%202.jpg  (175 OK, 34 queued)
[2026-08-13 09:11:43]   [180 d0*] http://johnbedini.net/john34/bedinicolemotor.mpg  (180 OK, 29 queued)
[2026-08-13 09:11:46]   [185 d0*] http://johnbedini.net/john34/jobed1.jpg  (185 OK, 24 queued)
[2026-08-13 09:11:48]   [190 d0*] http://johnbedini.net/john34/jobed8.jpg  (190 OK, 19 queued)
[2026-08-13 09:11:51]   [195 d0*] http://johnbedini.net/john34/window111.jpg  (195 OK, 14 queued)
[2026-08-13 09:11:53]   [200 d0*] http://johnbedini.net/john34/bigguy1.jpg  (200 OK, 9 queued)
[2026-08-13 09:11:56]   [205 d0*] https://johnbedini.net/images/tc.jpg  (205 OK, 4 queued)
[2026-08-13 09:11:58]   [210 d0*] http://johnbedini.net/john34/ttower2.jpg  (210 OK, 11 queued)
[2026-08-13 09:12:01]   [215 d0*] http://johnbedini.net/john34/1tesla22.jpg  (215 OK, 6 queued)
[2026-08-13 09:12:03]   [220 d0*] http://johnbedini.net/john34/1moray.jpg  (220 OK, 7 queued)
[2026-08-13 09:12:06]   [225 d0*] http://johnbedini.net/john34/healing.htm  (225 OK, 2 queued)
/Users/esaruoho/work/merlib-mirror/mirror.py:1005: DeprecationWarning: datetime.datetime.utcnow() is deprecated and scheduled for removal in a future version. Use timezone-aware objects to represent datetimes in UTC: datetime.datetime.now(datetime.UTC).
  lines.append(f"mirror_date: {datetime.datetime.utcnow().strftime('%Y-%m-%dT%H:%M:%SZ')}")
[2026-08-13 09:12:08] Generating index...
[2026-08-13 09:12:08] Index: 228 files
[2026-08-13 09:12:08]   .jpg: 174
[2026-08-13 09:12:08]   .html: 14
[2026-08-13 09:12:08]   .gif: 13
[2026-08-13 09:12:08]   .mp3: 9
[2026-08-13 09:12:08]   .mpg: 9
[2026-08-13 09:12:08]   .htm: 5
[2026-08-13 09:12:08]   .wmv: 2
[2026-08-13 09:12:08]   .mpeg: 1
[2026-08-13 09:12:08]   .avi: 1
[2026-08-13 09:12:08] 
============================================================
[2026-08-13 09:12:08] LIVE MIRROR COMPLETE
[2026-08-13 09:12:08] Downloaded: 228, OK: 228, Failed: 0
[2026-08-13 09:12:08] Total URLs seen: 228
[2026-08-13 09:12:08] ============================================================
[2026-08-13 09:12:08] 
Next step: fe-ingest.sh /Users/esaruoho/work/merlib-mirror/sites/johnbedini.net
site_to_paper: johnbedini.net — 19 HTML page(s)
site_to_paper: entry=index.html · reachable=6 · unreached=13
site_to_paper: wrote /Users/esaruoho/work/merlib-mirror/sites/johnbedini.net/_paper/johnbedini.net-CONSOLIDATED.md (432,169 chars from 19 pages)
site_to_paper: wrote 19 per-page markdown files to /Users/esaruoho/work/merlib-mirror/sites/johnbedini.net/_paper/pages
site_to_allpages: johnbedini.net — 19 page(s), entry=index.html, reachable=6, orphans=13
site_to_allpages: wrote /Users/esaruoho/work/merlib-mirror/sites/johnbedini.net/_paper/allpages.html (593,040 chars, 19 pages, 18 internal links → anchors, 279 asset paths fixed)
site_to_allpages: weasyprint not found — skipping PDF (install it, or open allpages.html and ⌘P → Save as PDF)
