[2026-08-04 19:13:48] ============================================================
[2026-08-04 19:13:48] LIVE MIRROR: www.rf-lighting.com
[2026-08-04 19:13:48] Seed: https://www.rf-lighting.com/
[2026-08-04 19:13:48] Seed path: /
[2026-08-04 19:13:48] Max link depth: 5
[2026-08-04 19:13:48] Output: /Users/esaruoho/work/merlib-mirror/sites/www.rf-lighting.com
[2026-08-04 19:13:48] ============================================================
[2026-08-04 19:13:49] robots.txt: honouring 5 Disallow rule(s) (MIRROR_IGNORE_ROBOTS=1 to override)
[2026-08-04 19:13:49] Crawling / (download-as-you-go)...
[2026-08-04 19:13:50]   [1 d0*] https://www.rf-lighting.com/  (1 OK, 0 queued)
[2026-08-04 19:13:50]     +2 links (3 total known)
[2026-08-04 19:13:51]   [2 d0*] https://www.rf-lighting.com/terms.html  (2 OK, 1 queued)
[2026-08-04 19:13:51]     +1 links (4 total known)
[2026-08-04 19:13:52]   [3 d0*] https://www.rf-lighting.com/css/roboto.css  (3 OK, 1 queued)
[2026-08-04 19:13:54]   [4 d0*] https://www.rf-lighting.com/privacy.html  (4 OK, 0 queued)
/Users/esaruoho/work/merlib-mirror/mirror.py:911: DeprecationWarning: datetime.datetime.utcnow() is deprecated and scheduled for removal in a future version. Use timezone-aware objects to represent datetimes in UTC: datetime.datetime.now(datetime.UTC).
  lines.append(f"mirror_date: {datetime.datetime.utcnow().strftime('%Y-%m-%dT%H:%M:%SZ')}")
[2026-08-04 19:13:55] Generating index...
[2026-08-04 19:13:55] Index: 4 files
[2026-08-04 19:13:55]   .html: 3
[2026-08-04 19:13:55]   .css: 1
[2026-08-04 19:13:55] 
============================================================
[2026-08-04 19:13:55] LIVE MIRROR COMPLETE
[2026-08-04 19:13:55] Downloaded: 4, OK: 4, Failed: 0
[2026-08-04 19:13:55] Total URLs seen: 4
[2026-08-04 19:13:55] ============================================================
[2026-08-04 19:13:55] 
Next step: fe-ingest.sh /Users/esaruoho/work/merlib-mirror/sites/www.rf-lighting.com
site_to_paper: rf-lighting.com — 3 HTML page(s)
site_to_paper: entry=index.html · reachable=3 · unreached=0
site_to_paper: wrote /Users/esaruoho/work/merlib-mirror/sites/rf-lighting.com/_paper/rf-lighting.com-CONSOLIDATED.md (21,114 chars from 3 pages)
site_to_paper: wrote 3 per-page markdown files to /Users/esaruoho/work/merlib-mirror/sites/rf-lighting.com/_paper/pages
site_to_allpages: rf-lighting.com — 3 page(s), entry=index.html, reachable=3, orphans=0
site_to_allpages: wrote /Users/esaruoho/work/merlib-mirror/sites/rf-lighting.com/_paper/allpages.html (25,833 chars, 3 pages, 2 internal links → anchors, 0 asset paths fixed)
site_to_allpages: weasyprint not found — skipping PDF (install it, or open allpages.html and ⌘P → Save as PDF)
