[2026-03-20 16:32:32] ============================================================
[2026-03-20 16:32:32] LIVE MIRROR: www.ifi.unicamp.br
[2026-03-20 16:32:32] Seed: https://www.ifi.unicamp.br/~assis/
[2026-03-20 16:32:32] Seed path: /~assis
[2026-03-20 16:32:32] Max link depth: 5
[2026-03-20 16:32:32] Output: /Users/esaruoho/work/merlib-mirror/sites/www.ifi.unicamp.br
[2026-03-20 16:32:32] ============================================================
[2026-03-20 16:32:32] Crawling /~assis (download-as-you-go)...
[2026-03-20 16:32:32]   [1 d0*] https://www.ifi.unicamp.br/~assis/  (1 OK, 0 queued)
[2026-03-20 16:32:32]     +7 links (8 total known)
[2026-03-20 16:32:33]   [2 d0*] https://www.ifi.unicamp.br/~assis/noticias.htm  (2 OK, 6 queued)
[2026-03-20 16:32:33]     +100 links (108 total known)
[2026-03-20 16:32:33]   [3 d0*] https://www.ifi.unicamp.br/~assis/Mecanica-Relacional-23-10-2025.pdf  (3 OK, 105 queued)
[2026-03-20 16:32:34]   [4 d0*] https://www.ifi.unicamp.br/~assis/Lattes-1980.pdf  (4 OK, 104 queued)
[2026-03-20 16:32:34]   [5 d0*] https://www.ifi.unicamp.br/~assis/A-Forca-Eletrica-de-uma-Corrente-18-09-2017.pdf  (5 OK, 103 queued)
[2026-03-20 16:32:35]   [6 d0*] https://www.ifi.unicamp.br/~assis/Folha-de-Sao-Paulo-15-03-1992.jpg  (6 OK, 102 queued)
[2026-03-20 16:32:35]   [7 d0*] https://www.ifi.unicamp.br/~assis/Weber-Electrodynamics-18-02-2020.pdf  (7 OK, 101 queued)
[2026-03-20 16:32:36]   [8 d0*] https://www.ifi.unicamp.br/~assis/Jornal-Servico-Publico-Ano-I-Numero-10-pag-8-dezembro-1992.jpg  (8 OK, 100 queued)
[2026-03-20 16:32:36]   [9 d0*] https://www.ifi.unicamp.br/~assis/eletricidade-22-10-2021.pdf  (9 OK, 99 queued)
[2026-03-20 16:32:37]   [10 d0*] https://www.ifi.unicamp.br/~assis/O-Globo-24-11-1990-pag-20.jpg  (10 OK, 98 queued)
[2026-03-20 16:32:39]   [15 d0*] https://www.ifi.unicamp.br/~assis/Revista-Isto-E-26-08-1998-pag-59.jpg  (15 OK, 93 queued)
[2026-03-20 16:32:42]   [20 d0*] https://www.ifi.unicamp.br/~assis/Revista-Super-Interessante-Ano-6-Numero-9-pags-48-49-setembro-1992.jpg  (20 OK, 88 queued)
[2026-03-20 16:32:45]   [25 d0*] https://www.ifi.unicamp.br/~assis/O-Estado-de-Sao-Paulo-14-09-1991-pag-14.pdf  (25 OK, 83 queued)
[2026-03-20 16:32:47]   [30 d0*] https://www.ifi.unicamp.br/~assis/Webers-Electrodynamics-06-11-2010.pdf  (30 OK, 78 queued)
[2026-03-20 16:32:50]   [35 d0*] https://www.ifi.unicamp.br/~assis/eletricidade-24-05-2021.pdf  (35 OK, 73 queued)
[2026-03-20 16:32:52]   [40 d0*] https://www.ifi.unicamp.br/~assis/Revista-Isto-E-26-08-1998-pag-58.jpg  (40 OK, 68 queued)
[2026-03-20 16:32:55]   [45 d0*] https://www.ifi.unicamp.br/~assis/Mecanica-Relacional-Mach-Weber.pdf  (45 OK, 63 queued)
[2026-03-20 16:32:57]   [50 d0*] https://www.ifi.unicamp.br/~assis/Folha-de-Sao-Paulo-15-03-1992.pdf  (50 OK, 58 queued)
[2026-03-20 16:33:00]   [55 d0*] https://www.ifi.unicamp.br/~assis/eletricidade-08-11-2021.pdf  (55 OK, 53 queued)
[2026-03-20 16:33:02]   [60 d0*] https://www.ifi.unicamp.br/~assis/Folha-de-Sao-Paulo-caderno-de-empregos-1993.jpg  (60 OK, 48 queued)
[2026-03-20 16:33:05]   [65 d0*] https://www.ifi.unicamp.br/~assis/Electrodynamique-Ampere-01-12-2023.pdf  (65 OK, 43 queued)
[2026-03-20 16:33:07]   [70 d0*] https://www.ifi.unicamp.br/~assis/Weber-Planetary-Model-of-the-Atom-05-10-2023.pdf  (70 OK, 38 queued)
[2026-03-20 16:33:10]   [75 d0*] https://www.ifi.unicamp.br/~assis/aula-lei-de-escala-04-2022.pdf  (75 OK, 33 queued)
[2026-03-20 16:33:12]   [80 d0*] https://www.ifi.unicamp.br/~assis/Jornal-do-Brasil-pag-26-de-09-06-1991.jpeg  (80 OK, 35 queued)
[2026-03-20 16:33:15]   [85 d0*] https://www.ifi.unicamp.br/~assis/Relational-Mechanics-04-02-2017.pdf  (85 OK, 30 queued)
[2026-03-20 16:33:17]   [90 d0*] https://www.ifi.unicamp.br/~assis/Jornal-A-Tarde-Caderno-4-Cultural-pag-11-Salvador-26-09-1998.jpg  (90 OK, 25 queued)
[2026-03-20 16:33:20]   [95 d0*] https://www.ifi.unicamp.br/~assis/Boletim-Eletronico-do-DAAD-02-2012.pdf  (95 OK, 20 queued)
[2026-03-20 16:33:23]   [100 d0*] https://www.ifi.unicamp.br/~assis/Eletrodinamica-de-Weber-06-04-2017.WAV  (100 OK, 15 queued)
[2026-03-20 16:33:25]   [105 d0*] https://www.ifi.unicamp.br/~assis/errata-Eletrodinamica-de-Ampere.pdf  (105 OK, 126 queued)
[2026-03-20 16:33:28]   [110 d0*] https://www.ifi.unicamp.br/~assis/Gray.pdf  (110 OK, 121 queued)
[2026-03-20 16:33:30]   [115 d0*] https://www.ifi.unicamp.br/~assis/The-Electric-Force-of-a-Current.pdf  (115 OK, 116 queued)
[2026-03-20 16:33:33]   [120 d0*] https://www.ifi.unicamp.br/~assis/Tabela-de-Conteudo-Principia.pdf  (120 OK, 111 queued)
[2026-03-20 16:33:35]   [125 d0*] https://www.ifi.unicamp.br/~assis/Arquimedes.pdf  (125 OK, 106 queued)
[2026-03-20 16:33:38]   [130 d0*] https://www.ifi.unicamp.br/~assis/errata-O-Metodo.pdf  (130 OK, 101 queued)
[2026-03-20 16:33:40]   [135 d0*] https://www.ifi.unicamp.br/~assis/errata-Mecanica-Relacional.pdf  (135 OK, 96 queued)
[2026-03-20 16:33:43]   [140 d0*] https://www.ifi.unicamp.br/~assis/Webers-Planeten-Modell-des-Atoms.pdf  (140 OK, 91 queued)
[2026-03-20 16:33:45]   [145 d0*] https://www.ifi.unicamp.br/~assis/errata-Webers-Planetary-Model-of-the-Atom.pdf  (145 OK, 86 queued)
[2026-03-20 16:33:48]   [150 d0*] https://www.ifi.unicamp.br/~assis/Uma-Nova-Capa-para-o-Livro-MRPM.pdf  (150 OK, 81 queued)
[2026-03-20 16:33:50]   [155 d0*] https://www.ifi.unicamp.br/~assis/Electricity-Vol-2.pdf  (155 OK, 76 queued)
[2026-03-20 16:33:53]   [160 d0*] https://www.ifi.unicamp.br/~assis/Amperes-Electrodynamics.pdf  (160 OK, 71 queued)
[2026-03-20 16:33:55]   [165 d0*] https://www.ifi.unicamp.br/~assis/Coulomb-in-English.pdf  (165 OK, 66 queued)
[2026-03-20 16:33:58]   [170 d0*] https://www.ifi.unicamp.br/~assis/Electricity-in-Italian.pdf  (170 OK, 61 queued)
[2026-03-20 16:34:02]   [175 d0*] https://www.ifi.unicamp.br/~assis/erratum%20of%20the%20book%20Inductance%20and%20Force%20Calculations%20in%20Electrical%20Circuits.pdf  (174 OK, 56 queued)
[2026-03-20 16:34:05]   [180 d0*] https://www.ifi.unicamp.br/~assis/Errata-Archimedes-1st-edition.pdf  (179 OK, 51 queued)
[2026-03-20 16:34:07]   [185 d0*] https://www.ifi.unicamp.br/~assis/Electricity-in-Russian.pdf  (184 OK, 46 queued)
[2026-03-20 16:34:10]   [190 d0*] https://www.ifi.unicamp.br/~assis/Mecanica-Relacional.pdf  (189 OK, 41 queued)
[2026-03-20 16:34:12]   [195 d0*] https://www.ifi.unicamp.br/~assis/Ronaldo-Furtado-de-Oliveira.pdf  (194 OK, 36 queued)
[2026-03-20 16:34:15]   [200 d0*] https://www.ifi.unicamp.br/~assis/capa-A-Forca-Eletrica-de-uma-Corrente.pdf  (199 OK, 31 queued)
[2026-03-20 16:34:18]   [205 d0*] https://www.ifi.unicamp.br/~assis/Prefacio-Eletrodinamica.pdf  (204 OK, 26 queued)
[2026-03-20 16:34:20]   [210 d0*] https://www.ifi.unicamp.br/~assis/Tabela-de-Conteudo-Optica.pdf  (209 OK, 21 queued)
[2026-03-20 16:34:23]   [215 d0*] https://www.ifi.unicamp.br/~assis/Errata-Weber-in-English-Vol-1.pdf  (214 OK, 16 queued)
[2026-03-20 16:34:25]   [220 d0*] https://www.ifi.unicamp.br/~assis/papers.htm  (219 OK, 11 queued)
[2026-03-20 16:34:25]     +200 links (431 total known)
[2026-03-20 16:34:28]   [225 d0*] https://www.ifi.unicamp.br/~assis/Boletim-Eletronico-SBMAC(1999).pdf  (224 OK, 206 queued)
[2026-03-20 16:34:30]   [230 d0*] https://www.ifi.unicamp.br/~assis/Proc-NPA18-p36-39(2011)-German.pdf  (229 OK, 201 queued)
[2026-03-20 16:34:33]   [235 d0*] https://www.ifi.unicamp.br/~assis/Errata-Found-Phys-V29-p729-753(1999).pdf  (234 OK, 196 queued)
[2026-03-20 16:34:35]   [240 d0*] https://www.ifi.unicamp.br/~assis/Cad-Bras-Ens-Fis-V22-p95-104(2005).pdf  (239 OK, 191 queued)
[2026-03-20 16:34:38]   [245 d0*] https://www.ifi.unicamp.br/~assis/Brazilian-Journal-Physics-V34-p1738-1744(2004).pdf  (244 OK, 186 queued)
[2026-03-20 16:34:40]   [250 d0*] https://www.ifi.unicamp.br/~assis/Natal-p191-192(1999).pdf  (249 OK, 181 queued)
[2026-03-20 16:34:43]   [255 d0*] https://www.ifi.unicamp.br/~assis/motor-de-Ampere.pdf  (254 OK, 176 queued)
[2026-03-20 16:34:45]   [260 d0*] https://www.ifi.unicamp.br/~assis/Revista-Physicae-V1-p55-56(2000).pdf  (259 OK, 171 queued)
[2026-03-20 16:34:48]   [265 d0*] https://www.ifi.unicamp.br/~assis/21st-Century-V15-p40-48(2002).pdf  (264 OK, 166 queued)
[2026-03-20 16:34:50]   [270 d0*] https://www.ifi.unicamp.br/~assis/Annales-Fond-Louis-de-Broglie-V44-p111-123(2019).pdf  (269 OK, 161 queued)
[2026-03-20 16:34:53]   [275 d0*] https://www.ifi.unicamp.br/~assis/Revista-SBHC-V12-p3-18(1994).pdf  (274 OK, 156 queued)
[2026-03-20 16:34:56]   [280 d0*] https://www.ifi.unicamp.br/~assis/Revista-SBHC-V5-p53-59(1991).pdf  (279 OK, 151 queued)
[2026-03-20 16:34:58]   [285 d0*] https://www.ifi.unicamp.br/~assis/Episteme-V3-p7-15(1998).pdf  (284 OK, 146 queued)
[2026-03-20 16:35:01]   [290 d0*] https://www.ifi.unicamp.br/~assis/Am-J-Phys-V88-p1140-1144(2020).pdf  (289 OK, 141 queued)
[2026-03-20 16:35:03]   [295 d0*] https://www.ifi.unicamp.br/~assis/Proc-XXIII-ENFPC-P163(2002).pdf  (294 OK, 136 queued)
[2026-03-20 16:35:06]   [300 d0*] https://www.ifi.unicamp.br/~assis/Astrophys-Space-Sci-V227-p13-24(1995).pdf  (299 OK, 131 queued)
[2026-03-20 16:35:08]   [305 d0*] https://www.ifi.unicamp.br/~assis/Hadronic-J-V13-p441-451(1990).pdf  (304 OK, 126 queued)
[2026-03-20 16:35:11]   [310 d0*] https://www.ifi.unicamp.br/~assis/Cad-Bras-Ens-Fis-V26-p441-459(2009).pdf  (309 OK, 121 queued)
[2026-03-20 16:35:13]   [315 d0*] https://www.ifi.unicamp.br/~assis/Proc-Galileo-Back-Italy-II-p23-36(2000).pdf  (314 OK, 116 queued)
[2026-03-20 16:35:16]   [320 d0*] https://www.ifi.unicamp.br/~assis/Revista-Educar-Mais-V3-p202-218(2019).pdf  (319 OK, 111 queued)
[2026-03-20 16:35:18]   [325 d0*] https://www.ifi.unicamp.br/~assis/errata-Weber_1846.pdf  (324 OK, 106 queued)
[2026-03-20 16:35:21]   [330 d0*] https://www.ifi.unicamp.br/~assis/Physica-Scripta-V78-015403(2008).pdf  (329 OK, 101 queued)
[2026-03-20 16:35:23]   [335 d0*] https://www.ifi.unicamp.br/~assis/Oscillatory-Motion-p129-143(1996).pdf  (334 OK, 96 queued)
[2026-03-20 16:35:26]   [340 d0*] https://www.ifi.unicamp.br/~assis/Revista-Facultad-Ingenieria-(Chile)-V7-p49-55(2000).pdf  (339 OK, 91 queued)
[2026-03-20 16:35:28]   [345 d0*] https://www.ifi.unicamp.br/~assis/Found-Phys-V26-p271-283(1996).pdf  (344 OK, 86 queued)
[2026-03-20 16:35:31]   [350 d0*] https://www.ifi.unicamp.br/~assis/Science-and-Education-V23-p707-710(2014).pdf  (349 OK, 81 queued)
[2026-03-20 16:35:33]   [355 d0*] https://www.ifi.unicamp.br/~assis/Errata-Am-J-Phys-V88-p1140-1144(2020).pdf  (354 OK, 76 queued)
[2026-03-20 16:35:36]   [360 d0*] https://www.ifi.unicamp.br/~assis/Weber-Law-Mach-Principle-p159-171(1995).pdf  (359 OK, 71 queued)
[2026-03-20 16:35:38]   [365 d0*] https://www.ifi.unicamp.br/~assis/Cad-Bras-Ens-Fis-V28-p152-204(2011).pdf  (364 OK, 66 queued)
[2026-03-20 16:35:41]   [370 d0*] https://www.ifi.unicamp.br/~assis/The-multiple-definitions-of-field-in-the-context-of-electromagnetism(2008).pdf  (369 OK, 61 queued)
[2026-03-20 16:35:44]   [375 d0*] https://www.ifi.unicamp.br/~assis/Unipolar-Induction-Weber-Law-p409-414(1994).pdf  (374 OK, 56 queued)
[2026-03-20 16:35:46]   [380 d0*] https://www.ifi.unicamp.br/~assis/Cad-Bras-Ens-Fis-V29-p1015-1029(2012).pdf  (379 OK, 51 queued)
[2026-03-20 16:35:49]   [385 d0*] https://www.ifi.unicamp.br/~assis/Phys-Rev-E-V62-p7544(2000).pdf  (384 OK, 46 queued)
[2026-03-20 16:35:51]   [390 d0*] https://www.ifi.unicamp.br/~assis/IEEE-Trans-Circuits-Systems-I-V47-p63-66(2000).pdf  (389 OK, 41 queued)
[2026-03-20 16:35:54]   [395 d0*] https://www.ifi.unicamp.br/~assis/Annales-Fond-Louis-de-Broglie-V32-p117-120(2007)-German.pdf  (393 OK, 36 queued)
[2026-03-20 16:35:57]   [400 d0*] https://www.ifi.unicamp.br/~assis/Int-J-Math-Educ-Sci-Technol-V22-p555-562(1991).pdf  (398 OK, 31 queued)
[2026-03-20 16:36:00]   [405 d0*] https://www.ifi.unicamp.br/~assis/Sudhoffs-Archiv-V88-p10-31(2004).pdf  (403 OK, 26 queued)
[2026-03-20 16:36:02]   [410 d0*] https://www.ifi.unicamp.br/~assis/Revista-Bras-Ens-Fis-V29-p65-70(2007).pdf  (408 OK, 21 queued)
[2026-03-20 16:36:05]   [415 d0*] https://www.ifi.unicamp.br/~assis/Action-at-a-Distance-p45-56(1999).pdf  (413 OK, 16 queued)
[2026-03-20 16:36:07]   [420 d0*] https://www.ifi.unicamp.br/~assis/Can-J-Phys-V81-p1239-1242(2003).pdf  (418 OK, 11 queued)
[2026-03-20 16:36:10]   [425 d0*] https://www.ifi.unicamp.br/~assis/Douglas-Soares-da-Silva(2006).pdf  (423 OK, 32 queued)
[2026-03-20 16:36:12]   [430 d0*] https://www.ifi.unicamp.br/~assis/cirolinobellan.pdf  (428 OK, 27 queued)
[2026-03-20 16:36:15]   [435 d0*] https://www.ifi.unicamp.br/~assis/Alexandre-Rodrigues(2005).pdf  (433 OK, 22 queued)
[2026-03-20 16:36:17]   [440 d0*] https://www.ifi.unicamp.br/~assis/emelygirondossantos.pdf  (438 OK, 17 queued)
[2026-03-20 16:36:20]   [445 d0*] https://www.ifi.unicamp.br/~assis/tese-Joao-Paulo.pdf  (443 OK, 12 queued)
[2026-03-20 16:36:32] Generating index...
[2026-03-20 16:36:32] Index: 448 files
[2026-03-20 16:36:32]   .pdf: 391
[2026-03-20 16:36:32]   .jpg: 42
[2026-03-20 16:36:32]   .htm: 7
[2026-03-20 16:36:32]   .html: 3
[2026-03-20 16:36:32]   .mp3: 2
[2026-03-20 16:36:32]   .jpeg: 2
[2026-03-20 16:36:32]   .wav: 1
[2026-03-20 16:36:32] 
============================================================
[2026-03-20 16:36:32] LIVE MIRROR COMPLETE
[2026-03-20 16:36:32] Downloaded: 457, OK: 448, Failed: 9
[2026-03-20 16:36:32] Total URLs seen: 457
[2026-03-20 16:36:32] ============================================================
[2026-03-20 16:36:32] 
Next step: fe-ingest.sh /Users/esaruoho/work/merlib-mirror/sites/www.ifi.unicamp.br
