[2026-04-20 21:47:28] ============================================================
[2026-04-20 21:47:28] LIVE MIRROR: meyl.eu
[2026-04-20 21:47:28] Seed: https://meyl.eu
[2026-04-20 21:47:28] Seed path: /
[2026-04-20 21:47:28] Max link depth: 5
[2026-04-20 21:47:28] Output: /Users/esaruoho/work/merlib-mirror/sites/meyl.eu
[2026-04-20 21:47:28] ============================================================
[2026-04-20 21:47:28] Crawling / (download-as-you-go)...
[2026-04-20 21:47:28]   [1 d0*] https://meyl.eu  (1 OK, 0 queued)
[2026-04-20 21:47:29] Generating index...
[2026-04-20 21:47:29] Index: 1 files
[2026-04-20 21:47:29]   .html: 1
[2026-04-20 21:47:29] 
============================================================
[2026-04-20 21:47:29] LIVE MIRROR COMPLETE
[2026-04-20 21:47:29] Downloaded: 1, OK: 1, Failed: 0
[2026-04-20 21:47:29] Total URLs seen: 1
[2026-04-20 21:47:29] ============================================================
[2026-04-20 21:47:29] 
Next step: fe-ingest.sh /Users/esaruoho/work/merlib-mirror/sites/meyl.eu
