[2026-08-13 09:45:40] ============================================================
[2026-08-13 09:45:40] LIVE MIRROR: meyl.eu
[2026-08-13 09:45:40] Seed: https://meyl.eu/go/indexb830.html
[2026-08-13 09:45:40] Seed path: /go/indexb830.html
[2026-08-13 09:45:40] Max link depth: 5
[2026-08-13 09:45:40] Path filter: '/go/indexb830.html' (links not containing this are dropped)
[2026-08-13 09:45:40] Output: /Users/esaruoho/work/merlib-mirror/sites/meyl.eu
[2026-08-13 09:45:40] ============================================================
[2026-08-13 09:45:40] Crawling /go/indexb830.html (download-as-you-go)...
[2026-08-13 09:45:40]   [1 d0*] https://meyl.eu/go/indexb830.html  (1 OK, 0 queued)
[2026-08-13 09:45:40]     +1 links (32 total known)
[2026-08-13 09:45:40]   [2 d0*] https://meyl.eu/go/indexb830.html?dir=10_Home&page=1&sublevel=0  (2 OK, 0 queued)
[2026-08-13 09:45:41] WordPress PDF extraction: found 62 PDF(s)
[2026-08-13 09:46:51]   PDFs: 0 downloaded, 37 cached, 25 failed
/Users/esaruoho/work/merlib-mirror/mirror.py:827: DeprecationWarning: datetime.datetime.utcnow() is deprecated and scheduled for removal in a future version. Use timezone-aware objects to represent datetimes in UTC: datetime.datetime.now(datetime.UTC).
  f.write(f"# Generated: {datetime.utcnow().strftime('%Y-%m-%dT%H:%M:%SZ')}\n\n")
[2026-08-13 09:46:51]   Missing PDFs list: /Users/esaruoho/work/merlib-mirror/sites/meyl.eu/_missing_pdfs.txt
/Users/esaruoho/work/merlib-mirror/mirror.py:1005: DeprecationWarning: datetime.datetime.utcnow() is deprecated and scheduled for removal in a future version. Use timezone-aware objects to represent datetimes in UTC: datetime.datetime.now(datetime.UTC).
  lines.append(f"mirror_date: {datetime.datetime.utcnow().strftime('%Y-%m-%dT%H:%M:%SZ')}")
[2026-08-13 09:46:51] Generating index...
[2026-08-13 09:46:51] Index: 176 files
[2026-08-13 09:46:51]   .jpg: 73
[2026-08-13 09:46:51]   .pdf: 39
[2026-08-13 09:46:51]   .html: 36
[2026-08-13 09:46:51]   .png: 12
[2026-08-13 09:46:51]   .gif: 3
[2026-08-13 09:46:51]   .ico: 1
[2026-08-13 09:46:51]   .html__dir%3d85_about%26page%3d1%26sublevel%3d0: 1
[2026-08-13 09:46:51]   .html__dir%3d50_experimental%26page%3d1%26sublevel%3d0: 1
[2026-08-13 09:46:51]   .html__dir%3d15_events%26page%3d1%26sublevel%3d0: 1
[2026-08-13 09:46:51]   .html__dir%3d80_meyl%26page%3d1%26sublevel%3d0: 1
[2026-08-13 09:46:51]   .html__dir%3d90_contact%26page%3d1%26sublevel%3d0: 1
[2026-08-13 09:46:51]   .html__dir%3d55_shop%26page%3d1%26sublevel%3d0: 1
[2026-08-13 09:46:51]   .html__dir%3d45_videos-on-demand%26page%3d1%26sublevel%3d0: 1
[2026-08-13 09:46:51]   .html__dir%3d10_home%26page%3d1%26sublevel%3d0: 1
[2026-08-13 09:46:51]   .html__dir%3d47_papers%26page%3d1%26sublevel%3d0: 1
[2026-08-13 09:46:51] 
============================================================
[2026-08-13 09:46:51] LIVE MIRROR COMPLETE
[2026-08-13 09:46:51] Downloaded: 2, OK: 2, Failed: 0
[2026-08-13 09:46:51] Total URLs seen: 32
[2026-08-13 09:46:51] ============================================================
[2026-08-13 09:46:51] 
Next step: fe-ingest.sh /Users/esaruoho/work/merlib-mirror/sites/meyl.eu
site_to_paper: meyl.eu — 36 HTML page(s)
site_to_paper: entry=index.html · reachable=1 · unreached=35
site_to_paper: wrote /Users/esaruoho/work/merlib-mirror/sites/meyl.eu/_paper/meyl.eu-CONSOLIDATED.md (151,249 chars from 36 pages)
site_to_paper: wrote 36 per-page markdown files to /Users/esaruoho/work/merlib-mirror/sites/meyl.eu/_paper/pages
site_to_allpages: meyl.eu — 36 page(s), entry=index.html, reachable=1, orphans=35
site_to_allpages: wrote /Users/esaruoho/work/merlib-mirror/sites/meyl.eu/_paper/allpages.html (357,743 chars, 36 pages, 473 internal links → anchors, 266 asset paths fixed)
site_to_allpages: 1 page(s) had no body (frameset/redirect): index.html
site_to_allpages: weasyprint not found — skipping PDF (install it, or open allpages.html and ⌘P → Save as PDF)
