[2026-07-29 16:49:57] ============================================================
[2026-07-29 16:49:57] LIVE MIRROR: www.radiondistics.com
[2026-07-29 16:49:57] Seed: https://www.radiondistics.com/
[2026-07-29 16:49:57] Seed path: /
[2026-07-29 16:49:57] Max link depth: 5
[2026-07-29 16:49:57] Output: /Users/esaruoho/work/merlib-mirror/sites/www.radiondistics.com
[2026-07-29 16:49:57] ============================================================
[2026-07-29 16:49:57] Crawling / (download-as-you-go)...
[2026-07-29 16:49:58]   [1 d0*] https://www.radiondistics.com/  (1 OK, 0 queued)
[2026-07-29 16:49:58] Generating index...
[2026-07-29 16:49:58] Index: 1 files
[2026-07-29 16:49:58]   .html: 1
[2026-07-29 16:49:58] 
============================================================
[2026-07-29 16:49:58] LIVE MIRROR COMPLETE
[2026-07-29 16:49:58] Downloaded: 1, OK: 1, Failed: 0
[2026-07-29 16:49:58] Total URLs seen: 1
[2026-07-29 16:49:58] ============================================================
[2026-07-29 16:49:58] 
Next step: fe-ingest.sh /Users/esaruoho/work/merlib-mirror/sites/www.radiondistics.com
