[2026-08-14 08:52:42] ============================================================
[2026-08-14 08:52:42] LIVE MIRROR: newphysics.se
[2026-08-14 08:52:42] Seed: http://newphysics.se
[2026-08-14 08:52:42] Seed path: /
[2026-08-14 08:52:42] Max link depth: 5
[2026-08-14 08:52:42] Output: /Users/esaruoho/work/merlib-mirror/sites/newphysics.se
[2026-08-14 08:52:42] ============================================================
[2026-08-14 08:52:43] robots.txt: honouring 2 Disallow rule(s) (MIRROR_IGNORE_ROBOTS=1 to override)
[2026-08-14 08:52:43] Crawling / (download-as-you-go)...
[2026-08-14 08:52:43]   [1 d0*] http://newphysics.se  (1 OK, 0 queued)
[2026-08-14 08:52:43]     +12 links (13 total known)
[2026-08-14 08:52:43]   [2 d0*] http://newphysics.se/research/  (2 OK, 11 queued)
[2026-08-14 08:52:43]     +5 links (18 total known)
[2026-08-14 08:52:44]   [3 d0*] http://newphysics.se/archives/maps/  (3 OK, 15 queued)
[2026-08-14 08:52:44]     +7 links (25 total known)
[2026-08-14 08:52:44]   [4 d0*] http://newphysics.se/archives/maps/waterplasma/  (4 OK, 21 queued)
[2026-08-14 08:52:44]     +1 links (26 total known)
[2026-08-14 08:52:45]   [5 d0*] http://newphysics.se/archives/maps/waterplasma/Water.gif  (5 OK, 21 queued)
[2026-08-14 08:52:45]   [6 d0*] http://newphysics.se/archives/maps/machines/  (6 OK, 20 queued)
[2026-08-14 08:52:45]     +1 links (27 total known)
[2026-08-14 08:52:46]   [7 d0*] http://newphysics.se/archives/maps/machines/Machines.gif  (7 OK, 20 queued)
[2026-08-14 08:52:47]   [8 d0*] http://newphysics.se/archives/maps/anomalies/  (8 OK, 19 queued)
[2026-08-14 08:52:47]     +1 links (28 total known)
[2026-08-14 08:52:47]   [9 d0*] http://newphysics.se/archives/maps/anomalies/Anomalies.gif  (9 OK, 19 queued)
[2026-08-14 08:52:48]   [10 d0*] http://newphysics.se/archives/other.html  (10 OK, 18 queued)
[2026-08-14 08:52:48]     +4 links (32 total known)
[2026-08-14 08:52:50]   [15 d0*] http://newphysics.se/archives/keelynet/diagrams/FOTO386.GIF  (15 OK, 88 queued)
[2026-08-14 08:52:53]   [20 d0*] http://newphysics.se/archives/keelynet/diagrams/Auraview/aura2.gif  (20 OK, 88 queued)
/Users/esaruoho/work/merlib-mirror/mirror.py:89: DeprecationWarning: datetime.datetime.utcnow() is deprecated and scheduled for removal in a future version. Use timezone-aware objects to represent datetimes in UTC: datetime.datetime.now(datetime.UTC).
  "ts_iso": datetime.datetime.utcnow().strftime("%Y-%m-%dT%H:%M:%SZ"),
[2026-08-14 08:52:55]   [25 d0*] http://newphysics.se/archives/keelynet/diagrams/AIRSHIP1.PCX  (25 OK, 83 queued)
[2026-08-14 08:52:58]   [30 d0*] http://newphysics.se/archives/keelynet/diagrams/COILBAK.GIF  (30 OK, 78 queued)
[2026-08-14 08:53:00]   [35 d0*] http://newphysics.se/archives/keelynet/diagrams/Teslapic/index.html  (35 OK, 75 queued)
[2026-08-14 08:53:03]   [40 d0*] http://newphysics.se/archives/keelynet/diagrams/Teslapic/beam4.wpg  (40 OK, 85 queued)
[2026-08-14 08:53:05]   [45 d0*] http://newphysics.se/archives/keelynet/diagrams/Teslapic/beam2.pcx  (45 OK, 80 queued)
[2026-08-14 08:53:08]   [50 d0*] http://newphysics.se/archives/keelynet/diagrams/Teslapic/beam5.pcx  (50 OK, 75 queued)
[2026-08-14 08:53:10]   [55 d0*] http://newphysics.se/archives/keelynet/diagrams/Transgif/index.html  (55 OK, 70 queued)
[2026-08-14 08:53:13]   [60 d0*] http://newphysics.se/archives/keelynet/diagrams/Transgif/fig_c.gif  (60 OK, 70 queued)
[2026-08-14 08:53:15]   [65 d0*] http://newphysics.se/archives/keelynet/diagrams/Brnpics/readme.txt  (65 OK, 70 queued)
[2026-08-14 08:53:18]   [70 d0*] http://newphysics.se/archives/keelynet/diagrams/Hydegif/index.html  (70 OK, 65 queued)
[2026-08-14 08:53:18]     +7 links (142 total known)
[2026-08-14 08:53:20]   [75 d0*] http://newphysics.se/archives/keelynet/diagrams/Hydegif/fig2.gif  (75 OK, 67 queued)
[2026-08-14 08:53:23]   [80 d0*] http://newphysics.se/archives/keelynet/diagrams/RADNRG.GIF  (80 OK, 62 queued)
[2026-08-14 08:53:25]   [85 d0*] http://newphysics.se/archives/keelynet/diagrams/N_MACH2.GIF  (85 OK, 57 queued)
[2026-08-14 08:53:28]   [90 d0*] http://newphysics.se/archives/keelynet/diagrams/Brngif2/brn2a.gif  (90 OK, 55 queued)
[2026-08-14 08:53:30]   [95 d0*] http://newphysics.se/archives/keelynet/diagrams/Statika/driver.sys  (95 OK, 57 queued)
[2026-08-14 08:53:33]   [100 d0*] http://newphysics.se/archives/keelynet/diagrams/Statika/demo1.bat  (100 OK, 52 queued)
[2026-08-14 08:53:35]   [105 d0*] http://newphysics.se/archives/keelynet/diagrams/GARFIG4.GIF  (105 OK, 47 queued)
[2026-08-14 08:53:38]   [110 d0*] http://newphysics.se/archives/keelynet/diagrams/Clem2/clem1.txt  (110 OK, 44 queued)
[2026-08-14 08:53:40]   [115 d0*] http://newphysics.se/archives/keelynet/diagrams/Meyer/index.html  (115 OK, 41 queued)
[2026-08-14 08:53:43]   [120 d0*] http://newphysics.se/archives/keelynet/diagrams/Meyer/hy961f1.gif  (120 OK, 44 queued)
[2026-08-14 08:53:45]   [125 d0*] http://newphysics.se/archives/keelynet/diagrams/TESLAFE1.GIF  (125 OK, 39 queued)
[2026-08-14 08:53:48]   [130 d0*] http://newphysics.se/archives/keelynet/diagrams/ML_30KW.GIF  (130 OK, 34 queued)
[2026-08-14 08:53:51]   [135 d0*] http://newphysics.se/archives/keelynet/ecology/index.html  (135 OK, 29 queued)
[2026-08-14 08:53:53]   [140 d0*] http://newphysics.se/archives/keelynet/ecology/usa2001.txt  (140 OK, 42 queued)
[2026-08-14 08:53:56]   [145 d0*] http://newphysics.se/archives/keelynet/ecology/elecwind.txt  (145 OK, 37 queued)
[2026-08-14 08:53:58]   [150 d0*] http://newphysics.se/archives/keelynet/ecology/cleanair.txt  (150 OK, 32 queued)
[2026-08-14 08:54:01]   [155 d0*] http://newphysics.se/archives/keelynet/gravity/aero2.txt  (155 OK, 116 queued)
[2026-08-14 08:54:04]   [160 d0*] http://newphysics.se/archives/keelynet/gravity/philad1.txt  (160 OK, 111 queued)
[2026-08-14 08:54:06]   [165 d0*] http://newphysics.se/archives/keelynet/gravity/grav2.txt  (165 OK, 106 queued)
[2026-08-14 08:54:09]   [170 d0*] http://newphysics.se/archives/keelynet/gravity/grav9.txt  (170 OK, 101 queued)
[2026-08-14 08:54:11]   [175 d0*] http://newphysics.se/archives/keelynet/gravity/gravity9.txt  (175 OK, 96 queued)
[2026-08-14 08:54:14]   [180 d0*] http://newphysics.se/archives/keelynet/gravity/sat1.txt  (180 OK, 91 queued)
[2026-08-14 08:54:16]   [185 d0*] http://newphysics.se/archives/keelynet/gravity/ball1.txt  (185 OK, 86 queued)
[2026-08-14 08:54:19]   [190 d0*] http://newphysics.se/archives/keelynet/gravity/matrixag.txt  (190 OK, 81 queued)
[2026-08-14 08:54:21]   [195 d0*] http://newphysics.se/archives/keelynet/gravity/grav6.txt  (195 OK, 76 queued)
[2026-08-14 08:54:24]   [200 d0*] http://newphysics.se/archives/keelynet/gravity/antigrv1.txt  (200 OK, 71 queued)
[2026-08-14 08:54:26]   [205 d0*] http://newphysics.se/archives/keelynet/gravity/torch.txt  (205 OK, 66 queued)
[2026-08-14 08:54:29]   [210 d0*] http://newphysics.se/archives/keelynet/gravity/grav7.txt  (210 OK, 61 queued)
[2026-08-14 08:54:31]   [215 d0*] http://newphysics.se/archives/keelynet/gravity/nipperep.txt  (215 OK, 56 queued)
[2026-08-14 08:54:34]   [220 d0*] http://newphysics.se/archives/keelynet/gravity/t-brown1.txt  (220 OK, 51 queued)
[2026-08-14 08:54:36]   [225 d0*] http://newphysics.se/archives/keelynet/gravity/nazi1.txt  (225 OK, 46 queued)
[2026-08-14 08:54:39]   [230 d0*] http://newphysics.se/archives/keelynet/gravity/aero4.txt  (230 OK, 41 queued)
[2026-08-14 08:54:42]   [235 d0*] http://newphysics.se/archives/keelynet/gravity/wright1.txt  (235 OK, 36 queued)
[2026-08-14 08:54:44]   [240 d0*] http://newphysics.se/archives/keelynet/gravity/aero8.txt  (240 OK, 31 queued)
[2026-08-14 08:54:47]   [245 d0*] http://newphysics.se/archives/keelynet/contact/extra.txt  (245 OK, 41 queued)
[2026-08-14 08:54:49]   [250 d0*] http://newphysics.se/archives/keelynet/contact/ians93.txt  (250 OK, 36 queued)
[2026-08-14 08:54:52]   [255 d0*] http://newphysics.se/archives/keelynet/contact/iecec92.txt  (255 OK, 31 queued)
[2026-08-14 08:54:54]   [260 d0*] http://newphysics.se/archives/keelynet/flanagan/index.html  (260 OK, 26 queued)
[2026-08-14 08:54:54]     +1 links (287 total known)
[2026-08-14 08:54:57]   [265 d0*] http://newphysics.se/archives/keelynet/Keely/rfp1.txt  (265 OK, 65 queued)
[2026-08-14 08:54:59]   [270 d0*] http://newphysics.se/archives/keelynet/Keely/airship3.txt  (270 OK, 60 queued)
[2026-08-14 08:55:02]   [275 d0*] http://newphysics.se/archives/keelynet/Keely/ketok.txt  (275 OK, 55 queued)
[2026-08-14 08:55:04]   [280 d0*] http://newphysics.se/archives/keelynet/Keely/klyanec1.txt  (280 OK, 50 queued)
[2026-08-14 08:55:07]   [285 d0*] http://newphysics.se/archives/keelynet/Keely/klybrain.txt  (285 OK, 45 queued)
[2026-08-14 08:55:09]   [290 d0*] http://newphysics.se/archives/keelynet/Keely/veda1.txt  (290 OK, 40 queued)
[2026-08-14 08:55:12]   [295 d0*] http://newphysics.se/archives/keelynet/Keely/klymot1.txt  (295 OK, 35 queued)
[2026-08-14 08:55:14]   [300 d0*] http://newphysics.se/archives/keelynet/Keely/airship4.txt  (300 OK, 30 queued)
[2026-08-14 08:55:17]   [305 d0*] http://newphysics.se/archives/keelynet/Keely/rev1.txt  (305 OK, 25 queued)
[2026-08-14 08:55:19]   [310 d0*] http://newphysics.se/archives/keelynet/pd/index.html  (310 OK, 23 queued)
[2026-08-14 08:55:19]     +1 links (334 total known)
[2026-08-14 08:55:22]   [315 d0*] http://newphysics.se/archives/keelynet/energy/fuelvapr.txt  (315 OK, 195 queued)
[2026-08-14 08:55:25]   [320 d0*] http://newphysics.se/archives/keelynet/energy/dpalma6.txt  (320 OK, 190 queued)
[2026-08-14 08:55:27]   [325 d0*] http://newphysics.se/archives/keelynet/energy/rosen1.txt  (325 OK, 185 queued)
[2026-08-14 08:55:30]   [330 d0*] http://newphysics.se/archives/keelynet/energy/garfig4.gif  (330 OK, 180 queued)
[2026-08-14 08:55:32]   [335 d0*] http://newphysics.se/archives/keelynet/energy/offgrid.txt  (335 OK, 175 queued)
[2026-08-14 08:55:35]   [340 d0*] http://newphysics.se/archives/keelynet/energy/polarize.txt  (340 OK, 170 queued)
[2026-08-14 08:55:37]   [345 d0*] http://newphysics.se/archives/keelynet/energy/clark2.txt  (345 OK, 165 queued)
[2026-08-14 08:55:40]   [350 d0*] http://newphysics.se/archives/keelynet/energy/freedef.txt  (350 OK, 160 queued)
[2026-08-14 08:55:42]   [355 d0*] http://newphysics.se/archives/keelynet/energy/magalt.txt  (355 OK, 155 queued)
[2026-08-14 08:55:45]   [360 d0*] http://newphysics.se/archives/keelynet/energy/capacitr.txt  (360 OK, 150 queued)
[2026-08-14 08:55:47]   [365 d0*] http://newphysics.se/archives/keelynet/energy/moray1.txt  (365 OK, 145 queued)
[2026-08-14 08:55:50]   [370 d0*] http://newphysics.se/archives/keelynet/energy/consvort.txt  (370 OK, 140 queued)
[2026-08-14 08:55:52]   [375 d0*] http://newphysics.se/archives/keelynet/energy/moray2.txt  (375 OK, 135 queued)
[2026-08-14 08:55:55]   [380 d0*] http://newphysics.se/archives/keelynet/energy/coilbak.txt  (380 OK, 130 queued)
[2026-08-14 08:55:57]   [385 d0*] http://newphysics.se/archives/keelynet/energy/sweet4b.txt  (385 OK, 125 queued)
[2026-08-14 08:56:00]   [390 d0*] http://newphysics.se/archives/keelynet/energy/tesla5.txt  (390 OK, 120 queued)
[2026-08-14 08:56:02]   [395 d0*] http://newphysics.se/archives/keelynet/energy/fuelcell.txt  (395 OK, 115 queued)
[2026-08-14 08:56:05]   [400 d0*] http://newphysics.se/archives/keelynet/energy/alex.txt  (400 OK, 110 queued)
[2026-08-14 08:56:07]   [405 d0*] http://newphysics.se/archives/keelynet/energy/sweet1.txt  (405 OK, 105 queued)
[2026-08-14 08:56:10]   [410 d0*] http://newphysics.se/archives/keelynet/energy/pcbeam.txt  (410 OK, 100 queued)
[2026-08-14 08:56:12]   [415 d0*] http://newphysics.se/archives/keelynet/energy/garfig3.gif  (415 OK, 95 queued)
[2026-08-14 08:56:15]   [420 d0*] http://newphysics.se/archives/keelynet/energy/leach2.txt  (420 OK, 90 queued)
[2026-08-14 08:56:18]   [425 d0*] http://newphysics.se/archives/keelynet/energy/theorybe.txt  (425 OK, 85 queued)
[2026-08-14 08:56:20]   [430 d0*] http://newphysics.se/archives/keelynet/energy/tod.txt  (430 OK, 80 queued)
[2026-08-14 08:56:23]   [435 d0*] http://newphysics.se/archives/keelynet/energy/bearesp.txt  (435 OK, 75 queued)
[2026-08-14 08:56:25]   [440 d0*] http://newphysics.se/archives/keelynet/energy/invisi1.txt  (440 OK, 70 queued)
[2026-08-14 08:56:28]   [445 d0*] http://newphysics.se/archives/keelynet/energy/kew.txt  (445 OK, 65 queued)
[2026-08-14 08:56:30]   [450 d0*] http://newphysics.se/archives/keelynet/energy/sphere1.txt  (450 OK, 60 queued)
[2026-08-14 08:56:33]   [455 d0*] http://newphysics.se/archives/keelynet/energy/entebbe.txt  (455 OK, 55 queued)
[2026-08-14 08:56:35]   [460 d0*] http://newphysics.se/archives/keelynet/energy/time2.txt  (460 OK, 50 queued)
[2026-08-14 08:56:38]   [465 d0*] http://newphysics.se/archives/keelynet/energy/moray3.txt  (465 OK, 45 queued)
[2026-08-14 08:56:40]   [470 d0*] http://newphysics.se/archives/keelynet/energy/diycf.txt  (470 OK, 40 queued)
[2026-08-14 08:56:43]   [475 d0*] http://newphysics.se/archives/keelynet/energy/jupibolt.txt  (475 OK, 35 queued)
[2026-08-14 08:56:45]   [480 d0*] http://newphysics.se/archives/keelynet/energy/moray4.txt  (480 OK, 30 queued)
[2026-08-14 08:56:48]   [485 d0*] http://newphysics.se/archives/keelynet/energy/clark10.txt  (485 OK, 25 queued)
[2026-08-14 08:56:50]   [490 d0*] http://newphysics.se/archives/keelynet/unclass/advtech2.txt  (490 OK, 65 queued)
[2026-08-14 08:56:53]   [495 d0*] http://newphysics.se/archives/keelynet/unclass/perotbus.txt  (495 OK, 60 queued)
[2026-08-14 08:56:55]   [500 d0*] http://newphysics.se/archives/keelynet/unclass/noah1.txt  (500 OK, 55 queued)
[2026-08-14 08:56:58]   [505 d0*] http://newphysics.se/archives/keelynet/unclass/boltbar.txt  (505 OK, 50 queued)
[2026-08-14 08:57:00]   [510 d0*] http://newphysics.se/archives/keelynet/unclass/pyramid3.txt  (510 OK, 45 queued)
[2026-08-14 08:57:03]   [515 d0*] http://newphysics.se/archives/keelynet/unclass/nostra1.txt  (515 OK, 40 queued)
[2026-08-14 08:57:05]   [520 d0*] http://newphysics.se/archives/keelynet/unclass/openmind.txt  (520 OK, 35 queued)
[2026-08-14 08:57:08]   [525 d0*] http://newphysics.se/archives/keelynet/unclass/vanhist1.txt  (525 OK, 30 queued)
[2026-08-14 08:57:11]   [530 d0*] http://newphysics.se/archives/keelynet/unclass/probnet.txt  (530 OK, 25 queued)
[2026-08-14 08:57:13]   [535 d0*] http://newphysics.se/archives/other_se.html  (535 OK, 20 queued)
[2026-08-14 08:57:16]   [540 d0*] http://newphysics.se/about/mailinglists.html  (540 OK, 26 queued)
[2026-08-14 08:57:16]     +1 links (567 total known)
[2026-08-14 08:57:18]   [545 d0*] http://newphysics.se/support/index_se.html  (545 OK, 22 queued)
[2026-08-14 08:57:21]   [550 d0*] http://newphysics.se/archives/fnysik/2_1/alternativ-teknik/alttek3_se.html  (550 OK, 29 queued)
[2026-08-14 08:57:21]     +9 links (589 total known)
[2026-08-14 08:57:23]   [555 d0*] http://newphysics.se/archives/fnysik/2_1/alternativ-teknik/alttek3_se_Ml.gif  (555 OK, 33 queued)
[2026-08-14 08:57:26]   [560 d0*] http://newphysics.se/archives/fnysik/2_1/alternativ-teknik/alttek2_se.html  (560 OK, 28 queued)
[2026-08-14 08:57:26]     +5 links (594 total known)
[2026-08-14 08:57:28]   [565 d0*] http://newphysics.se/archives/fnysik/2_1/alternativ-teknik/alttek2_se_polvac.GIF  (565 OK, 28 queued)
[2026-08-14 08:57:31]   [570 d0*] http://newphysics.se/archives/fnysik/2_2/index.html  (570 OK, 28 queued)
[2026-08-14 08:57:31]     +1 links (600 total known)
[2026-08-14 08:57:33]   [575 d0*] http://newphysics.se/archives/fnysik/3_1/dowsing/index_figure1.gif  (575 OK, 29 queued)
[2026-08-14 08:57:36]   [580 d0*] http://newphysics.se/archives/fnysik/3_1/kelvin/index_waterbeh.jpg  (580 OK, 31 queued)
[2026-08-14 08:57:38]   [585 d0*] http://newphysics.se/archives/fnysik/2_1/schauberger/index_livener.JPG  (585 OK, 32 queued)
[2026-08-14 08:57:41]   [590 d0*] http://newphysics.se/archives/fnysik/2_1/schauberger/index_virvtrad.GIF  (590 OK, 27 queued)
[2026-08-14 08:57:43]   [595 d0*] http://newphysics.se/archives/fnysik/1_2/livselement/index_se.html  (595 OK, 30 queued)
[2026-08-14 08:57:46]   [600 d0*] http://newphysics.se/archives/fnysik/1_2/vattenrening/index_se_malmogrp-virvel.gif  (600 OK, 28 queued)
[2026-08-14 08:57:49]   [605 d0*] http://newphysics.se/archives/fnysik/1_2/symposium/index_se_symp-casimirpinch.gif  (605 OK, 29 queued)
[2026-08-14 08:57:51]   [610 d0*] http://newphysics.se/archives/fnysik/2_1/schauberger/index_se_Viktorsml.GIF  (610 OK, 29 queued)
[2026-08-14 08:57:54]   [615 d0*] http://newphysics.se/archives/fnysik/1_2/index_se.html  (615 OK, 24 queued)
[2026-08-14 08:57:56]   [620 d0*] http://newphysics.se/archives/fnysik/  (620 OK, 19 queued)
[2026-08-14 08:57:59]   [625 d0*] http://newphysics.se/archives/old-archive/quantum-mechanics/?C=S;O=D  (625 OK, 33 queued)
[2026-08-14 08:58:01]   [630 d0*] http://newphysics.se/archives/old-archive/icons/ra30.gif  (630 OK, 36 queued)
[2026-08-14 08:58:04]   [635 d0*] http://newphysics.se/archives/old-archive/quantum-mechanics/  (634 OK, 31 queued)
[2026-08-14 08:58:07]   [640 d0*] http://newphysics.se/archives/old-archive/quantum-mechanics/?C=M;O=D  (638 OK, 27 queued)
[2026-08-14 08:58:10]   [645 d0*] http://newphysics.se/archives/old-archive/electromagnetism/?C=S;O=A  (641 OK, 35 queued)
[2026-08-14 08:58:13]   [650 d0*] http://newphysics.se/archives/old-archive/electromagnetism/searl/?C=D;O=A  (646 OK, 38 queued)
[2026-08-14 08:58:13]     +2 links (691 total known)
[2026-08-14 08:58:15]   [655 d0*] http://newphysics.se/archives/old-archive/electromagnetism/  (651 OK, 36 queued)
[2026-08-14 08:58:18]   [660 d0*] http://newphysics.se/archives/old-archive/electromagnetism/?C=D;O=A  (656 OK, 32 queued)
[2026-08-14 08:58:18]     +1 links (694 total known)
[2026-08-14 08:58:20]   [665 d0*] http://newphysics.se/archives/old-archive/electromagnetism/biological-effects/?C=D;O=A  (661 OK, 34 queued)
[2026-08-14 08:58:23]   [670 d0*] http://newphysics.se/archives/old-archive/electromagnetism/biological-effects/?C=M;O=D  (666 OK, 32 queued)
[2026-08-14 08:58:26]   [675 d0*] http://newphysics.se/archives/old-archive/electromagnetism/ball-lightning/?C=M;O=D  (671 OK, 36 queued)
[2026-08-14 08:58:28]   [680 d0*] http://newphysics.se/archives/old-archive/electromagnetism/ball-lightning/?C=D;O=A  (676 OK, 31 queued)
[2026-08-14 08:58:28]     +1 links (713 total known)
[2026-08-14 08:58:31]   [685 d0*] http://newphysics.se/archives/old-archive/electromagnetism/diverse/sci.physics.electromagFAQPart2of2.txt  (681 OK, 41 queued)
[2026-08-14 08:58:33]   [690 d0*] http://newphysics.se/archives/old-archive/electromagnetism/diverse/REROTATI.txt  (686 OK, 36 queued)
[2026-08-14 08:58:36]   [695 d0*] http://newphysics.se/archives/old-archive/electromagnetism/diverse/?C=M;O=D  (691 OK, 33 queued)
[2026-08-14 08:58:38]   [700 d0*] http://newphysics.se/archives/old-archive/electromagnetism/diverse/?C=S;O=D  (696 OK, 30 queued)
[2026-08-14 08:58:41]   [705 d0*] http://newphysics.se/archives/old-archive/electromagnetism/hooper/?C=S;O=A  (701 OK, 31 queued)
[2026-08-14 08:58:43]   [710 d0*] http://newphysics.se/archives/old-archive/electromagnetism/hooper/?C=M;O=A  (706 OK, 29 queued)
[2026-08-14 08:58:43]     +1 links (741 total known)
[2026-08-14 08:58:46]   [715 d0*] http://newphysics.se/archives/old-archive/electromagnetism/gravitation/ElectrograviticsList.txt  (711 OK, 33 queued)
[2026-08-14 08:58:48]   [720 d0*] http://newphysics.se/archives/old-archive/electromagnetism/gravitation/ThePhiladelphiaExperiment.txt  (716 OK, 28 queued)
[2026-08-14 08:58:51]   [725 d0*] http://newphysics.se/archives/old-archive/electromagnetism/?C=M;O=A  (721 OK, 25 queued)
[2026-08-14 08:58:55]   [730 d0*] http://newphysics.se/archives/maps  (724 OK, 24 queued)
[2026-08-14 08:58:55]     +4 links (759 total known)
[2026-08-14 08:58:58]   [735 d0*] http://newphysics.se/archives/old-archive/diverse  (725 OK, 23 queued)
[2026-08-14 08:59:00]   [740 d0*] http://newphysics.se/archives/old-archive/diverse/?C=N;O=D  (730 OK, 26 queued)
[2026-08-14 08:59:03]   [745 d0*] http://newphysics.se/archives/old-archive/diverse/?C=D;O=D  (735 OK, 23 queued)
[2026-08-14 08:59:05]   [750 d0*] http://newphysics.se/archives/old-archive/free-energy/  (740 OK, 38 queued)
[2026-08-14 08:59:08]   [755 d0*] http://newphysics.se/archives/old-archive/free-energy/transmutation/?C=M;O=A  (745 OK, 35 queued)
[2026-08-14 08:59:10]   [760 d0*] http://newphysics.se/archives/old-archive/free-energy/?C=N;O=A  (750 OK, 34 queued)
[2026-08-14 08:59:13]   [765 d0*] http://newphysics.se/archives/old-archive/free-energy/Hyde/  (755 OK, 30 queued)
[2026-08-14 08:59:15]   [770 d0*] http://newphysics.se/archives/old-archive/free-energy/Hyde/?C=M;O=D  (760 OK, 40 queued)
[2026-08-14 08:59:18]   [775 d0*] http://newphysics.se/archives/old-archive/free-energy/Hyde/FIG2.GIF  (765 OK, 35 queued)
[2026-08-14 08:59:20]   [780 d0*] http://newphysics.se/archives/old-archive/free-energy/Hyde/?C=D;O=A  (770 OK, 31 queued)
[2026-08-14 08:59:20]     +1 links (813 total known)
[2026-08-14 08:59:23]   [785 d0*] http://newphysics.se/archives/old-archive/free-energy/Bailey/  (775 OK, 28 queued)
[2026-08-14 08:59:26]   [790 d0*] http://newphysics.se/archives/old-archive/free-energy/JosephNewman/  (780 OK, 25 queued)
[2026-08-14 08:59:26]     +21 links (837 total known)
[2026-08-14 08:59:28]   [795 d0*] http://newphysics.se/archives/old-archive/free-energy/JosephNewman/newman.nafta.02.txt  (785 OK, 41 queued)
[2026-08-14 08:59:31]   [800 d0*] http://newphysics.se/archives/old-archive/free-energy/JosephNewman/newman.test.01.txt  (790 OK, 36 queued)
[2026-08-14 08:59:33]   [805 d0*] http://newphysics.se/archives/old-archive/free-energy/JosephNewman/newman.lydick.01.txt  (795 OK, 31 queued)
[2026-08-14 08:59:36]   [810 d0*] http://newphysics.se/archives/old-archive/free-energy/JosephNewman/newman.book.01.txt  (800 OK, 26 queued)
[2026-08-14 08:59:38]   [815 d0*] http://newphysics.se/archives/old-archive/free-energy/Bearden/Additional_Info_on_the_Secret_of_Free_Energy/?C=S;O=D  (805 OK, 45 queued)
[2026-08-14 08:59:41]   [820 d0*] http://newphysics.se/archives/old-archive/free-energy/Bearden/Additional_Info_on_the_Secret_of_Free_Energy/?C=D;O=D  (810 OK, 42 queued)
[2026-08-14 08:59:43]   [825 d0*] http://newphysics.se/archives/old-archive/free-energy/Bearden/NoringsForewordToAdditionalInfo.txt  (815 OK, 37 queued)
[2026-08-14 08:59:46]   [830 d0*] http://newphysics.se/archives/old-archive/free-energy/Bearden/beard14/?C=N;O=A  (820 OK, 39 queued)
[2026-08-14 08:59:48]   [835 d0*] http://newphysics.se/archives/old-archive/free-energy/Bearden/beard14/?C=S;O=A  (824 OK, 35 queued)
[2026-08-14 08:59:51]   [840 d0*] http://newphysics.se/archives/old-archive/free-energy/Bearden/Redefinition_of_Energy_Ansatz/?C=N;O=A  (829 OK, 42 queued)
[2026-08-14 08:59:53]   [845 d0*] http://newphysics.se/archives/old-archive/free-energy/Bearden/Redefinition_of_Energy_Ansatz/?C=D;O=D  (834 OK, 39 queued)
[2026-08-14 08:59:56]   [850 d0*] http://newphysics.se/archives/old-archive/free-energy/Bearden/Redefinition_of_Energy_Ansatz/FIG2.GIF  (839 OK, 35 queued)
[2026-08-14 08:59:59]   [855 d0*] http://newphysics.se/archives/old-archive/free-energy/Bearden/Practical_Overunity_Electrical_Device/?C=S;O=A  (843 OK, 38 queued)
[2026-08-14 09:00:01]   [860 d0*] http://newphysics.se/archives/old-archive/free-energy/Bearden/Practical_Overunity_Electrical_Device/COMMENT.TXT  (848 OK, 36 queued)
[2026-08-14 09:00:04]   [865 d0*] http://newphysics.se/archives/old-archive/free-energy/Bearden/Practical_Overunity_Electrical_Device/?C=D;O=D  (853 OK, 32 queued)
[2026-08-14 09:00:06]   [870 d0*] http://newphysics.se/archives/old-archive/free-energy/Bearden/OnATestable  (856 OK, 29 queued)
[2026-08-14 09:00:06]     +10 links (910 total known)
[2026-08-14 09:00:09]   [875 d0*] http://newphysics.se/archives/old-archive/free-energy/Bearden/OnATestable/beard1.txt  (861 OK, 36 queued)
[2026-08-14 09:00:12]   [880 d0*] http://newphysics.se/archives/old-archive/free-energy/Bearden/OnATestable/fig1.gif  (866 OK, 31 queued)
[2026-08-14 09:00:14]   [885 d0*] http://newphysics.se/archives/old-archive/free-energy/Bearden/Interview-in-Megabrain-Report.txt  (871 OK, 28 queued)
[2026-08-14 09:00:17]   [890 d0*] http://newphysics.se/archives/old-archive/free-energy/Bearden/Old_and_PostScript_versions/?C=N;O=A  (876 OK, 30 queued)
[2026-08-14 09:00:19]   [895 d0*] http://newphysics.se/archives/old-archive/free-energy/Bearden/Old_and_PostScript_versions/AdditionalInfoOnSecretOfFreeEnergy.txt  (881 OK, 27 queued)
[2026-08-14 09:00:22]   [900 d0*] http://newphysics.se/archives/old-archive/free-energy/Bearden/The_Final_Secret_of_Free_Energy_with_Comment/?C=S;O=A  (886 OK, 36 queued)
[2026-08-14 09:00:22]     +2 links (939 total known)
[2026-08-14 09:00:24]   [905 d0*] http://newphysics.se/archives/old-archive/free-energy/Bearden/The_Final_Secret_of_Free_Energy_with_Comment/COMMENT.TXT  (891 OK, 34 queued)
[2026-08-14 09:00:27]   [910 d0*] http://newphysics.se/archives/old-archive/free-energy/Bearden/The_Final_Secret_of_Free_Energy_with_Comment/?C=M;O=D  (896 OK, 30 queued)
[2026-08-14 09:00:29]   [915 d0*] http://newphysics.se/archives/old-archive/free-energy/Bearden/The_Final_Secret_of_Free_Energy_with_Comment/FIG1B.GIF  (901 OK, 25 queued)
[2026-08-14 09:00:33]   [920 d0*] http://newphysics.se/archives/old-archive/free-energy/Puthoff/  (904 OK, 22 queued)
[2026-08-14 09:00:33]     +12 links (955 total known)
[2026-08-14 09:00:41]   [930 d0*] http://newphysics.se/archives/old-archive/conferences/St.-Petersburg/Conference-St.Petersburg-June-1996.html  (909 OK, 28 queued)
[2026-08-14 09:00:41]     +1 links (960 total known)
[2026-08-14 09:00:43]   [935 d0*] http://newphysics.se/archives/old-archive/conferences/St.-Petersburg/?C=M;O=D  (914 OK, 32 queued)
[2026-08-14 09:00:46]   [940 d0*] http://newphysics.se/archives/old-archive/conferences/St.-Petersburg/?C=N;O=D  (919 OK, 29 queued)
[2026-08-14 09:00:55]   [955 d0*] http://newphysics.se/archives/old-archive/relativity/?C=N;O=D  (931 OK, 24 queued)
[2026-08-14 09:00:58]   [960] 933 OK, 27 failed, 30 queued
[2026-08-14 09:00:58]     last fail: http://newphysics.se/archives/old-archive/relativity/Rognerud/sect3.htm
[2026-08-14 09:01:05]   [970 d0*] http://newphysics.se/archives/old-archive/relativity/Persson/About%20an%20alternative%20to%20the%20curved%20space.html  (937 OK, 25 queued)
[2026-08-14 09:01:05]     +2 links (998 total known)
[2026-08-14 09:01:08]   [975 d0*] http://newphysics.se/archives/old-archive/relativity/Persson/About%20an%20alternative%20to%20the%20Lorentz-transformations.html  (942 OK, 22 queued)
[2026-08-14 09:01:10]   [980 d0*] http://newphysics.se/archives/old-archive/gravitation  (947 OK, 19 queued)
[2026-08-14 09:01:10]     +16 links (1016 total known)
[2026-08-14 09:01:13]   [985 d0*] http://newphysics.se/archives/old-archive/gravitation/SpaceDrives_IntroductoryReadingList.txt  (952 OK, 30 queued)
[2026-08-14 09:01:15]   [990 d0*] http://newphysics.se/archives/old-archive/electromagnetism/gravitation  (957 OK, 28 queued)
[2026-08-14 09:01:15]     +8 links (1027 total known)
[2026-08-14 09:01:24]   [1000 d0*] http://newphysics.se/archives/old-archive/gravitation/inertial-propulsion/?C=S;O=A  (959 OK, 32 queued)
[2026-08-14 09:01:24]     +2 links (1035 total known)
[2026-08-14 09:01:27]   [1005 d0*] http://newphysics.se/archives/old-archive/gravitation/inertial-propulsion/?C=M;O=D  (964 OK, 30 queued)
[2026-08-14 09:01:29]   [1010 d0*] http://newphysics.se/archives/old-archive/gravitation/disk-chap-10-zpe.txt  (969 OK, 26 queued)
[2026-08-14 09:01:32]   [1015 d0*] http://newphysics.se/archives/old-archive/gravitation/stenger.gif  (974 OK, 22 queued)
[2026-08-14 09:01:34]   [1020 d0*] http://newphysics.se/archives/old-archive/parapsychological-effects  (979 OK, 18 queued)
[2026-08-14 09:01:34]     +5 links (1044 total known)
[2026-08-14 09:01:37]   [1025 d0*] http://newphysics.se/archives/old-archive/parapsychological-effects/?C=S;O=D  (984 OK, 21 queued)
[2026-08-14 09:01:39]   [1030 d0*] http://newphysics.se/archives/old-archive/parapsychological-effects/remote-viewing/?C=M;O=A  (989 OK, 23 queued)
[2026-08-14 09:01:39]     +2 links (1056 total known)
[2026-08-14 09:01:42]   [1035 d0*] http://newphysics.se/archives/old-archive/parapsychological-effects/remote-viewing/?C=D;O=D  (994 OK, 21 queued)
[2026-08-14 09:01:45]   [1040 d0*] http://newphysics.se/archives/maps/gravitation/  (999 OK, 17 queued)
[2026-08-14 09:01:45]     +1 links (1059 total known)
[2026-08-14 09:01:47]   [1045 d0*] http://newphysics.se/research/activities_se.html  (1004 OK, 14 queued)
[2026-08-14 09:01:50]   [1050 d0*] http://newphysics.se/research/testbench_se.html  (1009 OK, 15 queued)
[2026-08-14 09:01:52]   [1055 d0*] http://www.newphysics.se/teden/Tedenstig/old.html  (1014 OK, 21 queued)
[2026-08-14 09:01:55]   [1060 d0*] http://www.newphysics.se/teden/Tedenstig/THE%20MODERN%20PARTICLE%20PHYSICS%20A%20BRIEF%20ANALYSIS%20950124  (1019 OK, 46 queued)
[2026-08-14 09:01:57]   [1065 d0*] http://www.newphysics.se/teden/Tedenstig/Extra%20term%20in%20EM  (1024 OK, 41 queued)
[2026-08-14 09:02:00]   [1070 d0*] http://www.newphysics.se/teden/Tedenstig/A%20NEW%20THEORY%20OF%20MATTER%20940801  (1029 OK, 36 queued)
[2026-08-14 09:02:02]   [1075 d0*] http://www.newphysics.se/teden/Tedenstig/DIM.txt  (1034 OK, 31 queued)
[2026-08-14 09:02:05]   [1080 d0*] http://www.newphysics.se/teden/Tedenstig/FUNDAMENTAL%20CONSTANTS%20AND%20THE%20LAWS%20OF%20THE%20ATOM%20940801  (1039 OK, 26 queued)
[2026-08-14 09:02:07]   [1085 d0*] http://www.newphysics.se/teden/Tedenstig/ElectroMagnetic%20Properties%20of%20matter%202%20of%202%20941007  (1044 OK, 21 queued)
[2026-08-14 09:02:18]   [1100 d0*] http://www.newphysics.se/teden/?C=S;O=A  (1048 OK, 30 queued)
[2026-08-14 09:02:18]     +2 links (1133 total known)
[2026-08-14 09:02:20]   [1105 d0*] http://www.newphysics.se/teden/mu/?C=S;O=D  (1053 OK, 34 queued)
[2026-08-14 09:02:23]   [1110 d0*] http://www.newphysics.se/teden/mu/MatterUnified/CHARGE.doc  (1058 OK, 61 queued)
[2026-08-14 09:02:25]   [1115 d0*] http://www.newphysics.se/teden/mu/MatterUnified/muerrata.doc  (1063 OK, 56 queued)
[2026-08-14 09:02:28]   [1120 d0*] http://www.newphysics.se/teden/mu/MatterUnified/YAHOO.doc  (1068 OK, 51 queued)
[2026-08-14 09:02:30]   [1125 d0*] http://www.newphysics.se/teden/mu/MatterUnified/mucomment1.doc  (1073 OK, 46 queued)
[2026-08-14 09:02:33]   [1130 d0*] http://www.newphysics.se/teden/mu/MatterUnified/muchapter7.doc  (1078 OK, 41 queued)
[2026-08-14 09:02:35]   [1135 d0*] http://www.newphysics.se/teden/mu/MatterUnified/mucontent.doc  (1083 OK, 36 queued)
[2026-08-14 09:02:38]   [1140 d0*] http://www.newphysics.se/teden/mu/?C=M;O=A  (1088 OK, 31 queued)
[2026-08-14 09:02:38]     +1 links (1173 total known)
[2026-08-14 09:02:41]   [1145 d0*] http://www.newphysics.se/teden/?C=D;O=A  (1093 OK, 28 queued)
[2026-08-14 09:02:43]   [1150 d0*] http://www.newphysics.se/teden/MANIFEST  (1098 OK, 25 queued)
[2026-08-14 09:02:48]   [1160 d0*] http://www.newphysics.se/teden/Tedenstig/Lnatur.txt  (1102 OK, 15 queued)
[2026-08-14 09:02:51]   [1165 d0*] http://www.newphysics.se/teden/Tedenstig/own/partic1.htm  (1107 OK, 56 queued)
[2026-08-14 09:02:54]   [1170 d0*] http://www.newphysics.se/teden/Tedenstig/own/PARTF11.GIF  (1111 OK, 68 queued)
[2026-08-14 09:02:56]   [1175 d0*] http://www.newphysics.se/teden/Tedenstig/own/PARTF2.GIF  (1116 OK, 63 queued)
[2026-08-14 09:02:59]   [1180 d0*] http://www.newphysics.se/teden/Tedenstig/own/PARTF13.GIF  (1121 OK, 58 queued)
[2026-08-14 09:03:01]   [1185 d0*] http://www.newphysics.se/teden/Tedenstig/own/GRAVITA.doc  (1126 OK, 53 queued)
[2026-08-14 09:03:04]   [1190 d0*] http://www.newphysics.se/teden/Tedenstig/own/CHAPTER1.doc  (1131 OK, 48 queued)
[2026-08-14 09:03:06]   [1195 d0*] http://www.newphysics.se/teden/Tedenstig/own/FETIK.doc  (1136 OK, 43 queued)
[2026-08-14 09:03:09]   [1200 d0*] http://www.newphysics.se/teden/Tedenstig/own/LIGHT.doc  (1141 OK, 38 queued)
[2026-08-14 09:03:11]   [1205 d0*] http://www.newphysics.se/teden/Tedenstig/own/PARTREF.doc  (1146 OK, 33 queued)
[2026-08-14 09:03:14]   [1210 d0*] http://www.newphysics.se/teden/Tedenstig/own/CHAPTER6.doc  (1151 OK, 28 queued)
[2026-08-14 09:03:17]   [1215 d0*] http://www.newphysics.se/teden/Tedenstig/own/CDROM.doc  (1156 OK, 23 queued)
[2026-08-14 09:03:19]   [1220 d0*] http://www.newphysics.se/teden/Tedenstig/own/QUANTUM.doc  (1161 OK, 18 queued)
[2026-08-14 09:03:22]   [1225 d0*] http://www.newphysics.se/teden/Tedenstig/own/PARTF23.GIF  (1166 OK, 27 queued)
[2026-08-14 09:03:24]   [1230 d0*] http://www.newphysics.se/teden/Tedenstig/own/PARTF26.GIF  (1171 OK, 22 queued)
[2026-08-14 09:03:27]   [1235 d0*] http://www.newphysics.se/teden/Tedenstig/own/PARTF15.GIF  (1176 OK, 17 queued)
[2026-08-14 09:03:29]   [1240 d0*] http://newphysics.se/research/index_se.html  (1181 OK, 12 queued)
[2026-08-14 09:03:32]   [1245 d0*] http://newphysics.se/support/  (1186 OK, 7 queued)
[2026-08-14 09:03:34]   [1250 d0*] http://newphysics.se/archives/  (1191 OK, 2 queued)
[2026-08-14 09:03:36] WordPress PDF extraction: found 4 PDF(s)
[2026-08-14 09:03:36]   PDFs: 0 downloaded, 4 cached, 0 failed
/Users/esaruoho/work/merlib-mirror/mirror.py:1005: DeprecationWarning: datetime.datetime.utcnow() is deprecated and scheduled for removal in a future version. Use timezone-aware objects to represent datetimes in UTC: datetime.datetime.now(datetime.UTC).
  lines.append(f"mirror_date: {datetime.datetime.utcnow().strftime('%Y-%m-%dT%H:%M:%SZ')}")
[2026-08-14 09:03:36] Generating index...
[2026-08-14 09:03:36] Index: 1446 files
[2026-08-14 09:03:36]   .txt: 505
[2026-08-14 09:03:36]   .gif: 203
[2026-08-14 09:03:36]   .md: 186
[2026-08-14 09:03:36]   .html: 173
[2026-08-14 09:03:36]   .doc: 93
[2026-08-14 09:03:36]   .html__c%3dd%3bo%3da: 26
[2026-08-14 09:03:36]   .html__c%3dd%3bo%3dd: 26
[2026-08-14 09:03:36]   .html__c%3dm%3bo%3da: 26
[2026-08-14 09:03:36]   .html__c%3dm%3bo%3dd: 26
[2026-08-14 09:03:36]   .html__c%3dn%3bo%3da: 26
[2026-08-14 09:03:36]   .html__c%3dn%3bo%3dd: 26
[2026-08-14 09:03:36]   .html__c%3ds%3bo%3da: 26
[2026-08-14 09:03:36]   .html__c%3ds%3bo%3dd: 26
[2026-08-14 09:03:36]   .jpg: 14
[2026-08-14 09:03:36]   .pcx: 13
[2026-08-14 09:03:36] 
============================================================
[2026-08-14 09:03:36] LIVE MIRROR COMPLETE
[2026-08-14 09:03:36] Downloaded: 1252, OK: 1193, Failed: 59
[2026-08-14 09:03:36] Total URLs seen: 1253
[2026-08-14 09:03:36] ============================================================
[2026-08-14 09:03:36] 
Next step: fe-ingest.sh /Users/esaruoho/work/merlib-mirror/sites/newphysics.se
site_to_paper: newphysics.se — 185 HTML page(s)
site_to_paper: entry=index.html · reachable=121 · unreached=64
site_to_paper: cleared 185 previous per-page file(s) — they are regenerated below, and stale numbering would otherwise accumulate as phantom pages
site_to_paper: wrote /Users/esaruoho/work/merlib-mirror/sites/newphysics.se/_paper/newphysics.se-CONSOLIDATED.md (948,142 chars from 185 pages)
site_to_paper: wrote 185 per-page markdown files to /Users/esaruoho/work/merlib-mirror/sites/newphysics.se/_paper/pages
site_to_allpages: newphysics.se — 185 page(s), entry=index.html, reachable=121, orphans=64
site_to_allpages: wrote /Users/esaruoho/work/merlib-mirror/sites/newphysics.se/_paper/allpages.html (1,136,283 chars, 185 pages, 1849 internal links → anchors, 1142 asset paths fixed)
site_to_allpages: 24 page(s) had no body (frameset/redirect): archives/old-archive/electromagnetism/ball-lightning/Ballightning.html, archives/old-archive/free-energy/Hyde/HydesPictures.html, archives/old-archive/free-energy/Bearden/beard12.html, archives/old-archive/free-energy/Bearden/beard13.html, archives/old-archive/relativity/Persson/index.html…
site_to_allpages: weasyprint not found — skipping PDF (install it, or open allpages.html and ⌘P → Save as PDF)
