[2026-08-12 23:25:01] ============================================================
[2026-08-12 23:25:01] LIVE MIRROR: newphysics.se
[2026-08-12 23:25:01] Seed: http://newphysics.se
[2026-08-12 23:25:01] Seed path: /
[2026-08-12 23:25:01] Max link depth: 5
[2026-08-12 23:25:01] Output: /Users/esaruoho/work/merlib-mirror/sites/newphysics.se
[2026-08-12 23:25:01] ============================================================
[2026-08-12 23:25:01] robots.txt: honouring 2 Disallow rule(s) (MIRROR_IGNORE_ROBOTS=1 to override)
[2026-08-12 23:25:01] Crawling / (download-as-you-go)...
[2026-08-12 23:25:02]   [1 d0*] http://newphysics.se  (1 OK, 0 queued)
[2026-08-12 23:25:02]     +12 links (13 total known)
[2026-08-12 23:25:02]   [2 d0*] http://www.newphysics.se/images/gblnav_left.gif  (2 OK, 11 queued)
[2026-08-12 23:25:03]   [3 d0*] http://www.newphysics.se/index_se.html  (3 OK, 10 queued)
[2026-08-12 23:25:03]     +7 links (20 total known)
[2026-08-12 23:25:03]   [4 d0*] http://www.newphysics.se/about/index_se.html  (4 OK, 16 queued)
[2026-08-12 23:25:03]     +3 links (23 total known)
[2026-08-12 23:25:04]   [5 d0*] http://www.newphysics.se/about/membership_se.html  (5 OK, 18 queued)
[2026-08-12 23:25:04]     +1 links (24 total known)
[2026-08-12 23:25:05]   [6 d0*] http://www.newphysics.se/about/membership.html  (6 OK, 18 queued)
[2026-08-12 23:25:05]     +1 links (25 total known)
[2026-08-12 23:25:06]   [7 d0*] http://www.newphysics.se/about/mailinglists.html  (7 OK, 18 queued)
[2026-08-12 23:25:06]     +1 links (26 total known)
[2026-08-12 23:25:06]   [8 d0*] http://www.newphysics.se/images/adr4.gif  (8 OK, 18 queued)
[2026-08-12 23:25:07]   [9 d0*] http://www.newphysics.se/images/adr1.gif  (9 OK, 17 queued)
[2026-08-12 23:25:08]   [10 d0*] http://www.newphysics.se/about/mailinglists_se.html  (10 OK, 16 queued)
[2026-08-12 23:25:10]   [15 d0*] http://www.newphysics.se/research/resources.html  (15 OK, 18 queued)
[2026-08-12 23:25:14]   [20 d0*] http://www.newphysics.se/teden/Tedenstig/own/APPEND.doc  (20 OK, 69 queued)
[2026-08-12 23:25:19]   [25 d0*] http://www.newphysics.se/teden/Tedenstig/own/LINKS.doc  (25 OK, 64 queued)
[2026-08-12 23:25:23]   [30 d0*] http://www.newphysics.se/teden/Tedenstig/own/VISUALP.doc  (30 OK, 59 queued)
[2026-08-12 23:25:28]   [35 d0*] http://www.newphysics.se/teden/Tedenstig/own/SCIENCE.doc  (35 OK, 54 queued)
[2026-08-12 23:25:30] ============================================================
[2026-08-12 23:25:30] LIVE MIRROR: newphysics.se
[2026-08-12 23:25:30] Seed: http://newphysics.se
[2026-08-12 23:25:30] Seed path: /
[2026-08-12 23:25:30] Max link depth: 5
[2026-08-12 23:25:30] Output: /Users/esaruoho/work/merlib-mirror/sites/newphysics.se
[2026-08-12 23:25:30] ============================================================
[2026-08-12 23:25:30] robots.txt: honouring 2 Disallow rule(s) (MIRROR_IGNORE_ROBOTS=1 to override)
[2026-08-12 23:25:30] Crawling / (download-as-you-go)...
[2026-08-12 23:25:30]   [1 d0*] http://newphysics.se  (1 OK, 0 queued)
[2026-08-12 23:25:30]     +12 links (13 total known)
[2026-08-12 23:25:31]   [2 d0*] http://newphysics.se/support/  (2 OK, 11 queued)
[2026-08-12 23:25:31]     +1 links (14 total known)
[2026-08-12 23:25:32]   [3 d0*] http://www.newphysics.se/support/index_se.html  (3 OK, 11 queued)
[2026-08-12 23:25:32]     +6 links (20 total known)
[2026-08-12 23:25:32]   [4 d0*] http://www.newphysics.se/archives/index_se.html  (4 OK, 16 queued)
[2026-08-12 23:25:32]     +5 links (25 total known)
[2026-08-12 23:25:33]   [5 d0*] http://www.newphysics.se/archives/other_se.html  (5 OK, 20 queued)
[2026-08-12 23:25:33]     +1 links (26 total known)
[2026-08-12 23:25:33]   [6 d0*] http://www.newphysics.se/archives/other.html  (6 OK, 20 queued)
[2026-08-12 23:25:33]     +1 links (27 total known)
[2026-08-12 23:25:34]   [7 d0*] http://www.newphysics.se/archives/fnysik/  (7 OK, 20 queued)
[2026-08-12 23:25:34]     +6 links (33 total known)
[2026-08-12 23:25:34]   [40 d0*] http://www.newphysics.se/teden/Tedenstig/own/EPILOG.doc  (40 OK, 49 queued)
[2026-08-12 23:25:35]   [8 d0*] http://www.newphysics.se/archives/fnysik/2_2/  (8 OK, 25 queued)
[2026-08-12 23:25:35]     +1 links (34 total known)
[2026-08-12 23:25:35]   [9 d0*] http://www.newphysics.se/archives/fnysik/2_2/index_se.html  (9 OK, 25 queued)
[2026-08-12 23:25:35]     +2 links (36 total known)
[2026-08-12 23:25:37]   [45 d0*] http://www.newphysics.se/teden/Tedenstig/own/PARTF24.GIF  (45 OK, 58 queued)
[2026-08-12 23:25:38]   [10 d0*] http://www.newphysics.se/archives/fnysik/2_1/index_se.html  (10 OK, 26 queued)
[2026-08-12 23:25:38]     +3 links (39 total known)
[2026-08-12 23:25:41]   [15 d0*] http://www.newphysics.se/archives/fnysik/2_1/schauberger/index_water.JPG  (15 OK, 36 queued)
[2026-08-12 23:25:42]   [50 d0*] http://www.newphysics.se/teden/Tedenstig/own/PARTF14.GIF  (50 OK, 53 queued)
[2026-08-12 23:25:45]   [20 d0*] http://www.newphysics.se/archives/fnysik/2_1/schauberger/index_viktorold.gif  (20 OK, 31 queued)
[2026-08-12 23:25:46]   [55 d0*] http://www.newphysics.se/teden/Tedenstig/own/PARTF27.GIF  (55 OK, 48 queued)
[2026-08-12 23:25:49]   [60 d0*] http://www.newphysics.se/teden/Tedenstig/own/REFERENS.doc  (60 OK, 43 queued)
[2026-08-12 23:25:51]   [25 d0*] http://www.newphysics.se/archives/fnysik/2_1/alternativ-teknik/alttek1_se.html  (25 OK, 29 queued)
[2026-08-12 23:25:55]   [65 d0*] http://www.newphysics.se/teden/Tedenstig/own/CHAPTER7.doc  (65 OK, 38 queued)
[2026-08-12 23:25:57]   [30 d0*] http://www.newphysics.se/archives/fnysik/2_1/alternativ-teknik/alttek3_se_Ml.gif  (30 OK, 35 queued)
[2026-08-12 23:25:59]   [70 d0*] http://www.newphysics.se/teden/Tedenstig/own/PARTP1.GIF  (70 OK, 50 queued)
[2026-08-12 23:26:00]   [35 d0*] http://www.newphysics.se/archives/fnysik/2_1/alternativ-teknik/alttek3_se_hoopercoil.GIF  (35 OK, 30 queued)
[2026-08-12 23:26:04]   [75 d0*] http://www.newphysics.se/teden/Tedenstig/own/PARTF2.GIF  (74 OK, 45 queued)
[2026-08-12 23:26:06]   [40 d0*] http://www.newphysics.se/archives/fnysik/2_1/alternativ-teknik/alttek2_se_motEM.GIF  (40 OK, 30 queued)
[2026-08-12 23:26:08]   [80 d0*] http://www.newphysics.se/teden/Tedenstig/own/PARTP2.GIF  (79 OK, 40 queued)
[2026-08-12 23:26:09]   [45 d0*] http://www.newphysics.se/archives/fnysik/1_2/adamsmotorn/index_se.html  (45 OK, 32 queued)
[2026-08-12 23:26:12]   [85 d0*] http://www.newphysics.se/teden/Tedenstig/own/PARTF13.GIF  (84 OK, 35 queued)
[2026-08-12 23:26:12]   [50 d0*] http://www.newphysics.se/archives/fnysik/1_2/symposium/index_se_fny2_b2.jpg  (50 OK, 33 queued)
[2026-08-12 23:26:16]   [90 d0*] http://www.newphysics.se/teden/Tedenstig/own/INTRODUC.doc  (89 OK, 30 queued)
[2026-08-12 23:26:17]   [55 d0*] http://www.newphysics.se/archives/fnysik/1_2/vattenrening/index.html  (55 OK, 30 queued)
[2026-08-12 23:26:19]   [60 d0*] http://www.newphysics.se/archives/fnysik/1_2/levande-vattnet/index_se_viktorold.gif  (60 OK, 27 queued)
[2026-08-12 23:26:22]   [95 d0*] http://www.newphysics.se/teden/Tedenstig/Matter_Unified  (94 OK, 25 queued)
[2026-08-12 23:26:24]   [65 d0*] http://www.newphysics.se/archives/fnysik/3_1/dowsing/index_figure3.gif  (65 OK, 27 queued)
[2026-08-12 23:26:26]   [100 d0*] http://www.newphysics.se/teden/Tedenstig/Matter_Unified/CHAPTER8.DOC  (99 OK, 37 queued)
[2026-08-12 23:26:27]   [70 d0*] http://www.newphysics.se/archives/fnysik/3_1/kelvin/index_waterbeh.jpg  (70 OK, 29 queued)
[2026-08-12 23:26:30]   [105 d0*] http://www.newphysics.se/teden/Tedenstig/Matter_Unified/CHAPTER9.DOC  (104 OK, 32 queued)
[2026-08-12 23:26:30]   [75 d0*] http://www.newphysics.se/archives/fnysik/1_1/  (75 OK, 24 queued)
[2026-08-12 23:26:34]   [80 d0*] http://www.newphysics.se/archives/old-archive/  (80 OK, 19 queued)
[2026-08-12 23:26:34]     +10 links (109 total known)
[2026-08-12 23:26:36]   [110 d0*] http://www.newphysics.se/teden/Tedenstig/Matter_Unified/CHAPTR4A.DOC  (109 OK, 27 queued)
[2026-08-12 23:26:39]   [85 d0*] http://www.newphysics.se/archives/old-archive/diverse/?C=S;O=A  (85 OK, 32 queued)
[2026-08-12 23:26:43]   [115 d0*] http://www.newphysics.se/teden/Tedenstig/upphojd.doc.txt  (114 OK, 22 queued)
[2026-08-12 23:26:44]   [90 d0*] http://www.newphysics.se/archives/old-archive/diverse/?C=N;O=D  (90 OK, 29 queued)
[2026-08-12 23:26:47]   [120 d0*] http://www.newphysics.se/teden/Tedenstig/ElectroMagnetic%20Properties%20of%20matter%202%20of%202%20941007  (119 OK, 47 queued)
[2026-08-12 23:26:50]   [95 d0*] http://www.newphysics.se/archives/old-archive/free-energy/Bailey/A%20Critical%20Review%20reg%20ZPE.txt  (95 OK, 41 queued)
[2026-08-12 23:26:51]   [125 d0*] http://www.newphysics.se/teden/Tedenstig/THE%20NEUTRON%20INHERENT%20STRUCTURE  (124 OK, 42 queued)
[2026-08-12 23:26:54]   [100 d0*] http://www.newphysics.se/archives/old-archive/free-energy/?C=D;O=A  (100 OK, 38 queued)
[2026-08-12 23:26:54]     +1 links (141 total known)
[2026-08-12 23:26:54]   [130 d0*] http://www.newphysics.se/teden/Tedenstig/magnet.doc.txt  (129 OK, 37 queued)
[2026-08-12 23:26:58]   [135 d0*] http://www.newphysics.se/teden/Tedenstig/grav.doc.txt  (134 OK, 32 queued)
[2026-08-12 23:26:58]   [105 d0*] http://www.newphysics.se/archives/old-archive/free-energy/Hyde/hydeptnt.txt  (105 OK, 47 queued)
[2026-08-12 23:27:03]   [140 d0*] http://www.newphysics.se/teden/Tedenstig/THE%20MODERN%20PARTICLE%20PHYSICS%20A%20BRIEF%20ANALYSIS%20950124  (139 OK, 27 queued)
[2026-08-12 23:27:03]   [110 d0*] http://www.newphysics.se/archives/old-archive/free-energy/Hyde/?C=M;O=D  (110 OK, 44 queued)
[2026-08-12 23:27:08]   [145 d0*] http://www.newphysics.se/teden/Tedenstig/FUNDAMENTAL%20CONSTANTS%20AND%20THE%20LAWS%20OF%20THE%20ATOM%20940801  (144 OK, 22 queued)
[2026-08-12 23:27:09]   [115 d0*] http://www.newphysics.se/archives/old-archive/free-energy/Hyde/?C=S;O=D  (115 OK, 40 queued)
[2026-08-12 23:27:12]   [120 d0*] http://www.newphysics.se/archives/old-archive/free-energy/Hyde/?C=N;O=D  (120 OK, 36 queued)
[2026-08-12 23:27:13]   [150 d0*] http://www.newphysics.se/research/organizations_se.html  (148 OK, 18 queued)
[2026-08-12 23:27:16]   [155 d0*] http://www.newphysics.se/archives/fnysik/1_2/index_se.html  (153 OK, 19 queued)
[2026-08-12 23:27:18]   [160 d0*] http://www.newphysics.se/archives/fnysik/index_se.html  (158 OK, 28 queued)
[2026-08-12 23:27:18]     +3 links (192 total known)
[2026-08-12 23:27:21]   [130 d0*] http://www.newphysics.se/archives/old-archive/conferences/St.-Petersburg/Conference-St.Petersburg-June-1996.html  (128 OK, 44 queued)
[2026-08-12 23:27:21]     +1 links (177 total known)
[2026-08-12 23:27:21]   [165 d0*] http://www.newphysics.se/archives/fnysik/3_1/dowsing/index_figure2.gif  (163 OK, 33 queued)
[2026-08-12 23:27:23]   [170 d0*] http://www.newphysics.se/archives/fnysik/2_1/alternativ-teknik/index_se.html  (168 OK, 32 queued)
[2026-08-12 23:27:23]     +3 links (206 total known)
[2026-08-12 23:27:23]   [135 d0*] http://www.newphysics.se/archives/old-archive/conferences/St.-Petersburg/petersb-book_old.htm  (133 OK, 48 queued)
[2026-08-12 23:27:26]   [175 d0*] http://www.newphysics.se/archives/fnysik/2_1/alternativ-teknik/alttek3_se_hyde.GIF  (173 OK, 41 queued)
[2026-08-12 23:27:27]   [140 d0*] http://www.newphysics.se/archives/old-archive/conferences/St.-Petersburg/?C=N;O=D  (138 OK, 45 queued)
[2026-08-12 23:27:28]   [180 d0*] http://www.newphysics.se/archives/fnysik/2_1/alternativ-teknik/alttek3_se_winproc.GIF  (178 OK, 36 queued)
[2026-08-12 23:27:31]   [185 d0*] http://www.newphysics.se/archives/fnysik/2_1/alternativ-teknik/alttek2_se_casimir.GIF  (183 OK, 36 queued)
[2026-08-12 23:27:31]   [145 d0*] http://www.newphysics.se/archives/maps/anomalies/Anomalies.gif  (143 OK, 46 queued)
[2026-08-12 23:27:33]   [190 d0*] http://www.newphysics.se/archives/fnysik/2_1/schauberger/index.html  (188 OK, 31 queued)
[2026-08-12 23:27:33]     +7 links (229 total known)
[2026-08-12 23:27:36]   [195 d0*] http://www.newphysics.se/archives/fnysik/2_1/schauberger/index_virvtrad.GIF  (193 OK, 33 queued)
[2026-08-12 23:27:36]   [150 d0*] http://www.newphysics.se/archives/maps/gravitation/  (148 OK, 43 queued)
[2026-08-12 23:27:36]     +1 links (196 total known)
[2026-08-12 23:27:38]   [200 d0*] http://www.newphysics.se/archives/fnysik/2_1/schauberger/index_se_viktorold.gif  (198 OK, 33 queued)
[2026-08-12 23:27:41]   [205 d0*] http://www.newphysics.se/archives/fnysik/3_1/kelvin/index_explain.jpg  (203 OK, 35 queued)
[2026-08-12 23:27:43]   [210 d0*] http://www.newphysics.se/archives/fnysik/3_1/kelvin/index_princip.jpg  (208 OK, 30 queued)
[2026-08-12 23:27:45]   [160 d0*] http://www.newphysics.se/archives/old-archive/free-energy/Puthoff/Quantum_Fluctuations_of_Empty_Space_A_New_Rosetta_Stone_of_Physics.txt  (154 OK, 34 queued)
[2026-08-12 23:27:46]   [215 d0*] http://www.newphysics.se/archives/old-archive/conferences  (213 OK, 36 queued)
[2026-08-12 23:27:49]   [220 d0*] http://www.newphysics.se/archives/maps/anomalies/  (217 OK, 44 queued)
[2026-08-12 23:27:49]     +1 links (267 total known)
[2026-08-12 23:27:51]   [165 d0*] http://www.newphysics.se/archives/old-archive/free-energy/JosephNewman/newman.conclude.01.txt  (159 OK, 50 queued)
[2026-08-12 23:27:56]   [230 d0*] http://www.newphysics.se/archives/maps/waterplasma/Water.gif  (224 OK, 38 queued)
[2026-08-12 23:27:57]   [170 d0*] http://www.newphysics.se/archives/old-archive/free-energy/JosephNewman/newman.lydick.01.txt  (164 OK, 45 queued)
[2026-08-12 23:27:58]   [235 d0*] http://www.newphysics.se/archives/old-archive/conferences/St.-Petersburg/?C=D;O=A  (229 OK, 40 queued)
[2026-08-12 23:28:01]   [240 d0*] http://www.newphysics.se/archives/old-archive/conferences/St.-Petersburg/?C=N;O=D  (234 OK, 38 queued)
[2026-08-12 23:28:02]   [175 d0*] http://www.newphysics.se/archives/old-archive/free-energy/JosephNewman/newman.hartmann.01.txt  (169 OK, 40 queued)
[2026-08-12 23:28:04]   [245 d0*] http://www.newphysics.se/archives/old-archive/parapsychological-effects/remote-viewing/  (239 OK, 39 queued)
[2026-08-12 23:28:05]   [180 d0*] http://www.newphysics.se/archives/old-archive/free-energy/JosephNewman/newman.explain.02.txt  (174 OK, 35 queued)
[2026-08-12 23:28:08]   [250 d0*] http://www.newphysics.se/archives/old-archive/parapsychological-effects/remote-viewing/?C=M;O=A  (244 OK, 41 queued)
[2026-08-12 23:28:08]     +1 links (295 total known)
[2026-08-12 23:28:08]   [185 d0*] http://www.newphysics.se/archives/old-archive/free-energy/FreeEnergyNewsJuly94.txt  (179 OK, 30 queued)
[2026-08-12 23:28:10]   [255 d0*] http://www.newphysics.se/archives/old-archive/parapsychological-effects/?C=M;O=A  (249 OK, 38 queued)
[2026-08-12 23:28:12]   [190 d0*] http://www.newphysics.se/archives/old-archive/free-energy/transmutation/?C=M;O=A  (184 OK, 30 queued)
[2026-08-12 23:28:12]     +1 links (223 total known)
[2026-08-12 23:28:14]   [260 d0*] http://www.newphysics.se/archives/old-archive/parapsychological-effects/?C=N;O=D  (254 OK, 36 queued)
[2026-08-12 23:28:15]   [195 d0*] http://www.newphysics.se/archives/old-archive/free-energy/transmutation/?C=D;O=D  (189 OK, 28 queued)
[2026-08-12 23:28:17]   [265 d0*] http://www.newphysics.se/archives/old-archive/free-energy/?C=S;O=D  (259 OK, 49 queued)
[2026-08-12 23:28:20]   [270 d0*] http://www.newphysics.se/archives/old-archive/free-energy/MonopolePerpetuumMobile.txt  (264 OK, 45 queued)
[2026-08-12 23:28:20]   [200 d0*] http://www.newphysics.se/archives/old-archive/free-energy/Bearden/beard12/beard12.txt  (194 OK, 40 queued)
[2026-08-12 23:28:22]   [275 d0*] http://www.newphysics.se/archives/old-archive/free-energy/transmutation/?C=N;O=A  (269 OK, 47 queued)
[2026-08-12 23:28:25]   [280 d0*] http://www.newphysics.se/archives/old-archive/free-energy/transmutation/?C=N;O=D  (274 OK, 44 queued)
[2026-08-12 23:28:27]   [205 d0*] http://www.newphysics.se/archives/old-archive/free-energy/Bearden/Practical_Overunity_Electrical_Device/?C=D;O=A  (199 OK, 45 queued)
[2026-08-12 23:28:27]   [285 d0*] http://www.newphysics.se/archives/old-archive/free-energy/Bailey/A%20Critical%20Review%20reg%20ZPE.txt  (279 OK, 42 queued)
[2026-08-12 23:28:30]   [290 d0*] http://www.newphysics.se/archives/old-archive/free-energy/Bearden/Interview-in-Megabrain-Report.txt  (284 OK, 52 queued)
[2026-08-12 23:28:31]   [210 d0*] http://www.newphysics.se/archives/old-archive/free-energy/Bearden/Practical_Overunity_Electrical_Device/?C=M;O=A  (204 OK, 41 queued)
[2026-08-12 23:28:31]     +1 links (256 total known)
[2026-08-12 23:28:35]   [215 d0*] http://www.newphysics.se/archives/old-archive/free-energy/Bearden/beard14/?C=D;O=A  (209 OK, 42 queued)
[2026-08-12 23:28:37]   [295 d0*] http://www.newphysics.se/archives/old-archive/free-energy/Bearden/Additional_Info_on_the_Secret_of_Free_Energy/?C=S;O=D  (289 OK, 56 queued)
[2026-08-12 23:28:40]   [220 d0*] http://www.newphysics.se/archives/old-archive/free-energy/Bearden/beard14/?C=M;O=D  (213 OK, 40 queued)
[2026-08-12 23:28:41]   [300 d0*] http://www.newphysics.se/archives/old-archive/free-energy/Bearden/Additional_Info_on_the_Secret_of_Free_Energy/?C=D;O=A  (294 OK, 52 queued)
[2026-08-12 23:28:41]     +1 links (357 total known)
[2026-08-12 23:28:44]   [305 d0*] http://www.newphysics.se/archives/old-archive/free-energy/Bearden/beard13/beard13.wri  (299 OK, 50 queued)
[2026-08-12 23:28:45]   [225 d0*] http://www.newphysics.se/archives/old-archive/free-energy/Bearden/OnATestable  (218 OK, 36 queued)
[2026-08-12 23:28:48]   [230 d0*] http://www.newphysics.se/archives/old-archive/free-energy/Bearden/OnATestable/?C=D;O=D  (223 OK, 44 queued)
[2026-08-12 23:28:50]   [310 d0*] http://www.newphysics.se/archives/old-archive/free-energy/Bearden/Redefinition_of_Energy_Ansatz/FIG4.GIF  (304 OK, 57 queued)
[2026-08-12 23:28:51]   [235 d0*] http://www.newphysics.se/archives/old-archive/free-energy/Bearden/OnATestable/?C=S;O=D  (228 OK, 40 queued)
[2026-08-12 23:28:55]   [315 d0*] http://www.newphysics.se/archives/old-archive/free-energy/Bearden/Redefinition_of_Energy_Ansatz/FIG2.GIF  (309 OK, 53 queued)
[2026-08-12 23:28:56]   [240 d0*] http://www.newphysics.se/archives/old-archive/free-energy/Bearden/Old_and_PostScript_versions  (233 OK, 35 queued)
[2026-08-12 23:28:56]     +6 links (288 total known)
[2026-08-12 23:28:59]   [320 d0*] http://www.newphysics.se/archives/old-archive/free-energy/Bearden/Redefinition_of_Energy_Ansatz/ANSATZ.TXT  (314 OK, 49 queued)
[2026-08-12 23:29:00]   [245 d0*] http://www.newphysics.se/archives/old-archive/free-energy/Bearden/Old_and_PostScript_versions/?C=M;O=D  (238 OK, 38 queued)
[2026-08-12 23:29:02]   [325 d0*] http://www.newphysics.se/archives/old-archive/free-energy/Bearden/beard14/?C=S;O=A  (318 OK, 50 queued)
[2026-08-12 23:29:03]   [250 d0*] http://www.newphysics.se/archives/old-archive/free-energy/Bearden/Old_and_PostScript_versions/AdditionalInfoOnSecretOfFreeEnergy.txt  (243 OK, 35 queued)
[2026-08-12 23:29:05]   [330 d0*] http://www.newphysics.se/archives/old-archive/free-energy/Bearden/beard14/?C=M;O=D  (323 OK, 48 queued)
[2026-08-12 23:29:07]   [335 d0*] http://www.newphysics.se/archives/old-archive/free-energy/Bearden/Practical_Overunity_Electrical_Device/?C=D;O=D  (328 OK, 53 queued)
[2026-08-12 23:29:09]   [260 d0*] http://www.newphysics.se/archives/old-archive/free-energy/Bearden/Redefinition_of_Energy_Ansatz/?C=N;O=D  (250 OK, 39 queued)
[2026-08-12 23:29:10]   [340 d0*] http://www.newphysics.se/archives/old-archive/free-energy/Bearden/Practical_Overunity_Electrical_Device/?C=M;O=D  (333 OK, 50 queued)
[2026-08-12 23:29:11]   [265 d0*] http://www.newphysics.se/archives/old-archive/free-energy/Bearden/Redefinition_of_Energy_Ansatz/?C=S;O=A  (255 OK, 34 queued)
[2026-08-12 23:29:12]   [345 d0*] http://www.newphysics.se/archives/old-archive/free-energy/Bearden/BACKGROUND%20FOR%20PURSUING%20SCALAR%20ELECTROMAGNETICS%20Feb%2092.txt  (338 OK, 45 queued)
[2026-08-12 23:29:14]   [270 d0*] http://www.newphysics.se/archives/old-archive/free-energy/Bearden/Redefinition_of_Energy_Ansatz/FIG3.GIF  (260 OK, 31 queued)
[2026-08-12 23:29:15]   [350 d0*] http://www.newphysics.se/archives/old-archive/free-energy/Bearden/The_Final_Secret_of_Free_Energy_with_Comment/FIG1B.GIF  (343 OK, 54 queued)
[2026-08-12 23:29:18]   [275 d0*] http://www.newphysics.se/archives/old-archive/free-energy/Bearden/The_Final_Secret_of_Free_Energy_with_Comment/?C=M;O=A  (265 OK, 40 queued)
[2026-08-12 23:29:19]   [355 d0*] http://www.newphysics.se/archives/old-archive/free-energy/Bearden/The_Final_Secret_of_Free_Energy_with_Comment/FIG1A.GIF  (348 OK, 51 queued)
[2026-08-12 23:29:21]   [280 d0*] http://www.newphysics.se/archives/old-archive/free-energy/Bearden/The_Final_Secret_of_Free_Energy_with_Comment/TITLE.TXT  (270 OK, 36 queued)
[2026-08-12 23:29:23]   [360 d0*] http://www.newphysics.se/archives/old-archive/free-energy/Bearden/The_Final_Secret_of_Free_Energy_with_Comment/TITLE.TXT  (353 OK, 47 queued)
[2026-08-12 23:29:23]   [285 d0*] http://www.newphysics.se/archives/old-archive/free-energy/Bearden/The_Final_Secret_of_Free_Energy_with_Comment/TITLE.WRI  (275 OK, 32 queued)
[2026-08-12 23:29:25]   [365 d0*] http://www.newphysics.se/archives/old-archive/free-energy/Bearden/UTILIZING%20SCALAR%20ELECTROMAGNETICS%20TO%20TAP%20VACUUM%20ENERGY%201991.txt  (357 OK, 42 queued)
[2026-08-12 23:29:26]   [290 d0*] http://www.newphysics.se/archives/old-archive/free-energy/Bearden/BACKGROUND%20FOR%20PURSUING%20SCALAR%20ELECTROMAGNETICS%20Feb%2092.txt  (280 OK, 28 queued)
[2026-08-12 23:29:28]   [370 d0*] http://www.newphysics.se/archives/old-archive/free-energy/Bearden/OnATestable/beard1.txt  (362 OK, 49 queued)
[2026-08-12 23:29:28]   [295 d0*] http://www.newphysics.se/archives/old-archive/free-energy/Bearden/Additional_Info_on_the_Secret_of_Free_Energy/?C=D;O=D  (285 OK, 32 queued)
[2026-08-12 23:29:30]   [375 d0*] http://www.newphysics.se/archives/old-archive/free-energy/Bearden/OnATestable/?C=M;O=D  (367 OK, 46 queued)
[2026-08-12 23:29:31]   [300 d0*] http://www.newphysics.se/archives/old-archive/free-energy/Bearden/Additional_Info_on_the_Secret_of_Free_Energy/?C=S;O=D  (290 OK, 28 queued)
[2026-08-12 23:29:33]   [380 d0*] http://www.newphysics.se/archives/old-archive/free-energy/Bearden/OnATestable/fig1.gif  (372 OK, 41 queued)
[2026-08-12 23:29:35]   [305 d0*] http://www.newphysics.se/archives/old-archive/ufo/Fire%20Officer%27s%20Guide%20to%20UFOs.txt  (295 OK, 26 queued)
[2026-08-12 23:29:36]   [385 d0*] http://www.newphysics.se/archives/old-archive/free-energy/Bearden/Old_and_PostScript_versions  (375 OK, 38 queued)
[2026-08-12 23:29:37]   [310 d0*] http://www.newphysics.se/archives/old-archive/parapsychological-effects/?C=D;O=D  (300 OK, 28 queued)
[2026-08-12 23:29:38]   [390 d0*] http://www.newphysics.se/archives/old-archive/free-energy/Bearden/Old_and_PostScript_versions/?C=S;O=D  (380 OK, 42 queued)
[2026-08-12 23:29:40]   [315 d0*] http://www.newphysics.se/archives/old-archive/parapsychological-effects/remote-viewing/?C=N;O=A  (305 OK, 31 queued)
[2026-08-12 23:29:41]   [395 d0*] http://www.newphysics.se/archives/old-archive/free-energy/Bearden/Old_and_PostScript_versions/AdditionalInfoOnSecretOfFreeEnergy.txt  (385 OK, 38 queued)
[2026-08-12 23:29:43]   [320 d0*] http://www.newphysics.se/archives/old-archive/parapsychological-effects/remote-viewing/?C=S;O=A  (310 OK, 27 queued)
[2026-08-12 23:29:43]     +1 links (356 total known)
[2026-08-12 23:29:43]   [400 d0*] http://www.newphysics.se/archives/old-archive/free-energy/JosephNewman/newman.europe.01.txt  (390 OK, 54 queued)
[2026-08-12 23:29:45]   [325 d0*] http://www.newphysics.se/archives/old-archive/parapsychological-effects/?C=S;O=D  (315 OK, 25 queued)
[2026-08-12 23:29:46]   [405 d0*] http://www.newphysics.se/archives/old-archive/free-energy/JosephNewman/newman.science.01.questions.txt  (395 OK, 49 queued)
[2026-08-12 23:29:48]   [410 d0*] http://www.newphysics.se/archives/old-archive/free-energy/JosephNewman/newman.test.01.txt  (400 OK, 44 queued)
[2026-08-12 23:29:51]   [415 d0*] http://www.newphysics.se/archives/old-archive/free-energy/JosephNewman/newman.person.01.txt  (405 OK, 39 queued)
[2026-08-12 23:29:51]   [330 d0*] http://www.newphysics.se/archives/old-archive/quantum-mechanics/?C=N;O=A  (320 OK, 29 queued)
[2026-08-12 23:29:53]   [420 d0*] http://www.newphysics.se/archives/old-archive/free-energy/Hyde/?C=M;O=A  (410 OK, 47 queued)
[2026-08-12 23:29:53]     +2 links (476 total known)
[2026-08-12 23:29:54]   [335 d0*] http://www.newphysics.se/archives/old-archive/quantum-mechanics/LaViolette/LaViolette2.ra  (324 OK, 30 queued)
[2026-08-12 23:29:56]   [425 d0*] http://www.newphysics.se/archives/old-archive/free-energy/Hyde/FIG5B.GIF  (415 OK, 44 queued)
[2026-08-12 23:29:58]   [340 d0*] http://www.newphysics.se/archives/old-archive/quantum-mechanics/GellMan_Flapdoodle.txt  (328 OK, 26 queued)
[2026-08-12 23:29:58]   [430 d0*] http://www.newphysics.se/archives/old-archive/free-energy/Hyde/FIG3-4.GIF  (420 OK, 40 queued)
[2026-08-12 23:30:01]   [345 d0*] http://www.newphysics.se/archives/old-archive/electromagnetism/hooper/  (333 OK, 33 queued)
[2026-08-12 23:30:01]   [435 d0*] http://www.newphysics.se/archives/old-archive/free-energy/Hyde/?C=S;O=D  (425 OK, 36 queued)
[2026-08-12 23:30:04]   [440 d0*] http://www.newphysics.se/archives/old-archive/free-energy/Puthoff/Vacuum_press_conference_Stockholm_1994.mp3  (429 OK, 42 queued)
[2026-08-12 23:30:04]   [350 d0*] http://www.newphysics.se/archives/old-archive/electromagnetism/hooper/?C=M;O=A  (338 OK, 35 queued)
[2026-08-12 23:30:04]     +1 links (396 total known)
[2026-08-12 23:30:07]   [355 d0*] http://www.newphysics.se/archives/old-archive/electromagnetism/diverse/  (343 OK, 32 queued)
[2026-08-12 23:30:10]   [450 d0*] http://www.newphysics.se/archives/old-archive/gravitation/Puthoff_GravityAsAZPEForce_excerpt.txt  (434 OK, 48 queued)
[2026-08-12 23:30:13]   [360 d0*] http://www.newphysics.se/archives/old-archive/electromagnetism/diverse/FreFloatingDevice1.txt  (348 OK, 42 queued)
[2026-08-12 23:30:14]   [455 d0*] http://www.newphysics.se/archives/old-archive/gravitation/disk-chap-10-zpe.txt  (439 OK, 45 queued)
[2026-08-12 23:30:17]   [365 d0*] http://www.newphysics.se/archives/old-archive/electromagnetism/diverse/?C=D;O=D  (353 OK, 38 queued)
[2026-08-12 23:30:18]   [460 d0*] http://www.newphysics.se/archives/old-archive/gravitation/inertial-propulsion/?C=S;O=A  (444 OK, 46 queued)
[2026-08-12 23:30:18]     +2 links (516 total known)
[2026-08-12 23:30:21]   [465 d0*] http://www.newphysics.se/archives/old-archive/gravitation/inertial-propulsion/?C=N;O=D  (449 OK, 44 queued)
[2026-08-12 23:30:22]   [370 d0*] http://www.newphysics.se/archives/old-archive/electromagnetism/diverse/REROTATI.txt  (358 OK, 34 queued)
[2026-08-12 23:30:24]   [470 d0*] http://www.newphysics.se/archives/old-archive/gravitation/electromagnetism-gravitation/  (454 OK, 40 queued)
[2026-08-12 23:30:24]     +1 links (519 total known)
[2026-08-12 23:30:25]   [375 d0*] http://www.newphysics.se/archives/old-archive/electromagnetism/?C=D;O=A  (363 OK, 30 queued)
[2026-08-12 23:30:28]   [475 d0*] http://www.newphysics.se/archives/old-archive/electromagnetism/gravitation/Jonsson/I=EM.txt  (459 OK, 46 queued)
[2026-08-12 23:30:29]   [380 d0*] http://www.newphysics.se/archives/old-archive/electromagnetism/gravitation/Jonsson/I=EM.pdf  (368 OK, 36 queued)
[2026-08-12 23:30:31]   [480 d0*] http://www.newphysics.se/archives/old-archive/electromagnetism/gravitation/ThePhiladelphiaExperiment.txt  (464 OK, 41 queued)
[2026-08-12 23:30:33]   [385 d0*] http://www.newphysics.se/archives/old-archive/electromagnetism/gravitation/ElectrograviticsList.txt  (373 OK, 31 queued)
[2026-08-12 23:30:36]   [390 d0*] http://www.newphysics.se/archives/old-archive/electromagnetism/ball-lightning/  (378 OK, 27 queued)
[2026-08-12 23:30:36]     +7 links (434 total known)
[2026-08-12 23:30:36]   [485 d0*] http://www.newphysics.se/archives/old-archive/gravitation/?C=D;O=D  (469 OK, 37 queued)
[2026-08-12 23:30:40]   [490 d0*] http://www.newphysics.se/archives/old-archive/diverse  (474 OK, 32 queued)
[2026-08-12 23:30:40]     +6 links (537 total known)
[2026-08-12 23:30:41]   [395 d0*] http://www.newphysics.se/archives/old-archive/electromagnetism/ball-lightning/?C=D;O=A  (383 OK, 31 queued)
[2026-08-12 23:30:43]   [495 d0*] http://www.newphysics.se/archives/old-archive/diverse/sci.physicsFAQPart2Of2.txt  (479 OK, 35 queued)
[2026-08-12 23:30:45]   [500 d0*] http://www.newphysics.se/archives/old-archive/diverse/sci.physicsFAQPart1Of2.txt  (484 OK, 32 queued)
[2026-08-12 23:30:46]   [400 d0*] http://www.newphysics.se/archives/old-archive/electromagnetism/ball-lightning/?C=M;O=D  (388 OK, 28 queued)
[2026-08-12 23:30:48]   [505 d0*] http://www.newphysics.se/archives/old-archive/quantum-mechanics/LaViolette/  (489 OK, 36 queued)
[2026-08-12 23:30:50]   [405 d0*] http://www.newphysics.se/archives/old-archive/electromagnetism/biological-effects/?C=S;O=D  (393 OK, 30 queued)
[2026-08-12 23:30:50]   [510 d0*] http://www.newphysics.se/archives/old-archive/quantum-mechanics/LaViolette/LaViolette1.ra  (493 OK, 38 queued)
[2026-08-12 23:30:53]   [410 d0*] http://www.newphysics.se/archives/old-archive/electromagnetism/biological-effects/?C=D;O=A  (398 OK, 26 queued)
[2026-08-12 23:30:53]     +1 links (447 total known)
[2026-08-12 23:30:53]   [515 d0*] http://www.newphysics.se/archives/old-archive/quantum-mechanics/?C=N;O=D  (497 OK, 34 queued)
[2026-08-12 23:30:56]   [415 d0*] http://www.newphysics.se/archives/old-archive/electromagnetism/searl/?C=N;O=A  (403 OK, 29 queued)
[2026-08-12 23:30:56]   [520 d0*] http://www.newphysics.se/archives/old-archive/cold-fusion  (502 OK, 30 queued)
[2026-08-12 23:30:56]     +2 links (562 total known)
[2026-08-12 23:31:00]   [525 d0*] http://www.newphysics.se/archives/old-archive/relativity/Persson/About%20an%20alternative%20to%20the%20Lorentz-transformations.html  (507 OK, 38 queued)
[2026-08-12 23:31:00]   [420 d0*] http://www.newphysics.se/archives/old-archive/electromagnetism/searl/?C=D;O=A  (408 OK, 25 queued)
[2026-08-12 23:31:00]     +1 links (456 total known)
[2026-08-12 23:31:03]   [425 d0*] http://www.newphysics.se/archives/old-archive/electromagnetism/?C=M;O=D  (413 OK, 23 queued)
[2026-08-12 23:31:06]   [430 d0*] http://www.newphysics.se/archives/old-archive/gravitation/SpaceDrives_IntroductoryReadingList.txt  (416 OK, 36 queued)
[2026-08-12 23:31:07]   [530 d0*] http://www.newphysics.se/archives/old-archive/relativity/Persson/Angaende%20ett%20alternativ%20till%20Lotentz-transformationerna.html  (512 OK, 35 queued)
[2026-08-12 23:31:08]   [435 d0*] http://www.newphysics.se/archives/old-archive/gravitation/GravityIsEM,Science94.txt  (421 OK, 33 queued)
[2026-08-12 23:31:11]   [440 d0*] http://www.newphysics.se/archives/old-archive/gravitation/inertial-propulsion/?C=N;O=D  (426 OK, 34 queued)
[2026-08-12 23:31:11]     +1 links (485 total known)
[2026-08-12 23:31:12]   [535 d0*] http://www.newphysics.se/archives/old-archive/relativity/?C=N;O=D  (517 OK, 32 queued)
[2026-08-12 23:31:14]   [445 d0*] http://www.newphysics.se/archives/old-archive/gravitation/inertial-propulsion/?C=S;O=D  (431 OK, 32 queued)
[2026-08-12 23:31:16]   [540 d0*] http://www.newphysics.se/archives/old-archive/relativity/Rognerud/  (522 OK, 29 queued)
[2026-08-12 23:31:16]     +2 links (582 total known)
[2026-08-12 23:31:16]   [450 d0*] http://www.newphysics.se/archives/old-archive/gravitation/KipThorneBookReview.txt  (436 OK, 28 queued)
[2026-08-12 23:31:19]   [455 d0*] http://www.newphysics.se/archives/old-archive/electromagnetism/gravitation  (441 OK, 25 queued)
[2026-08-12 23:31:19]   [545 d0*] http://www.newphysics.se/archives/old-archive/relativity/Rognerud/html/sect3.htm  (527 OK, 36 queued)
[2026-08-12 23:31:23]   [460] 441 OK, 19 failed, 28 queued
[2026-08-12 23:31:23]     last fail: http://www.newphysics.se/archives/old-archive/electromagnetism/Jonsson/index.html
[2026-08-12 23:31:24]   [550 d0*] http://www.newphysics.se/archives/old-archive/relativity/Rognerud/html/gif/fig7.gif  (532 OK, 46 queued)
[2026-08-12 23:31:27]   [465 d0*] http://www.newphysics.se/archives/old-archive/gravitation/genesis-of-and-zero-point-energy.txt  (443 OK, 23 queued)
[2026-08-12 23:31:28]   [555 d0*] http://www.newphysics.se/archives/old-archive/relativity/Rognerud/html/gif/fw2.gif  (537 OK, 41 queued)
[2026-08-12 23:31:31]   [560 d0*] http://www.newphysics.se/archives/old-archive/relativity/Rognerud/html/gif/f5_5.gif  (542 OK, 36 queued)
[2026-08-12 23:31:32]   [475 d0*] http://www.newphysics.se/archives/old-archive/relativity/?C=N;O=A  (451 OK, 24 queued)
[2026-08-12 23:31:34]   [565 d0*] http://www.newphysics.se/archives/old-archive/relativity/Rognerud/html/gif/f4_1.gif  (547 OK, 36 queued)
[2026-08-12 23:31:35]   [480 d0*] http://www.newphysics.se/archives/old-archive/relativity/Persson/Angaende%20ett%20alternativ%20till%20det%20krokta%20rummet.html  (456 OK, 24 queued)
[2026-08-12 23:31:35]     +2 links (516 total known)
[2026-08-12 23:31:37]   [570 d0*] http://www.newphysics.se/archives/old-archive/relativity/Rognerud/html/gif/f2_1.gif  (552 OK, 38 queued)
[2026-08-12 23:31:39]   [485 d0*] http://www.newphysics.se/archives/old-archive/relativity/Rognerud/ff.pdf  (461 OK, 23 queued)
[2026-08-12 23:31:42]   [575 d0*] http://www.newphysics.se/archives/old-archive/relativity/Rognerud/html/gif/fig2.gif  (557 OK, 33 queued)
[2026-08-12 23:31:44]   [580 d0*] http://www.newphysics.se/archives/old-archive/ufo  (562 OK, 28 queued)
[2026-08-12 23:31:44]     +2 links (622 total known)
[2026-08-12 23:31:47]   [500 d0*] http://www.newphysics.se/archives/old-archive/relativity/?C=D;O=D  (467 OK, 19 queued)
[2026-08-12 23:31:47]   [585 d0*] http://www.newphysics.se/archives/old-archive/electromagnetism/?C=N;O=A  (565 OK, 36 queued)
[2026-08-12 23:31:50]   [590 d0*] http://www.newphysics.se/archives/old-archive/electromagnetism/longitudinal/  (570 OK, 33 queued)
[2026-08-12 23:31:50]     +1 links (636 total known)
[2026-08-12 23:31:51]   [505 d0*] http://www.newphysics.se/archives/keelynet/gravity/biebrn1.txt  (472 OK, 113 queued)
[2026-08-12 23:31:52]   [595 d0*] http://www.newphysics.se/archives/old-archive/electromagnetism/diverse/?C=D;O=D  (575 OK, 45 queued)
[2026-08-12 23:31:55]   [600 d0*] http://www.newphysics.se/archives/old-archive/electromagnetism/diverse/RoomTemperatureSuperconductor.txt  (580 OK, 40 queued)
[2026-08-12 23:31:57]   [605 d0*] http://www.newphysics.se/archives/old-archive/electromagnetism/diverse/REROTATI.txt  (585 OK, 36 queued)
[2026-08-12 23:32:00]   [610 d0*] http://www.newphysics.se/archives/old-archive/electromagnetism/  (590 OK, 32 queued)
[2026-08-12 23:32:01]   [510 d0*] http://www.newphysics.se/archives/keelynet/gravity/gravitya.txt  (477 OK, 108 queued)
[2026-08-12 23:32:02]   [615 d0*] http://www.newphysics.se/archives/old-archive/electromagnetism/hooper/?C=N;O=D  (595 OK, 34 queued)
[2026-08-12 23:32:05]   [620 d0*] http://www.newphysics.se/archives/old-archive/electromagnetism/hooper/?C=D;O=D  (600 OK, 31 queued)
[2026-08-12 23:32:05]   [515 d0*] http://www.newphysics.se/archives/keelynet/gravity/grav8.txt  (482 OK, 103 queued)
[2026-08-12 23:32:07]   [625 d0*] http://www.newphysics.se/archives/old-archive/electromagnetism/searl/?C=D;O=A  (605 OK, 33 queued)
[2026-08-12 23:32:08]   [520 d0*] http://www.newphysics.se/archives/keelynet/gravity/grav6.txt  (487 OK, 98 queued)
[2026-08-12 23:32:10]   [630 d0*] http://www.newphysics.se/archives/old-archive/electromagnetism/searl/?C=N;O=D  (610 OK, 30 queued)
[2026-08-12 23:32:12]   [635 d0*] http://www.newphysics.se/archives/old-archive/electromagnetism/biological-effects/?C=D;O=A  (615 OK, 31 queued)
[2026-08-12 23:32:15]   [525 d0*] http://www.newphysics.se/archives/keelynet/gravity/laith1.txt  (492 OK, 93 queued)
[2026-08-12 23:32:15]   [640 d0*] http://www.newphysics.se/archives/old-archive/electromagnetism/biological-effects/?C=S;O=D  (620 OK, 29 queued)
[2026-08-12 23:32:17]   [645 d0*] http://www.newphysics.se/archives/old-archive/electromagnetism/ball-lightning/?C=S;O=D  (625 OK, 33 queued)
[2026-08-12 23:32:19]   [530 d0*] http://www.newphysics.se/archives/keelynet/gravity/gravity4.txt  (497 OK, 88 queued)
[2026-08-12 23:32:20]   [650 d0*] http://www.newphysics.se/archives/old-archive/electromagnetism/ball-lightning/?C=M;O=D  (630 OK, 29 queued)
[2026-08-12 23:32:22]   [655 d0*] http://www.newphysics.se/archives/fnysik/1_2/symposium/index_se.html  (635 OK, 26 queued)
[2026-08-12 23:32:22]   [535 d0*] http://www.newphysics.se/archives/keelynet/gravity/clark.txt  (502 OK, 83 queued)
[2026-08-12 23:32:25]   [660 d0*] http://www.newphysics.se/archives/fnysik/1_2/symposium/index_se_symp-casimir-forlopp.gif  (640 OK, 27 queued)
[2026-08-12 23:32:27]   [540 d0*] http://www.newphysics.se/archives/keelynet/gravity/gravity8.txt  (507 OK, 78 queued)
[2026-08-12 23:32:28]   [665 d0*] http://www.newphysics.se/archives/keelynet/  (645 OK, 22 queued)
[2026-08-12 23:32:32]   [545 d0*] http://www.newphysics.se/archives/keelynet/gravity/grav9.txt  (512 OK, 73 queued)
[2026-08-12 23:32:32]   [670 d0*] http://www.newphysics.se/archives/keelynet/contact/bsconf92.txt  (650 OK, 43 queued)
[2026-08-12 23:32:35]   [550 d0*] http://www.newphysics.se/archives/keelynet/gravity/pzt1.txt  (517 OK, 68 queued)
[2026-08-12 23:32:35]   [675 d0*] http://www.newphysics.se/archives/keelynet/contact/sciebib.txt  (655 OK, 38 queued)
[2026-08-12 23:32:38]   [680 d0*] http://www.newphysics.se/archives/keelynet/contact/iececall.txt  (660 OK, 33 queued)
[2026-08-12 23:32:39]   [555 d0*] http://www.newphysics.se/archives/keelynet/gravity/gravity2.txt  (522 OK, 63 queued)
[2026-08-12 23:32:41]   [685 d0*] http://www.newphysics.se/archives/keelynet/energy/newman5.txt  (665 OK, 204 queued)
[2026-08-12 23:32:42]   [560 d0*] http://www.newphysics.se/archives/keelynet/gravity/galli1.txt  (527 OK, 58 queued)
[2026-08-12 23:32:46]   [690 d0*] http://www.newphysics.se/archives/keelynet/energy/pushatt.txt  (670 OK, 199 queued)
[2026-08-12 23:32:48]   [565 d0*] http://www.newphysics.se/archives/keelynet/gravity/aero3.txt  (532 OK, 53 queued)
[2026-08-12 23:32:51]   [695 d0*] http://www.newphysics.se/archives/keelynet/energy/newem.txt  (675 OK, 194 queued)
[2026-08-12 23:32:53]   [570 d0*] http://www.newphysics.se/archives/keelynet/gravity/grav1.txt  (537 OK, 48 queued)
[2026-08-12 23:32:56]   [575 d0*] http://www.newphysics.se/archives/keelynet/gravity/brown1.txt  (542 OK, 43 queued)
[2026-08-12 23:32:57]   [700 d0*] http://www.newphysics.se/archives/keelynet/energy/scalar3.txt  (680 OK, 189 queued)
[2026-08-12 23:33:00]   [705 d0*] http://www.newphysics.se/archives/keelynet/energy/newman1.txt  (685 OK, 184 queued)
[2026-08-12 23:33:01]   [580 d0*] http://www.newphysics.se/archives/keelynet/gravity/slowtime.txt  (547 OK, 38 queued)
[2026-08-12 23:33:04]   [710 d0*] http://www.newphysics.se/archives/keelynet/energy/bump1.txt  (690 OK, 179 queued)
[2026-08-12 23:33:06]   [585 d0*] http://www.newphysics.se/archives/keelynet/gravity/tachyon2.txt  (552 OK, 33 queued)
[2026-08-12 23:33:08]   [715 d0*] http://www.newphysics.se/archives/keelynet/energy/depalma.txt  (695 OK, 174 queued)
[2026-08-12 23:33:10]   [590 d0*] http://www.newphysics.se/archives/keelynet/gravity/wright1.txt  (557 OK, 28 queued)
[2026-08-12 23:33:13]   [595 d0*] http://www.newphysics.se/archives/keelynet/contact/globcon1.txt  (562 OK, 38 queued)
[2026-08-12 23:33:15]   [720 d0*] http://www.newphysics.se/archives/keelynet/energy/sweet4a.txt  (700 OK, 169 queued)
[2026-08-12 23:33:15]   [600 d0*] http://www.newphysics.se/archives/keelynet/contact/extra.txt  (567 OK, 33 queued)
[2026-08-12 23:33:18]   [605 d0*] http://www.newphysics.se/archives/keelynet/contact/ians93.txt  (572 OK, 28 queued)
[2026-08-12 23:33:19]   [725 d0*] http://www.newphysics.se/archives/keelynet/energy/dpalma3.txt  (705 OK, 164 queued)
[2026-08-12 23:33:22]   [610 d0*] http://www.newphysics.se/archives/keelynet/flanagan/flan2.txt  (577 OK, 24 queued)
[2026-08-12 23:33:23]   [730 d0*] http://www.newphysics.se/archives/keelynet/energy/phasconj.txt  (710 OK, 159 queued)
[2026-08-12 23:33:27]   [615 d0*] http://www.newphysics.se/archives/keelynet/diagrams/Auraview/aura4.gif  (582 OK, 85 queued)
[2026-08-12 23:33:28]   [735 d0*] http://www.newphysics.se/archives/keelynet/energy/flan1.txt  (715 OK, 154 queued)
[2026-08-12 23:33:31]   [740 d0*] http://www.newphysics.se/archives/keelynet/energy/garfig2.gif  (720 OK, 149 queued)
[2026-08-12 23:33:33]   [620 d0*] http://www.newphysics.se/archives/keelynet/diagrams/Transgif/index.html  (587 OK, 80 queued)
[2026-08-12 23:33:33]     +5 links (715 total known)
[2026-08-12 23:33:33]   [745 d0*] http://www.newphysics.se/archives/keelynet/energy/freedef.txt  (725 OK, 144 queued)
[2026-08-12 23:33:37]   [625 d0*] http://www.newphysics.se/archives/keelynet/diagrams/Transgif/fig_b.gif  (592 OK, 80 queued)
[2026-08-12 23:33:39]   [750 d0*] http://www.newphysics.se/archives/keelynet/energy/moray1.txt  (730 OK, 139 queued)
[2026-08-12 23:33:42]   [755 d0*] http://www.newphysics.se/archives/keelynet/energy/elem02.txt  (735 OK, 134 queued)
[2026-08-12 23:33:42]   [630 d0*] http://www.newphysics.se/archives/keelynet/diagrams/Klyair1/index.html  (597 OK, 75 queued)
[2026-08-12 23:33:42]     +2 links (717 total known)
[2026-08-12 23:33:45]   [760 d0*] http://www.newphysics.se/archives/keelynet/energy/powering.txt  (740 OK, 129 queued)
[2026-08-12 23:33:48]   [765 d0*] http://www.newphysics.se/archives/keelynet/energy/tesbuck.txt  (745 OK, 124 queued)
[2026-08-12 23:33:50]   [635 d0*] http://www.newphysics.se/archives/keelynet/diagrams/Hydegif/fig1.gif  (602 OK, 79 queued)
[2026-08-12 23:33:53]   [770 d0*] http://www.newphysics.se/archives/keelynet/energy/zpe2pt2.txt  (750 OK, 119 queued)
[2026-08-12 23:33:57]   [640 d0*] http://www.newphysics.se/archives/keelynet/diagrams/Hydegif/fig5a.gif  (607 OK, 74 queued)
[2026-08-12 23:33:57]   [775 d0*] http://www.newphysics.se/archives/keelynet/energy/fe_revw.txt  (755 OK, 114 queued)
[2026-08-12 23:34:00]   [780 d0*] http://www.newphysics.se/archives/keelynet/energy/freemag1.txt  (760 OK, 109 queued)
[2026-08-12 23:34:03]   [645 d0*] http://www.newphysics.se/archives/keelynet/diagrams/Clem2/clem1.txt  (612 OK, 71 queued)
[2026-08-12 23:34:05]   [785 d0*] http://www.newphysics.se/archives/keelynet/energy/coldmhd.txt  (765 OK, 104 queued)
[2026-08-12 23:34:07]   [650 d0*] http://www.newphysics.se/archives/keelynet/diagrams/Brnpics/brown2.pcx  (617 OK, 71 queued)
[2026-08-12 23:34:08]   [790 d0*] http://www.newphysics.se/archives/keelynet/energy/yorkufe.txt  (770 OK, 99 queued)
[2026-08-12 23:34:11]   [795 d0*] http://www.newphysics.se/archives/keelynet/energy/invisi1.txt  (775 OK, 94 queued)
[2026-08-12 23:34:14]   [655 d0*] http://www.newphysics.se/archives/keelynet/diagrams/AIRSHIP1.PCX  (622 OK, 66 queued)
[2026-08-12 23:34:15]   [800 d0*] http://www.newphysics.se/archives/keelynet/energy/newman4.txt  (780 OK, 89 queued)
[2026-08-12 23:34:19]   [660 d0*] http://www.newphysics.se/archives/keelynet/diagrams/Magalt/magalt.gif  (627 OK, 63 queued)
[2026-08-12 23:34:19]   [805 d0*] http://www.newphysics.se/archives/keelynet/energy/70l7gt.txt  (785 OK, 84 queued)
[2026-08-12 23:34:24]   [665 d0*] http://www.newphysics.se/archives/keelynet/diagrams/BRN2B.GIF  (632 OK, 58 queued)
[2026-08-12 23:34:24]   [810 d0*] http://www.newphysics.se/archives/keelynet/energy/relat1.txt  (790 OK, 79 queued)
[2026-08-12 23:34:28]   [815 d0*] http://www.newphysics.se/archives/keelynet/energy/hvoil.txt  (795 OK, 74 queued)
[2026-08-12 23:34:30]   [820 d0*] http://www.newphysics.se/archives/keelynet/energy/pmotion2.txt  (800 OK, 69 queued)
[2026-08-12 23:34:30]   [670 d0*] http://www.newphysics.se/archives/keelynet/diagrams/ETHER2.GIF  (637 OK, 53 queued)
[2026-08-12 23:34:33]   [825 d0*] http://www.newphysics.se/archives/keelynet/energy/hydeptnt.txt  (805 OK, 64 queued)
[2026-08-12 23:34:36]   [675 d0*] http://www.newphysics.se/archives/keelynet/diagrams/Meyer/hy661f1.gif  (642 OK, 56 queued)
[2026-08-12 23:34:38]   [830 d0*] http://www.newphysics.se/archives/keelynet/energy/a&m1.txt  (810 OK, 59 queued)
[2026-08-12 23:34:39]   [680 d0*] http://www.newphysics.se/archives/keelynet/diagrams/Meyer/hy961f3.gif  (647 OK, 51 queued)
[2026-08-12 23:34:44]   [685 d0*] http://www.newphysics.se/archives/keelynet/diagrams/TOD.GIF  (652 OK, 46 queued)
[2026-08-12 23:34:45]   [835 d0*] http://www.newphysics.se/archives/keelynet/energy/clark7.txt  (815 OK, 54 queued)
[2026-08-12 23:34:49]   [690 d0*] http://www.newphysics.se/archives/keelynet/diagrams/Statika/view.flm  (657 OK, 48 queued)
[2026-08-12 23:34:50]   [840 d0*] http://www.newphysics.se/archives/keelynet/energy/tesla3.txt  (820 OK, 49 queued)
[2026-08-12 23:34:53]   [695 d0*] http://www.newphysics.se/archives/keelynet/diagrams/Statika/driver.sys  (662 OK, 43 queued)
[2026-08-12 23:34:57]   [845 d0*] http://www.newphysics.se/archives/keelynet/energy/peremotr.txt  (825 OK, 44 queued)
[2026-08-12 23:34:57]   [700 d0*] http://www.newphysics.se/archives/keelynet/diagrams/TESLAFE2.GIF  (667 OK, 38 queued)
[2026-08-12 23:35:00]   [705 d0*] http://www.newphysics.se/archives/keelynet/diagrams/BAUMAN.GIF  (672 OK, 33 queued)
[2026-08-12 23:35:03]   [710 d0*] http://www.newphysics.se/archives/keelynet/diagrams/Brngif2/brn2b.gif  (677 OK, 31 queued)
[2026-08-12 23:35:03]   [850 d0*] http://www.newphysics.se/archives/keelynet/energy/zpe4.txt  (830 OK, 39 queued)
[2026-08-12 23:35:07]   [855 d0*] http://www.newphysics.se/archives/keelynet/energy/pcv.txt  (835 OK, 34 queued)
[2026-08-12 23:35:10]   [860 d0*] http://www.newphysics.se/archives/keelynet/energy/zpe5.txt  (840 OK, 29 queued)
[2026-08-12 23:35:10]   [715 d0*] http://www.newphysics.se/archives/keelynet/diagrams/Teslapic/index.html  (682 OK, 26 queued)
[2026-08-12 23:35:12]   [865 d0*] http://www.newphysics.se/archives/keelynet/unclass/pyramid3.txt  (845 OK, 70 queued)
[2026-08-12 23:35:13]   [720 d0*] http://www.newphysics.se/archives/keelynet/diagrams/Teslapic/beam1.wpg  (687 OK, 36 queued)
[2026-08-12 23:35:18]   [725 d0*] http://www.newphysics.se/archives/keelynet/diagrams/Teslapic/beam4.wpg  (692 OK, 31 queued)
[2026-08-12 23:35:20]   [870 d0*] http://www.newphysics.se/archives/keelynet/unclass/pyramid1.txt  (850 OK, 65 queued)
[2026-08-12 23:35:21]   [730 d0*] http://www.newphysics.se/archives/keelynet/diagrams/Teslapic/beam3.pcx  (697 OK, 26 queued)
[2026-08-12 23:35:24]   [875 d0*] http://www.newphysics.se/archives/keelynet/unclass/vanhist1.txt  (855 OK, 60 queued)
[2026-08-12 23:35:24]   [735 d0*] http://www.newphysics.se/archives/keelynet/ecology/elecwind.txt  (702 OK, 39 queued)
[2026-08-12 23:35:28]   [880 d0*] http://www.newphysics.se/archives/keelynet/unclass/freed1.txt  (860 OK, 55 queued)
[2026-08-12 23:35:28]   [740 d0*] http://www.newphysics.se/archives/keelynet/ecology/magsep.txt  (707 OK, 34 queued)
[2026-08-12 23:35:33]   [885 d0*] http://www.newphysics.se/archives/keelynet/unclass/busplan1.txt  (865 OK, 50 queued)
[2026-08-12 23:35:35]   [745 d0*] http://www.newphysics.se/archives/keelynet/ecology/weather1.txt  (712 OK, 29 queued)
[2026-08-12 23:35:37]   [890 d0*] http://www.newphysics.se/archives/keelynet/unclass/center1.txt  (870 OK, 45 queued)
[2026-08-12 23:35:40]   [750 d0*] http://www.newphysics.se/archives/keelynet/ecology/rz.txt  (717 OK, 24 queued)
[2026-08-12 23:35:42]   [895 d0*] http://www.newphysics.se/archives/keelynet/unclass/song1.txt  (875 OK, 40 queued)
[2026-08-12 23:35:44]   [755 d0*] http://www.newphysics.se/archives/keelynet/books/index.html  (722 OK, 20 queued)
[2026-08-12 23:35:45]   [900 d0*] http://www.newphysics.se/archives/keelynet/unclass/advtech2.txt  (880 OK, 35 queued)
[2026-08-12 23:35:49]   [760 d0*] http://www.newphysics.se/archives/keelynet/energy/hydeoffr.txt  (727 OK, 194 queued)
[2026-08-12 23:35:49]   [905 d0*] http://www.newphysics.se/archives/keelynet/unclass/canyon.txt  (885 OK, 30 queued)
[2026-08-12 23:35:51]   [765 d0*] http://www.newphysics.se/archives/keelynet/energy/rawls1.txt  (732 OK, 189 queued)
[2026-08-12 23:35:54]   [770 d0*] http://www.newphysics.se/archives/keelynet/energy/zpe7.txt  (737 OK, 184 queued)
[2026-08-12 23:35:54]   [910 d0*] http://www.newphysics.se/archives/keelynet/Keely/speaker.txt  (890 OK, 68 queued)
[2026-08-12 23:35:56]   [775 d0*] http://www.newphysics.se/archives/keelynet/energy/tesla.txt  (742 OK, 179 queued)
[2026-08-12 23:35:59]   [780 d0*] http://www.newphysics.se/archives/keelynet/energy/freepol.txt  (747 OK, 174 queued)
[2026-08-12 23:35:59]   [915 d0*] http://www.newphysics.se/archives/keelynet/Keely/7thpsi.txt  (895 OK, 63 queued)
[2026-08-12 23:36:01]   [785 d0*] http://www.newphysics.se/archives/keelynet/energy/scg.txt  (752 OK, 169 queued)
[2026-08-12 23:36:02]   [920 d0*] http://www.newphysics.se/archives/keelynet/Keely/keely3.txt  (900 OK, 58 queued)
[2026-08-12 23:36:04]   [790 d0*] http://www.newphysics.se/archives/keelynet/energy/neondet.txt  (757 OK, 164 queued)
[2026-08-12 23:36:06]   [925 d0*] http://www.newphysics.se/archives/keelynet/Keely/keelhoax.txt  (905 OK, 53 queued)
[2026-08-12 23:36:06]   [795 d0*] http://www.newphysics.se/archives/keelynet/energy/peremotr.txt  (762 OK, 159 queued)
[2026-08-12 23:36:09]   [800 d0*] http://www.newphysics.se/archives/keelynet/energy/tesla4.txt  (767 OK, 154 queued)
[2026-08-12 23:36:09]   [930 d0*] http://www.newphysics.se/archives/keelynet/Keely/acousto1.txt  (910 OK, 48 queued)
[2026-08-12 23:36:11]   [805 d0*] http://www.newphysics.se/archives/keelynet/energy/zpe1.txt  (772 OK, 149 queued)
[2026-08-12 23:36:13]   [935 d0*] http://www.newphysics.se/archives/keelynet/Keely/grad1.txt  (915 OK, 43 queued)
[2026-08-12 23:36:14]   [810 d0*] http://www.newphysics.se/archives/keelynet/energy/turbine.txt  (777 OK, 144 queued)
[2026-08-12 23:36:16]   [815 d0*] http://www.newphysics.se/archives/keelynet/energy/freenrg1.txt  (782 OK, 139 queued)
[2026-08-12 23:36:18]   [940 d0*] http://www.newphysics.se/archives/keelynet/Keely/klyanec1.txt  (920 OK, 38 queued)
[2026-08-12 23:36:19]   [820 d0*] http://www.newphysics.se/archives/keelynet/energy/4thstate.txt  (787 OK, 134 queued)
[2026-08-12 23:36:21]   [825 d0*] http://www.newphysics.se/archives/keelynet/energy/freemag1.txt  (792 OK, 129 queued)
[2026-08-12 23:36:23]   [945 d0*] http://www.newphysics.se/archives/keelynet/Keely/laser1.txt  (925 OK, 33 queued)
[2026-08-12 23:36:24]   [830 d0*] http://www.newphysics.se/archives/keelynet/energy/sphere1.txt  (797 OK, 124 queued)
[2026-08-12 23:36:26]   [950 d0*] http://www.newphysics.se/archives/keelynet/Keely/chladni1.txt  (930 OK, 28 queued)
[2026-08-12 23:36:27]   [835 d0*] http://www.newphysics.se/archives/keelynet/energy/clark2.txt  (802 OK, 119 queued)
[2026-08-12 23:36:28]   [955 d0*] http://www.newphysics.se/archives/keelynet/diagrams/COILBAK.GIF  (935 OK, 84 queued)
[2026-08-12 23:36:29]   [840 d0*] http://www.newphysics.se/archives/keelynet/energy/coldmhd.txt  (807 OK, 114 queued)
[2026-08-12 23:36:31]   [960 d0*] http://www.newphysics.se/archives/keelynet/diagrams/ML_30KW.GIF  (940 OK, 79 queued)
[2026-08-12 23:36:32]   [845 d0*] http://www.newphysics.se/archives/keelynet/energy/powering.txt  (812 OK, 109 queued)
[2026-08-12 23:36:33]   [965 d0*] http://www.newphysics.se/archives/keelynet/diagrams/GARFIG2.GIF  (945 OK, 74 queued)
[2026-08-12 23:36:34]   [850 d0*] http://www.newphysics.se/archives/keelynet/energy/zpe4.txt  (817 OK, 104 queued)
[2026-08-12 23:36:36]   [970 d0*] http://www.newphysics.se/archives/keelynet/diagrams/Transgif/index.html  (950 OK, 69 queued)
[2026-08-12 23:36:36]     +5 links (1056 total known)
[2026-08-12 23:36:37]   [855 d0*] http://www.newphysics.se/archives/keelynet/energy/garfig4.gif  (822 OK, 99 queued)
[2026-08-12 23:36:38]   [975 d0*] http://www.newphysics.se/archives/keelynet/diagrams/Transgif/fig_b.gif  (955 OK, 69 queued)
[2026-08-12 23:36:39]   [860 d0*] http://www.newphysics.se/archives/keelynet/energy/coldfus2.txt  (827 OK, 94 queued)
[2026-08-12 23:36:41]   [980 d0*] http://www.newphysics.se/archives/keelynet/diagrams/Teslapic/beam7.pcx  (960 OK, 79 queued)
[2026-08-12 23:36:42]   [865 d0*] http://www.newphysics.se/archives/keelynet/energy/magicsq.txt  (832 OK, 89 queued)
[2026-08-12 23:36:44]   [985 d0*] http://www.newphysics.se/archives/keelynet/diagrams/Teslapic/beam5.pcx  (965 OK, 74 queued)
[2026-08-12 23:36:44]   [870 d0*] http://www.newphysics.se/archives/keelynet/energy/zpe2pt1.txt  (837 OK, 84 queued)
[2026-08-12 23:36:46]   [990 d0*] http://www.newphysics.se/archives/keelynet/diagrams/Teslapic/beam5.wpg  (970 OK, 69 queued)
[2026-08-12 23:36:47]   [875 d0*] http://www.newphysics.se/archives/keelynet/energy/faraday1.txt  (842 OK, 79 queued)
[2026-08-12 23:36:49]   [995 d0*] http://www.newphysics.se/archives/keelynet/diagrams/Meyer/hy581f11.gif  (975 OK, 72 queued)
[2026-08-12 23:36:49]   [880 d0*] http://www.newphysics.se/archives/keelynet/energy/coal2gas.txt  (847 OK, 74 queued)
[2026-08-12 23:36:51]   [1000 d0*] http://www.newphysics.se/archives/keelynet/diagrams/Meyer/hy961f1.gif  (980 OK, 67 queued)
[2026-08-12 23:36:52]   [885 d0*] http://www.newphysics.se/archives/keelynet/energy/newman5.txt  (852 OK, 69 queued)
[2026-08-12 23:36:54]   [1005 d0*] http://www.newphysics.se/archives/keelynet/diagrams/Klyair1/index.html  (985 OK, 64 queued)
[2026-08-12 23:36:54]   [890 d0*] http://www.newphysics.se/archives/keelynet/energy/neon.txt  (857 OK, 64 queued)
[2026-08-12 23:36:56]   [1010 d0*] http://www.newphysics.se/archives/keelynet/diagrams/TOD1.GIF  (990 OK, 61 queued)
[2026-08-12 23:36:57]   [895 d0*] http://www.newphysics.se/archives/keelynet/energy/supercap.txt  (862 OK, 59 queued)
[2026-08-12 23:36:59]   [1015 d0*] http://www.newphysics.se/archives/keelynet/diagrams/Auraview/aura1.gif  (995 OK, 61 queued)
[2026-08-12 23:36:59]   [900 d0*] http://www.newphysics.se/archives/keelynet/energy/elem02.txt  (867 OK, 54 queued)
[2026-08-12 23:37:01]   [1020 d0*] http://www.newphysics.se/archives/keelynet/diagrams/N_MACH5.GIF  (1000 OK, 56 queued)
[2026-08-12 23:37:02]   [905 d0*] http://www.newphysics.se/archives/keelynet/energy/coilbak.txt  (872 OK, 49 queued)
[2026-08-12 23:37:04]   [1025 d0*] http://www.newphysics.se/archives/keelynet/diagrams/GARFIG3.GIF  (1005 OK, 51 queued)
[2026-08-12 23:37:04]   [910 d0*] http://www.newphysics.se/archives/keelynet/energy/replytvq.txt  (877 OK, 44 queued)
[2026-08-12 23:37:06]   [1030 d0*] http://www.newphysics.se/archives/keelynet/diagrams/Brnpics/brown1.wpg  (1010 OK, 53 queued)
[2026-08-12 23:37:07]   [915 d0*] http://www.newphysics.se/archives/keelynet/energy/garrett1.txt  (882 OK, 39 queued)
[2026-08-12 23:37:09]   [1035 d0*] http://www.newphysics.se/archives/keelynet/diagrams/MAJORDE1.GIF  (1015 OK, 48 queued)
[2026-08-12 23:37:09]   [920 d0*] http://www.newphysics.se/archives/keelynet/energy/leach2.txt  (887 OK, 34 queued)
[2026-08-12 23:37:11]   [1040 d0*] http://www.newphysics.se/archives/keelynet/diagrams/Brngif2/brn2a.gif  (1020 OK, 46 queued)
[2026-08-12 23:37:12]   [925 d0*] http://www.newphysics.se/archives/keelynet/energy/newman3.txt  (892 OK, 29 queued)
[2026-08-12 23:37:14]   [1045 d0*] http://www.newphysics.se/archives/keelynet/diagrams/LIGHT.GIF  (1025 OK, 41 queued)
[2026-08-12 23:37:14]   [930 d0*] http://www.newphysics.se/archives/keelynet/energy/zpe6.txt  (897 OK, 24 queued)
[2026-08-12 23:37:16]   [1050 d0*] http://www.newphysics.se/archives/keelynet/diagrams/Hydegif/fig5a.gif  (1030 OK, 43 queued)
[2026-08-12 23:37:17]   [935 d0*] http://www.newphysics.se/archives/keelynet/energy/statika1.txt  (902 OK, 19 queued)
[2026-08-12 23:37:19]   [1055 d0*] http://www.newphysics.se/archives/keelynet/diagrams/Hydegif/fig3-4.gif  (1035 OK, 38 queued)
[2026-08-12 23:37:20]   [940 d0*] http://www.newphysics.se/archives/keelynet/unclass/invert1.txt  (907 OK, 59 queued)
[2026-08-12 23:37:21]   [1060 d0*] http://www.newphysics.se/archives/keelynet/diagrams/Statika/statika1.txt  (1040 OK, 40 queued)
[2026-08-12 23:37:22]   [945 d0*] http://www.newphysics.se/archives/keelynet/unclass/file_sys.txt  (912 OK, 54 queued)
[2026-08-12 23:37:24]   [1065 d0*] http://www.newphysics.se/archives/keelynet/diagrams/Statika/view.flm  (1045 OK, 35 queued)
[2026-08-12 23:37:25]   [950 d0*] http://www.newphysics.se/archives/keelynet/unclass/nostra1.txt  (917 OK, 49 queued)
[2026-08-12 23:37:27]   [1070 d0*] http://www.newphysics.se/archives/keelynet/diagrams/S1ENH.GIF  (1050 OK, 30 queued)
[2026-08-12 23:37:27]   [955 d0*] http://www.newphysics.se/archives/keelynet/unclass/wizzard.txt  (922 OK, 44 queued)
[2026-08-12 23:37:29]   [1075 d0*] http://www.newphysics.se/archives/keelynet/diagrams/TESTATIK.GIF  (1055 OK, 25 queued)
[2026-08-12 23:37:30]   [960 d0*] http://www.newphysics.se/archives/keelynet/unclass/vanhist1.txt  (927 OK, 39 queued)
[2026-08-12 23:37:32]   [1080 d0*] http://www.newphysics.se/archives/keelynet/ecology/quake2.txt  (1060 OK, 38 queued)
[2026-08-12 23:37:32]   [965 d0*] http://www.newphysics.se/archives/keelynet/unclass/noah1.txt  (932 OK, 34 queued)
[2026-08-12 23:37:34]   [1085 d0*] http://www.newphysics.se/archives/keelynet/ecology/magsep.txt  (1065 OK, 33 queued)
[2026-08-12 23:37:35]   [970 d0*] http://www.newphysics.se/archives/keelynet/unclass/avenger.txt  (937 OK, 29 queued)
[2026-08-12 23:37:37]   [1090 d0*] http://www.newphysics.se/archives/keelynet/ecology/wasteh20.txt  (1070 OK, 28 queued)
[2026-08-12 23:37:37]   [975 d0*] http://www.newphysics.se/archives/keelynet/unclass/skyland.txt  (942 OK, 24 queued)
[2026-08-12 23:37:39]   [1095 d0*] http://www.newphysics.se/archives/keelynet/gravity/index.html  (1075 OK, 23 queued)
[2026-08-12 23:37:40]   [980 d0*] http://www.newphysics.se/archives/keelynet/unclass/kaboom.txt  (947 OK, 19 queued)
[2026-08-12 23:37:42]   [1100 d0*] http://www.newphysics.se/archives/keelynet/gravity/ion3.txt  (1080 OK, 107 queued)
[2026-08-12 23:37:42]   [985 d0*] http://www.newphysics.se/archives/keelynet/Keely/dive1.txt  (952 OK, 57 queued)
[2026-08-12 23:37:44]   [1105 d0*] http://www.newphysics.se/archives/keelynet/gravity/clark1.txt  (1085 OK, 102 queued)
[2026-08-12 23:37:45]   [990 d0*] http://www.newphysics.se/archives/keelynet/Keely/noisecnc.txt  (957 OK, 52 queued)
[2026-08-12 23:37:47]   [1110 d0*] http://www.newphysics.se/archives/keelynet/gravity/ion4.txt  (1090 OK, 97 queued)
[2026-08-12 23:37:47]   [995 d0*] http://www.newphysics.se/archives/keelynet/Keely/grad1.txt  (962 OK, 47 queued)
[2026-08-12 23:37:49]   [1115 d0*] http://www.newphysics.se/archives/keelynet/gravity/aero8.txt  (1095 OK, 92 queued)
[2026-08-12 23:37:50]   [1000 d0*] http://www.newphysics.se/archives/keelynet/Keely/klybrain.txt  (967 OK, 42 queued)
[2026-08-12 23:37:52]   [1120 d0*] http://www.newphysics.se/archives/keelynet/gravity/saucsong.txt  (1100 OK, 87 queued)
[2026-08-12 23:37:52]   [1005 d0*] http://www.newphysics.se/archives/keelynet/Keely/40laws.txt  (972 OK, 37 queued)
[2026-08-12 23:37:54]   [1125 d0*] http://www.newphysics.se/archives/keelynet/gravity/gravity6.txt  (1105 OK, 82 queued)
[2026-08-12 23:37:55]   [1010 d0*] http://www.newphysics.se/archives/keelynet/Keely/keelbio1.txt  (977 OK, 32 queued)
[2026-08-12 23:37:57]   [1130 d0*] http://www.newphysics.se/archives/keelynet/gravity/bielek1.txt  (1110 OK, 77 queued)
[2026-08-12 23:37:57]   [1015 d0*] http://www.newphysics.se/archives/keelynet/Keely/gnostic.txt  (982 OK, 27 queued)
[2026-08-12 23:37:59]   [1135 d0*] http://www.newphysics.se/archives/keelynet/gravity/aero4.txt  (1115 OK, 72 queued)
[2026-08-12 23:38:00]   [1020 d0*] http://www.newphysics.se/archives/keelynet/Keely/hindsite.txt  (987 OK, 22 queued)
[2026-08-12 23:38:02]   [1140 d0*] http://www.newphysics.se/archives/keelynet/gravity/brown1.txt  (1120 OK, 67 queued)
[2026-08-12 23:38:03]   [1025 d0*] http://www.newphysics.se/archives/keelynet/Keely/augforc.txt  (992 OK, 17 queued)
[2026-08-12 23:38:04]   [1145 d0*] http://www.newphysics.se/archives/keelynet/gravity/aero5.txt  (1125 OK, 62 queued)
[2026-08-12 23:38:05]   [1030 d0*] http://www.newphysics.se/about/mailinglists.html  (997 OK, 16 queued)
[2026-08-12 23:38:05]     +1 links (1057 total known)
[2026-08-12 23:38:07]   [1150 d0*] http://www.newphysics.se/archives/keelynet/gravity/gravity4.txt  (1130 OK, 57 queued)
[2026-08-12 23:38:08]   [1035 d0*] http://www.newphysics.se/research/activities.html  (1002 OK, 16 queued)
[2026-08-12 23:38:09]   [1155 d0*] http://www.newphysics.se/archives/keelynet/gravity/ion2.txt  (1135 OK, 52 queued)
[2026-08-12 23:38:10]   [1040 d0*] http://www.newphysics.se/research/testbench.html  (1007 OK, 17 queued)
[2026-08-12 23:38:12]   [1160 d0*] http://www.newphysics.se/archives/keelynet/gravity/tachyon2.txt  (1140 OK, 47 queued)
[2026-08-12 23:38:13]   [1045 d0*] http://www.newphysics.se/teden/Tedenstig/old.html  (1012 OK, 22 queued)
[2026-08-12 23:38:15]   [1165 d0*] http://www.newphysics.se/archives/keelynet/gravity/grav2.txt  (1145 OK, 42 queued)
[2026-08-12 23:38:15]   [1050 d0*] http://www.newphysics.se/teden/Tedenstig/ElectroMagnetic%20Properties%20of%20matter%201%20of%202%20941007  (1017 OK, 47 queued)
[2026-08-12 23:38:17]   [1170 d0*] http://www.newphysics.se/archives/keelynet/gravity/gravity1.txt  (1150 OK, 37 queued)
[2026-08-12 23:38:18]   [1055 d0*] http://www.newphysics.se/teden/Tedenstig/wallball.doc.txt  (1022 OK, 42 queued)
[2026-08-12 23:38:20]   [1175 d0*] http://www.newphysics.se/archives/keelynet/gravity/majorde1.txt  (1155 OK, 32 queued)
[2026-08-12 23:38:20]   [1060 d0*] http://www.newphysics.se/teden/Tedenstig/DIM.txt  (1027 OK, 37 queued)
[2026-08-12 23:38:22]   [1180 d0*] http://www.newphysics.se/archives/keelynet/gravity/vimana1.txt  (1160 OK, 27 queued)
[2026-08-12 23:38:23]   [1065 d0*] http://www.newphysics.se/teden/Tedenstig/FUNDAMENTAL%20CONSTANTS%20AND%20THE%20LAWS%20OF%20THE%20ATOM%20940801  (1032 OK, 32 queued)
[2026-08-12 23:38:25]   [1185 d0*] http://www.newphysics.se/archives/keelynet/books/index.html  (1165 OK, 22 queued)
[2026-08-12 23:38:25]   [1070 d0*] http://www.newphysics.se/teden/Tedenstig/massoek.doc.txt  (1037 OK, 27 queued)
[2026-08-12 23:38:27]   [1190 d0*] http://www.newphysics.se/archives/fnysik/1_2/vattenrening/index.html  (1170 OK, 21 queued)
[2026-08-12 23:38:27]     +1 links (1224 total known)
[2026-08-12 23:38:28]   [1075 d0*] http://www.newphysics.se/teden/Tedenstig/rt.doc.txt  (1042 OK, 22 queued)
[2026-08-12 23:38:30]   [1195 d0*] http://www.newphysics.se/archives/fnysik/1_1/index_se.html  (1175 OK, 18 queued)
[2026-08-12 23:38:30]   [1080 d0*] http://www.newphysics.se/teden/Tedenstig/own/CHALLENG.doc  (1046 OK, 63 queued)
[2026-08-12 23:38:32]   [1200 d0*] http://www.newphysics.se/publish/index_se.html  (1180 OK, 13 queued)
[2026-08-12 23:38:32]     +1 links (1226 total known)
[2026-08-12 23:38:33]   [1085 d0*] http://www.newphysics.se/teden/Tedenstig/own/CHAPTER4B.doc  (1051 OK, 58 queued)
[2026-08-12 23:38:36]   [1090 d0*] http://www.newphysics.se/teden/Tedenstig/own/CONTENT.doc  (1056 OK, 53 queued)
[2026-08-12 23:38:36]   [1205 d0*] http://www.newphysics.se/about/contact.html  (1185 OK, 9 queued)
[2026-08-12 23:38:38]   [1095 d0*] http://www.newphysics.se/teden/Tedenstig/own/FETIK.doc  (1061 OK, 48 queued)
[2026-08-12 23:38:39]   [1210 d0*] http://www.newphysics.se/archives/  (1190 OK, 4 queued)
[2026-08-12 23:38:41]   [1100 d0*] http://www.newphysics.se/teden/Tedenstig/own/DIM.doc  (1066 OK, 43 queued)
[2026-08-12 23:38:42] WordPress PDF extraction: found 4 PDF(s)
[2026-08-12 23:38:43]   PDF OK: PRAv40_4857.pdf
[2026-08-12 23:38:43]   [1105 d0*] http://www.newphysics.se/teden/Tedenstig/own/LINKS.doc  (1071 OK, 38 queued)
[2026-08-12 23:38:44]   PDF OK: PRAv49_678.pdf
[2026-08-12 23:38:45]   PDF OK: PRDv35_3266.pdf
[2026-08-12 23:38:46]   PDF OK: PREv48_1562.pdf
[2026-08-12 23:38:46]   PDFs: 4 downloaded, 0 cached, 0 failed
[2026-08-12 23:38:46] Generating index...
[2026-08-12 23:38:46] Index: 1206 files
[2026-08-12 23:38:46]   .txt: 505
[2026-08-12 23:38:46]   .gif: 203
[2026-08-12 23:38:46]   .html: 168
[2026-08-12 23:38:46]   .doc: 60
[2026-08-12 23:38:46]   .html__c%3dd%3bo%3da: 24
[2026-08-12 23:38:46]   .html__c%3dd%3bo%3dd: 24
[2026-08-12 23:38:46]   .html__c%3dm%3bo%3da: 24
[2026-08-12 23:38:46]   .html__c%3dm%3bo%3dd: 24
[2026-08-12 23:38:46]   .html__c%3dn%3bo%3da: 24
[2026-08-12 23:38:46]   .html__c%3dn%3bo%3dd: 24
[2026-08-12 23:38:46]   .html__c%3ds%3bo%3da: 24
[2026-08-12 23:38:46]   .html__c%3ds%3bo%3dd: 24
[2026-08-12 23:38:46]   .jpg: 14
[2026-08-12 23:38:46]   .pcx: 13
[2026-08-12 23:38:46]   .htm: 13
[2026-08-12 23:38:46] 
============================================================
[2026-08-12 23:38:46] LIVE MIRROR COMPLETE
[2026-08-12 23:38:46] Downloaded: 1214, OK: 1194, Failed: 20
[2026-08-12 23:38:46] Total URLs seen: 1227
[2026-08-12 23:38:46] ============================================================
[2026-08-12 23:38:46] 
Next step: fe-ingest.sh /Users/esaruoho/work/merlib-mirror/sites/newphysics.se
[2026-08-12 23:38:46]   [1110 d0*] http://www.newphysics.se/teden/Tedenstig/own/PARTREF.doc  (1076 OK, 33 queued)
[2026-08-12 23:38:48]   [1115 d0*] http://www.newphysics.se/teden/Tedenstig/own/PARTF17.GIF  (1081 OK, 42 queued)
[2026-08-12 23:38:51]   [1120 d0*] http://www.newphysics.se/teden/Tedenstig/own/PARTF22.GIF  (1086 OK, 37 queued)
[2026-08-12 23:38:53]   [1125 d0*] http://www.newphysics.se/teden/Tedenstig/own/PARTF19.GIF  (1091 OK, 32 queued)
[2026-08-12 23:38:56]   [1130 d0*] http://www.newphysics.se/teden/Tedenstig/own/EPILOG.doc  (1096 OK, 27 queued)
[2026-08-12 23:38:58]   [1135 d0*] http://www.newphysics.se/teden/Tedenstig/own/PARTF13.GIF  (1101 OK, 39 queued)
[2026-08-12 23:39:01]   [1140] 1105 OK, 35 failed, 34 queued
[2026-08-12 23:39:01]     last fail: http://www.newphysics.se/teden/Tedenstig/own/Image33.gif
[2026-08-12 23:39:03]   [1145 d0*] http://www.newphysics.se/teden/Tedenstig/own/PARTF7.GIF  (1110 OK, 29 queued)
[2026-08-12 23:39:06]   [1150 d0*] http://www.newphysics.se/teden/Tedenstig/own/PARTF10.GIF  (1115 OK, 24 queued)
[2026-08-12 23:39:08]   [1155 d0*] http://www.newphysics.se/teden/Tedenstig/Tedenstig.jpg  (1120 OK, 19 queued)
[2026-08-12 23:39:12]   [1160] 1122 OK, 38 failed, 32 queued
[2026-08-12 23:39:12]     last fail: http://www.newphysics.se/teden/Tedenstig/CHAPTER8.DOC
[2026-08-12 23:39:23]   [1175 d0*] http://www.newphysics.se/teden/?C=D;O=A  (1128 OK, 25 queued)
[2026-08-12 23:39:27]   [1180 d0*] http://www.newphysics.se/teden/?C=N;O=D  (1133 OK, 22 queued)
[2026-08-12 23:39:30]   [1185 d0*] http://www.newphysics.se/teden/mu/?C=N;O=D  (1138 OK, 24 queued)
[2026-08-12 23:39:34]   [1190 d0*] http://www.newphysics.se/teden/mu/MatterUnified/muchapter14.doc  (1143 OK, 51 queued)
[2026-08-12 23:39:37]   [1195 d0*] http://www.newphysics.se/teden/mu/MatterUnified/muchapter7.doc  (1148 OK, 46 queued)
[2026-08-12 23:39:40]   [1200 d0*] http://www.newphysics.se/teden/mu/MatterUnified/muintroduction.doc  (1153 OK, 41 queued)
[2026-08-12 23:39:44]   [1205 d0*] http://www.newphysics.se/teden/mu/MatterUnified/LINKS.doc  (1158 OK, 36 queued)
[2026-08-12 23:39:48]   [1210 d0*] http://www.newphysics.se/teden/mu/MatterUnified/muchapter9.doc  (1163 OK, 31 queued)
[2026-08-12 23:39:51]   [1215 d0*] http://www.newphysics.se/teden/mu/MatterUnified/mudoabook.doc  (1168 OK, 26 queued)
[2026-08-12 23:39:54]   [1220 d0*] http://www.newphysics.se/teden/mu/?C=M;O=D  (1173 OK, 22 queued)
[2026-08-12 23:40:01]   [1230 d0*] http://www.newphysics.se/research/projects_se.html  (1179 OK, 14 queued)
[2026-08-12 23:40:03]   [1235 d0*] http://newphysics.se/images/gblnav_left.gif  (1184 OK, 10 queued)
[2026-08-12 23:40:06]   [1240 d0*] http://newphysics.se/archives/  (1189 OK, 5 queued)
[2026-08-12 23:40:08]   [1245 d0*] http://newphysics.se/members/  (1194 OK, 0 queued)
[2026-08-12 23:40:09] WordPress PDF extraction: found 4 PDF(s)
[2026-08-12 23:40:09]   PDFs: 0 downloaded, 4 cached, 0 failed
[2026-08-12 23:40:09] Generating index...
[2026-08-12 23:40:09] Index: 1259 files
[2026-08-12 23:40:09]   .txt: 505
[2026-08-12 23:40:09]   .gif: 203
[2026-08-12 23:40:09]   .html: 172
[2026-08-12 23:40:09]   .doc: 93
[2026-08-12 23:40:09]   .html__c%3dd%3bo%3da: 26
[2026-08-12 23:40:09]   .html__c%3dd%3bo%3dd: 26
[2026-08-12 23:40:09]   .html__c%3dm%3bo%3da: 26
[2026-08-12 23:40:09]   .html__c%3dm%3bo%3dd: 26
[2026-08-12 23:40:09]   .html__c%3dn%3bo%3da: 26
[2026-08-12 23:40:09]   .html__c%3dn%3bo%3dd: 26
[2026-08-12 23:40:09]   .html__c%3ds%3bo%3da: 26
[2026-08-12 23:40:09]   .html__c%3ds%3bo%3dd: 26
[2026-08-12 23:40:09]   .jpg: 14
[2026-08-12 23:40:09]   .pcx: 13
[2026-08-12 23:40:09]   .htm: 13
[2026-08-12 23:40:09] 
============================================================
[2026-08-12 23:40:09] LIVE MIRROR COMPLETE
[2026-08-12 23:40:09] Downloaded: 1245, OK: 1194, Failed: 51
[2026-08-12 23:40:09] Total URLs seen: 1256
[2026-08-12 23:40:09] ============================================================
[2026-08-12 23:40:09] 
Next step: fe-ingest.sh /Users/esaruoho/work/merlib-mirror/sites/newphysics.se
