[2026-08-03 17:38:57] ============================================================
[2026-08-03 17:38:57] LIVE MIRROR: www.radiondistics.com
[2026-08-03 17:38:57] Seed: https://www.radiondistics.com/
[2026-08-03 17:38:57] Seed path: /
[2026-08-03 17:38:57] Max link depth: 5
[2026-08-03 17:38:57] Output: /Users/esaruoho/work/merlib-mirror/sites/www.radiondistics.com
[2026-08-03 17:38:57] ============================================================
[2026-08-03 17:38:57] Crawling / (download-as-you-go)...
[2026-08-03 17:38:57]   [1 d0*] https://www.radiondistics.com/  (1 OK, 0 queued)
/Users/esaruoho/work/merlib-mirror/mirror.py:800: DeprecationWarning: datetime.datetime.utcnow() is deprecated and scheduled for removal in a future version. Use timezone-aware objects to represent datetimes in UTC: datetime.datetime.now(datetime.UTC).
  lines.append(f"mirror_date: {datetime.datetime.utcnow().strftime('%Y-%m-%dT%H:%M:%SZ')}")
[2026-08-03 17:38:57] Generating index...
[2026-08-03 17:38:57] Index: 1 files
[2026-08-03 17:38:57]   .html: 1
[2026-08-03 17:38:57] 
============================================================
[2026-08-03 17:38:57] LIVE MIRROR COMPLETE
[2026-08-03 17:38:57] Downloaded: 1, OK: 1, Failed: 0
[2026-08-03 17:38:57] Total URLs seen: 1
[2026-08-03 17:38:57] ------------------------------------------------------------
[2026-08-03 17:38:57] FRAMESET: this site's content is framed in from 1 off-domain target(s) — NOT included in this mirror:
[2026-08-03 17:38:57]   → https://www.radiondistics.altervista.org/
[2026-08-03 17:38:57] Queue those hosts as their own mirror jobs to capture the content.
[2026-08-03 17:38:57] ============================================================
[2026-08-03 17:38:57] 
Next step: fe-ingest.sh /Users/esaruoho/work/merlib-mirror/sites/www.radiondistics.com
site_to_paper: radiondistics.com — 1 HTML page(s)
site_to_paper: entry=index.html · reachable=1 · unreached=0
site_to_paper: wrote /Users/esaruoho/work/merlib-mirror/sites/radiondistics.com/_paper/radiondistics.com-CONSOLIDATED.md (0 chars from 1 pages)
site_to_paper: wrote 1 per-page markdown files to /Users/esaruoho/work/merlib-mirror/sites/radiondistics.com/_paper/pages
