[2026-08-13 09:28:58] ============================================================
[2026-08-13 09:28:58] LIVE MIRROR: elmer.unibas.ch
[2026-08-13 09:28:58] Seed: https://elmer.unibas.ch/pendulum/index.html
[2026-08-13 09:28:58] Seed path: /pendulum/index.html
[2026-08-13 09:28:58] Max link depth: 5
[2026-08-13 09:28:58] Path filter: '/pendulum/index.html' (links not containing this are dropped)
[2026-08-13 09:28:58] Output: /Users/esaruoho/work/merlib-mirror/sites/elmer.unibas.ch
[2026-08-13 09:28:58] ============================================================
[2026-08-13 09:28:58] Crawling /pendulum/index.html (download-as-you-go)...
[2026-08-13 09:28:58]   [1 d0*] https://elmer.unibas.ch/pendulum/index.html  (1 OK, 0 queued)
/Users/esaruoho/work/merlib-mirror/mirror.py:1005: DeprecationWarning: datetime.datetime.utcnow() is deprecated and scheduled for removal in a future version. Use timezone-aware objects to represent datetimes in UTC: datetime.datetime.now(datetime.UTC).
  lines.append(f"mirror_date: {datetime.datetime.utcnow().strftime('%Y-%m-%dT%H:%M:%SZ')}")
[2026-08-13 09:28:59] Generating index...
[2026-08-13 09:28:59] Index: 165 files
[2026-08-13 09:28:59]   .gif: 107
[2026-08-13 09:28:59]   .htm: 30
[2026-08-13 09:28:59]   .html: 16
[2026-08-13 09:28:59]   .jpg: 5
[2026-08-13 09:28:59]   .pdf: 3
[2026-08-13 09:28:59]   .tex: 2
[2026-08-13 09:28:59]   .js: 1
[2026-08-13 09:28:59]   .mpg: 1
[2026-08-13 09:28:59] 
============================================================
[2026-08-13 09:28:59] LIVE MIRROR COMPLETE
[2026-08-13 09:28:59] Downloaded: 1, OK: 1, Failed: 0
[2026-08-13 09:28:59] Total URLs seen: 7
[2026-08-13 09:28:59] ============================================================
[2026-08-13 09:28:59] 
Next step: fe-ingest.sh /Users/esaruoho/work/merlib-mirror/sites/elmer.unibas.ch
site_to_paper: elmer.unibas.ch — 46 HTML page(s)
site_to_paper: entry=index.html · reachable=46 · unreached=0
site_to_paper: wrote /Users/esaruoho/work/merlib-mirror/sites/elmer.unibas.ch/_paper/elmer.unibas.ch-CONSOLIDATED.md (152,419 chars from 46 pages)
site_to_paper: wrote 46 per-page markdown files to /Users/esaruoho/work/merlib-mirror/sites/elmer.unibas.ch/_paper/pages
site_to_allpages: elmer.unibas.ch — 46 page(s), entry=index.html, reachable=46, orphans=0
site_to_allpages: wrote /Users/esaruoho/work/merlib-mirror/sites/elmer.unibas.ch/_paper/allpages.html (376,752 chars, 46 pages, 676 internal links → anchors, 981 asset paths fixed)
site_to_allpages: weasyprint not found — skipping PDF (install it, or open allpages.html and ⌘P → Save as PDF)
