[2026-05-08 12:48:43] ============================================================
[2026-05-08 12:48:43] LIVE MIRROR: punainen.org
[2026-05-08 12:48:43] Seed: https://punainen.org/~biotek/physics/
[2026-05-08 12:48:43] Seed path: /~biotek/physics
[2026-05-08 12:48:43] Max link depth: 5
[2026-05-08 12:48:43] Output: /Users/esaruoho/work/merlib-mirror/sites/punainen.org
[2026-05-08 12:48:43] ============================================================
[2026-05-08 12:48:43] Crawling /~biotek/physics (download-as-you-go)...
[2026-05-08 12:48:43]   [1 d0*] https://punainen.org/~biotek/physics/  (1 OK, 0 queued)
[2026-05-08 12:48:43]     +37 links (38 total known)
[2026-05-08 12:48:44]   [2 d0*] https://punainen.org/~biotek/physics/negative_mass/  (2 OK, 36 queued)
[2026-05-08 12:48:44]     +1 links (39 total known)
[2026-05-08 12:48:44]   [3 d0*] https://punainen.org/~biotek/physics/negative_mass/negative_mass.pde  (3 OK, 36 queued)
[2026-05-08 12:48:45]   [4 d0*] https://punainen.org/~biotek/physics/lattice/  (4 OK, 35 queued)
[2026-05-08 12:48:45]     +1 links (40 total known)
[2026-05-08 12:48:45]   [5 d0*] https://punainen.org/~biotek/physics/lattice/test.pde  (5 OK, 35 queued)
[2026-05-08 12:48:46]   [6 d0*] https://punainen.org/~biotek/physics/particle/  (6 OK, 34 queued)
[2026-05-08 12:48:46]     +1 links (41 total known)
[2026-05-08 12:48:47]   [7 d0*] https://punainen.org/~biotek/physics/particle/wave.pde  (7 OK, 34 queued)
[2026-05-08 12:48:47]   [8 d0*] https://punainen.org/~biotek/physics/wave/  (8 OK, 33 queued)
[2026-05-08 12:48:47]     +1 links (42 total known)
[2026-05-08 12:48:48]   [9 d0*] https://punainen.org/~biotek/physics/wave/wave.pde  (9 OK, 33 queued)
[2026-05-08 12:48:48]   [10 d0*] https://punainen.org/~biotek/physics/monopole2/  (10 OK, 32 queued)
[2026-05-08 12:48:48]     +1 links (43 total known)
[2026-05-08 12:48:51]   [15 d0*] https://punainen.org/~biotek/physics/fluid3/test2.pde  (15 OK, 30 queued)
[2026-05-08 12:48:54]   [20 d0*] https://punainen.org/~biotek/physics/box1d/  (20 OK, 27 queued)
[2026-05-08 12:48:54]     +1 links (48 total known)
[2026-05-08 12:48:57]   [25 d0*] https://punainen.org/~biotek/physics/?C=N;O=A  (25 OK, 25 queued)
[2026-05-08 12:49:00]   [30 d0*] https://punainen.org/~biotek/physics/visscher1d/  (30 OK, 22 queued)
[2026-05-08 12:49:00]     +1 links (53 total known)
[2026-05-08 12:49:03]   [35 d0*] https://punainen.org/~biotek/physics/?C=S;O=D  (35 OK, 20 queued)
[2026-05-08 12:49:06]   [40 d0*] https://punainen.org/~biotek/physics/randomwalk/  (40 OK, 17 queued)
[2026-05-08 12:49:06]     +1 links (58 total known)
[2026-05-08 12:49:09]   [45 d0*] https://punainen.org/~biotek/physics/plate/plate.pde  (45 OK, 15 queued)
[2026-05-08 12:49:12]   [50 d0*] https://punainen.org/~biotek/physics/scatter/  (50 OK, 12 queued)
[2026-05-08 12:49:12]     +1 links (63 total known)
[2026-05-08 12:49:14]   [55 d0*] https://punainen.org/~biotek/physics/gravity/test.pde  (55 OK, 10 queued)
[2026-05-08 12:49:17]   [60 d0*] https://punainen.org/~biotek/physics/harmonic3/  (60 OK, 7 queued)
[2026-05-08 12:49:17]     +1 links (68 total known)
[2026-05-08 12:49:20]   [65 d0*] https://punainen.org/~biotek/physics/harmonic4/timeplot1d.pde  (65 OK, 5 queued)
[2026-05-08 12:49:23]   [70 d1] https://punainen.org/icons/folder.gif  (69 OK, 1 queued)
[2026-05-08 12:49:24] Generating index...
[2026-05-08 12:49:24] Index: 70 files
[2026-05-08 12:49:24]   .html: 30
[2026-05-08 12:49:24]   .pde: 29
[2026-05-08 12:49:24]   .gif: 3
[2026-05-08 12:49:24]   .html__c%3dd%3bo%3da: 1
[2026-05-08 12:49:24]   .html__c%3dd%3bo%3dd: 1
[2026-05-08 12:49:24]   .html__c%3dm%3bo%3da: 1
[2026-05-08 12:49:24]   .html__c%3dm%3bo%3dd: 1
[2026-05-08 12:49:24]   .html__c%3dn%3bo%3da: 1
[2026-05-08 12:49:24]   .html__c%3dn%3bo%3dd: 1
[2026-05-08 12:49:24]   .html__c%3ds%3bo%3da: 1
[2026-05-08 12:49:24]   .html__c%3ds%3bo%3dd: 1
[2026-05-08 12:49:24] 
============================================================
[2026-05-08 12:49:24] LIVE MIRROR COMPLETE
[2026-05-08 12:49:24] Downloaded: 71, OK: 70, Failed: 1
[2026-05-08 12:49:24] Total URLs seen: 71
[2026-05-08 12:49:24] ============================================================
[2026-05-08 12:49:24] 
Next step: fe-ingest.sh /Users/esaruoho/work/merlib-mirror/sites/punainen.org
