[2026-08-13 09:54:12] ============================================================
[2026-08-13 09:54:12] LIVE MIRROR: punainen.org
[2026-08-13 09:54:12] Seed: https://punainen.org/~biotek/physics/
[2026-08-13 09:54:12] Seed path: /~biotek/physics
[2026-08-13 09:54:12] Max link depth: 5
[2026-08-13 09:54:12] Path filter: '/~biotek/physics' (links not containing this are dropped)
[2026-08-13 09:54:12] Output: /Users/esaruoho/work/merlib-mirror/sites/punainen.org
[2026-08-13 09:54:12] ============================================================
[2026-08-13 09:54:12] Crawling /~biotek/physics (download-as-you-go)...
[2026-08-13 09:54:12]   [1 d0*] https://punainen.org/~biotek/physics/  (1 OK, 0 queued)
[2026-08-13 09:54:12]     +33 links (38 total known)
[2026-08-13 09:54:12]   [2 d0*] https://punainen.org/~biotek/physics/particle2d/  (2 OK, 32 queued)
[2026-08-13 09:54:12]     +1 links (39 total known)
[2026-08-13 09:54:13]   [3 d0*] https://punainen.org/~biotek/physics/particle2d/particle2d.pde  (3 OK, 32 queued)
[2026-08-13 09:54:13]   [4 d0*] https://punainen.org/~biotek/physics/automata1d/  (4 OK, 31 queued)
[2026-08-13 09:54:13]     +1 links (40 total known)
[2026-08-13 09:54:14]   [5 d0*] https://punainen.org/~biotek/physics/automata1d/automata1d.pde  (5 OK, 31 queued)
[2026-08-13 09:54:14]   [6 d0*] https://punainen.org/~biotek/physics/?C=N;O=D  (6 OK, 30 queued)
[2026-08-13 09:54:14]     +1 links (41 total known)
[2026-08-13 09:54:15]   [7 d0*] https://punainen.org/~biotek/physics/?C=N;O=A  (7 OK, 30 queued)
[2026-08-13 09:54:15]   [8 d0*] https://punainen.org/~biotek/physics/harmonic3/  (8 OK, 29 queued)
[2026-08-13 09:54:15]     +1 links (42 total known)
[2026-08-13 09:54:16]   [9 d0*] https://punainen.org/~biotek/physics/harmonic3/timeplot1d.pde  (9 OK, 29 queued)
[2026-08-13 09:54:16]   [10 d0*] https://punainen.org/~biotek/physics/negative_mass/  (10 OK, 28 queued)
[2026-08-13 09:54:16]     +1 links (43 total known)
[2026-08-13 09:54:19]   [15 d0*] https://punainen.org/~biotek/physics/barrier/wave.pde  (15 OK, 26 queued)
[2026-08-13 09:54:21]   [20 d0*] https://punainen.org/~biotek/physics/box1d/  (20 OK, 23 queued)
/Users/esaruoho/work/merlib-mirror/mirror.py:89: DeprecationWarning: datetime.datetime.utcnow() is deprecated and scheduled for removal in a future version. Use timezone-aware objects to represent datetimes in UTC: datetime.datetime.now(datetime.UTC).
  "ts_iso": datetime.datetime.utcnow().strftime("%Y-%m-%dT%H:%M:%SZ"),
[2026-08-13 09:54:21]     +1 links (48 total known)
[2026-08-13 09:54:24]   [25 d0*] https://punainen.org/~biotek/physics/string/string.pde  (25 OK, 21 queued)
[2026-08-13 09:54:27]   [30 d0*] https://punainen.org/~biotek/physics/?C=M;O=A  (30 OK, 18 queued)
[2026-08-13 09:54:27]     +1 links (53 total known)
[2026-08-13 09:54:29]   [35 d0*] https://punainen.org/~biotek/physics/brownian/brownian.pde  (35 OK, 16 queued)
[2026-08-13 09:54:32]   [40 d0*] https://punainen.org/~biotek/physics/particles2/  (40 OK, 13 queued)
[2026-08-13 09:54:32]     +1 links (58 total known)
[2026-08-13 09:54:34]   [45 d0*] https://punainen.org/~biotek/physics/visscher1d/particle1d.pde  (45 OK, 11 queued)
[2026-08-13 09:54:37]   [50 d0*] https://punainen.org/~biotek/physics/lattice0001/  (50 OK, 8 queued)
[2026-08-13 09:54:37]     +1 links (63 total known)
[2026-08-13 09:54:39]   [55 d0*] https://punainen.org/~biotek/physics/gravity/test.pde  (55 OK, 6 queued)
[2026-08-13 09:54:42]   [60 d0*] https://punainen.org/~biotek/physics/randomwalk/  (60 OK, 3 queued)
[2026-08-13 09:54:42]     +1 links (68 total known)
[2026-08-13 09:54:44]   [65 d0*] https://punainen.org/~biotek/physics/particles/test2.pde  (65 OK, 1 queued)
/Users/esaruoho/work/merlib-mirror/mirror.py:1005: DeprecationWarning: datetime.datetime.utcnow() is deprecated and scheduled for removal in a future version. Use timezone-aware objects to represent datetimes in UTC: datetime.datetime.now(datetime.UTC).
  lines.append(f"mirror_date: {datetime.datetime.utcnow().strftime('%Y-%m-%dT%H:%M:%SZ')}")
[2026-08-13 09:54:46] Generating index...
[2026-08-13 09:54:46] Index: 70 files
[2026-08-13 09:54:46]   .html: 30
[2026-08-13 09:54:46]   .pde: 29
[2026-08-13 09:54:46]   .gif: 3
[2026-08-13 09:54:46]   .html__c%3dd%3bo%3da: 1
[2026-08-13 09:54:46]   .html__c%3dd%3bo%3dd: 1
[2026-08-13 09:54:46]   .html__c%3dm%3bo%3da: 1
[2026-08-13 09:54:46]   .html__c%3dm%3bo%3dd: 1
[2026-08-13 09:54:46]   .html__c%3dn%3bo%3da: 1
[2026-08-13 09:54:46]   .html__c%3dn%3bo%3dd: 1
[2026-08-13 09:54:46]   .html__c%3ds%3bo%3da: 1
[2026-08-13 09:54:46]   .html__c%3ds%3bo%3dd: 1
[2026-08-13 09:54:46] 
============================================================
[2026-08-13 09:54:46] LIVE MIRROR COMPLETE
[2026-08-13 09:54:46] Downloaded: 67, OK: 67, Failed: 0
[2026-08-13 09:54:46] Total URLs seen: 71
[2026-08-13 09:54:46] ============================================================
[2026-08-13 09:54:46] 
Next step: fe-ingest.sh /Users/esaruoho/work/merlib-mirror/sites/punainen.org
site_to_paper: punainen.org — 30 HTML page(s)
site_to_paper: entry=~biotek/physics/index.html · reachable=30 · unreached=0
site_to_paper: wrote /Users/esaruoho/work/merlib-mirror/sites/punainen.org/_paper/punainen.org-CONSOLIDATED.md (9,210 chars from 30 pages)
site_to_paper: wrote 30 per-page markdown files to /Users/esaruoho/work/merlib-mirror/sites/punainen.org/_paper/pages
site_to_allpages: punainen.org — 30 page(s), entry=~biotek/physics/index.html, reachable=30, orphans=0
site_to_allpages: wrote /Users/esaruoho/work/merlib-mirror/sites/punainen.org/_paper/allpages.html (72,904 chars, 30 pages, 29 internal links → anchors, 65 asset paths fixed)
site_to_allpages: weasyprint not found — skipping PDF (install it, or open allpages.html and ⌘P → Save as PDF)
