[2026-04-29 14:57:04] ============================================================
[2026-04-29 14:57:04] WAYBACK MIRROR: villesresearch.com
[2026-04-29 14:57:04] Output: /Users/esaruoho/work/merlib-mirror/sites/villesresearch.com
[2026-04-29 14:57:04] Delay: 1.0s
[2026-04-29 14:57:04] ============================================================
[2026-04-29 14:57:04] Resuming: phase=complete, 1 already done
[2026-04-29 14:57:04] 
=== PHASE 3: Generating Index ===
[2026-04-29 14:57:04] Generating index...
[2026-04-29 14:57:04] Index: 86 files
[2026-04-29 14:57:04]   .jpg: 56
[2026-04-29 14:57:04]   .txt: 15
[2026-04-29 14:57:04]   .html: 11
[2026-04-29 14:57:04]   .json: 2
[2026-04-29 14:57:04]   .xml: 1
[2026-04-29 14:57:04]   .css: 1
[2026-04-29 14:57:04] 
============================================================
[2026-04-29 14:57:04] MIRROR COMPLETE
[2026-04-29 14:57:04] Total URLs: 1
[2026-04-29 14:57:04] Downloaded: 1
[2026-04-29 14:57:04] Failed: 0
[2026-04-29 14:57:04] Files: 86
[2026-04-29 14:57:04] ============================================================
[2026-04-29 14:57:04] 
Next step: fe-ingest.sh /Users/esaruoho/work/merlib-mirror/sites/villesresearch.com
