[2026-05-15 00:09:21] ============================================================
[2026-05-15 00:09:21] WAYBACK MIRROR: www.gyroscopes.org
[2026-05-15 00:09:21] Output: /Users/esaruoho/work/merlib-mirror/sites/www.gyroscopes.org
[2026-05-15 00:09:21] Delay: 1.0s
[2026-05-15 00:09:21] ============================================================
[2026-05-15 00:09:21] Resuming: phase=init, 0 already done
[2026-05-15 00:09:21] 
=== PHASE 1: URL Discovery ===
[2026-05-15 00:09:21] Querying CDX for www.gyroscopes.org/*...
[2026-05-15 00:09:58]   Found 1777 URLs for www.gyroscopes.org/*
[2026-05-15 00:09:58] Querying CDX for www.www.gyroscopes.org/*...
[2026-05-15 00:10:21]   No results for www.www.gyroscopes.org/*
[2026-05-15 00:12:06] Total unique valid URLs: 1086
[2026-05-15 00:12:06]   text/html: 550
[2026-05-15 00:12:06]   image/jpeg: 275
[2026-05-15 00:12:06]   image/gif: 130
[2026-05-15 00:12:06]   application/pdf: 79
[2026-05-15 00:12:06]   application/vnd.rn-realmedia: 22
[2026-05-15 00:12:06]   video/x-ms-wmv: 22
[2026-05-15 00:12:06]   video/quicktime: 5
[2026-05-15 00:12:06]   image/x-icon: 1
[2026-05-15 00:12:06]   text/css: 1
[2026-05-15 00:12:06]   video/mpeg: 1
[2026-05-15 00:12:06] 
=== PHASE 2: Downloading ===
[2026-05-15 00:12:35] [10/1086] OK 104.71975511965966 (3,508b) @20071028
[2026-05-15 00:13:49] [20/1086] OK 23.gif (5,834b) @20041211
[2026-05-15 00:16:09] [30/1086] OK 376.9911184307748 (3,508b) @20071028
[2026-05-15 00:18:21] [40/1086] OK 852.3140869189101 (3,508b) @20071028
[2026-05-15 00:19:43] [50/1086] OK forum/answerquestion.asp__id%3D101 (6,751b) @20031231
[2026-05-15 00:19:44] --- Progress: 50/1086 (4%) | New: 50 | Rate: 7/min ---
[2026-05-15 00:21:11] [60/1086] OK forum/answerquestion.asp__id%3D115 (6,875b) @20040225
[2026-05-15 00:23:14] [70/1086] OK forum/answerquestion.asp__id%3D1340 (8,040b) @20110828
[2026-05-15 00:25:36] [80/1086] OK forum/answerquestion.asp__id%3D30 (6,749b) @20040123
[2026-05-15 00:26:38] [90/1086] OK forum/answerquestion.asp__id%3D445 (7,264b) @20070116
[2026-05-15 00:27:52] [100/1086] OK forum/answerquestion.asp__id%3D58 (6,713b) @20040120
[2026-05-15 00:27:53] --- Progress: 100/1086 (9%) | New: 100 | Rate: 6/min ---
[2026-05-15 00:29:22] [110/1086] OK forum/answerquestion.asp__id%3D70 (6,968b) @20040120
[2026-05-15 00:30:53] [120/1086] OK forum/answerquestion.asp__id%3D75 (6,922b) @20040109
[2026-05-15 00:32:35] [130/1086] OK forum/answerquestion.asp__id%3D779 (8,809b) @20071029
[2026-05-15 00:33:52] [140/1086] OK forum/answerquestion.asp__id%3D790 (8,269b) @20071029
[2026-05-15 00:35:37] [150/1086] OK forum/answerquestion.asp__id%3D80 (6,925b) @20040109
[2026-05-15 00:35:38] --- Progress: 150/1086 (13%) | New: 150 | Rate: 6/min ---
[2026-05-15 00:37:43] [160/1086] OK forum/answerquestion.asp__id%3D92 (6,941b) @20040109
[2026-05-15 00:40:26] [170/1086] OK forum/qa.asp__forum%3D1 (11,131b) @20070112
[2026-05-15 00:41:46] [180/1086] OK forum/qa.asp__page%3D2 (15,618b) @20031205
[2026-05-15 00:43:43] [190/1086] OK forum/questions.asp__id%3D105 (5,073b) @20231015
[2026-05-15 00:45:39] [200/1086] OK forum/questions.asp__id%3D119 (4,936b) @20040205
[2026-05-15 00:45:40] --- Progress: 200/1086 (18%) | New: 200 | Rate: 6/min ---
[2026-05-15 00:47:29] [210/1086] OK forum/questions.asp__id%3D1522 (12,846b) @20190416
[2026-05-15 00:48:44] [220/1086] OK forum/questions.asp__id%3D26 (4,865b) @20030731
[2026-05-15 00:50:29] [230/1086] OK forum/questions.asp__id%3D3013 (12,149b) @20210120
[2026-05-15 00:51:41] [240/1086] OK forum/questions.asp__id%3D3032 (6,621b) @20210415
[2026-05-15 00:53:51] [250/1086] OK forum/questions.asp__id%3D308 (5,580b) @20050508
[2026-05-15 00:53:52] --- Progress: 250/1086 (23%) | New: 250 | Rate: 6/min ---
[2026-05-15 00:56:07] [260/1086] OK forum/questions.asp__id%3D396 (16,823b) @20060427
[2026-05-15 00:57:11] [270/1086] OK forum/questions.asp__id%3D445 (5,510b) @20070115
[2026-05-15 00:59:20] [280/1086] OK forum/questions.asp__id%3D477 (6,273b) @20060503
[2026-05-15 01:01:41] [290/1086] OK forum/questions.asp__id%3D572 (7,103b) @20250821
[2026-05-15 01:03:04] [300/1086] OK forum/questions.asp__id%3D627 (6,377b) @20070305
[2026-05-15 01:03:05] --- Progress: 300/1086 (27%) | New: 300 | Rate: 6/min ---
[2026-05-15 01:05:13] [310/1086] OK forum/questions.asp__id%3D65 (6,003b) @20040112
[2026-05-15 01:07:16] [320/1086] OK forum/questions.asp__id%3D685 (5,878b) @20070305
[2026-05-15 01:08:26] [330/1086] OK forum/questions.asp__id%3D697 (5,379b) @20070305
[2026-05-15 01:09:46] [340/1086] OK forum/questions.asp__id%3D737 (5,657b) @20071029
[2026-05-15 01:12:57] [350/1086] OK forum/questions.asp__id%3D77 (5,478b) @20040103
[2026-05-15 01:12:58] --- Progress: 350/1086 (32%) | New: 350 | Rate: 6/min ---
[2026-05-15 01:14:40] [360/1086] OK forum/questions.asp__id%3D782 (5,996b) @20071029
[2026-05-15 01:15:56] [370/1086] OK forum/questions.asp__id%3D795 (5,439b) @20071029
[2026-05-15 01:18:46] [380/1086] OK forum/questions.asp__id%3D82 (5,048b) @20031218
[2026-05-15 01:21:33] [390/1086] OK forum/questions.asp__id%3D94 (14,555b) @20031228
[2026-05-15 01:23:49] [400/1086] OK gallery.asp__page%3D1 (12,141b) @20040228
[2026-05-15 01:23:50] --- Progress: 400/1086 (36%) | New: 400 | Rate: 6/min ---
[2026-05-15 01:25:08] [410/1086] OK gallery/12s.jpg (2,544b) @20231015
[2026-05-15 01:26:14] [420/1086] OK gallery/17s.jpg (4,186b) @20231015
[2026-05-15 01:28:29] [430/1086] OK gallery/25s.jpg (2,637b) @20040415
[2026-05-15 01:30:12] [440/1086] OK gallery/3.jpg (9,966b) @20220428
[2026-05-15 01:32:38] [450/1086] OK gallery/35.jpg (6,650b) @20231015
[2026-05-15 01:32:39] --- Progress: 450/1086 (41%) | New: 450 | Rate: 6/min ---
[2026-05-15 01:33:21] [460/1086] OK gallery/4.jpg (26,325b) @20061117
[2026-05-15 01:34:36] [470/1086] OK gallery/44s.jpg (3,079b) @20040807
[2026-05-15 01:36:40] [480/1086] OK gallery/52s.jpg (2,612b) @20220428
[2026-05-15 01:39:16] [490/1086] OK gallery/57s.jpg (2,266b) @20041212
[2026-05-15 01:40:25] [500/1086] OK gallery/61s.jpg (3,092b) @20041212
[2026-05-15 01:40:26] --- Progress: 500/1086 (46%) | New: 500 | Rate: 6/min ---
[2026-05-15 01:41:45] [510/1086] OK gallery/67.jpg (29,968b) @20071029
[2026-05-15 01:44:29] [520/1086] OK gallery/74s.jpg (3,291b) @20040317
[2026-05-15 01:45:41] [530/1086] OK gallery/7s.jpg (2,290b) @20060509
[2026-05-15 01:46:45] [540/1086] OK gallery/84s.jpg (8,956b) @20041212
[2026-05-15 01:48:13] [550/1086] OK glossary.asp (12,905b) @20030627
[2026-05-15 01:48:14] --- Progress: 550/1086 (50%) | New: 550 | Rate: 6/min ---
[2026-05-15 01:50:34] [560/1086] FAIL http://www.gyroscopes.org:80/iesite.css
[2026-05-15 01:51:05] [561/1086] OK images/1974lecture/1.jpg (6,894b) @20211028
[2026-05-15 01:51:49] [571/1086] OK images/1974lecture/19.jpg (6,713b) @20070224
[2026-05-15 01:52:57] [581/1086] OK images/general/boatgyro.jpg (4,363b) @20071028
[2026-05-15 01:55:18] [591/1086] OK images/levitron/top2.gif (9,299b) @20050523
[2026-05-15 01:56:58] --- Progress: 600/1086 (55%) | New: 599 | Rate: 6/min ---
[2026-05-15 01:57:10] [601/1086] OK images/misc/coriolis.gif (4,138b) @20051119
[2026-05-15 01:58:25] [611/1086] OK images/misc/russell1.gif (15,653b) @20060822
[2026-05-15 02:00:20] [621/1086] OK images/mystuff/3b.jpg (23,524b) @20070314
[2026-05-15 02:01:32] [631/1086] OK images/mystuff/4s.jpg (3,881b) @20071028
[2026-05-15 02:03:41] [641/1086] OK images/mystuff/6cs.jpg (4,629b) @20200128
[2026-05-15 02:05:06] --- Progress: 650/1086 (59%) | New: 649 | Rate: 6/min ---
[2026-05-15 02:05:17] [651/1086] OK images/topview/sananim1.gif (4,603b) @20051222
[2026-05-15 02:07:28] [661/1086] OK images/win.jpg (720b) @20200128
[2026-05-15 02:09:14] [671/1086] OK images\mystuff\1s.jpg (3,493b) @20061130
[2026-05-15 02:10:33] [681/1086] OK images\mystuff\5as.jpg (6,972b) @20061130
[2026-05-15 02:12:18] [691/1086] OK links.asp__dir%3DProplusion%2BTheories%2B%2526%2BResearch (7,407b) @20040224
[2026-05-15 02:15:09] --- Progress: 700/1086 (64%) | New: 699 | Rate: 6/min ---
[2026-05-15 02:15:22] [701/1086] OK links.asp__dir%3DProducts (4,895b) @20040411
[2026-05-15 02:16:01] [703/1086] FAIL http://www.gyroscopes.org:80/linkthrough.asp
[2026-05-15 02:17:44] [712/1086] OK mccabe/15.gif (129,392b) @20211028
[2026-05-15 02:19:44] [722/1086] OK mccabe/24.gif (59,179b) @20120216
[2026-05-15 02:21:36] [732/1086] OK mccabe/9.gif (24,608b) @20231015
[2026-05-15 02:25:15] [737/1086] FAIL http://www.gyroscopes.org/mccabe/mccabe/13.gif
[2026-05-15 02:25:39] [743/1086] OK mccabe/mccabe/19.gif (5,851b) @20120312
[2026-05-15 02:27:07] --- Progress: 750/1086 (69%) | New: 747 | Rate: 6/min ---
[2026-05-15 02:27:25] [753/1086] OK mccabe\mccabe3.asp (3,702b) @20040228
[2026-05-15 02:29:07] [763/1086] OK papers/The multiplication of bananas by umbrellas.pdf (656,731b) @20051124
[2026-05-15 02:32:40] [773/1086] OK patents/3807244Estrade.gif (2,736b) @20061202
[2026-05-15 02:33:14] [783/1086] OK patents/3916704Gaberson.gif (3,162b) @20040215
[2026-05-15 02:34:52] [793/1086] OK patents/4095460Cuff.gif (2,941b) @20040215
[2026-05-15 02:37:02] --- Progress: 800/1086 (73%) | New: 797 | Rate: 6/min ---
[2026-05-15 02:37:23] [803/1086] OK patents/4398431Melnick.gif (3,773b) @20070224
[2026-05-15 02:38:49] [813/1086] OK patents/4577520Colla.gif (2,834b) @20070224
[2026-05-15 02:41:32] [823/1086] OK patents/4712439North.gif (3,180b) @20071028
[2026-05-15 02:42:47] [833/1086] OK patents/4788882Fulop.gif (2,912b) @20061202
[2026-05-15 02:45:12] [843/1086] OK patents/4967983Motts.gif (3,285b) @20071028
[2026-05-15 02:47:16] --- Progress: 850/1086 (78%) | New: 847 | Rate: 5/min ---
[2026-05-15 02:47:35] [853/1086] OK patents/5090260Delroy.gif (3,273b) @20071028
[2026-05-15 02:48:38] [863/1086] OK patents/5167163McMahon.gif (4,119b) @20071028
[2026-05-15 02:50:13] [873/1086] OK patents/5280864Woodward.gif (2,947b) @20070224
[2026-05-15 02:52:12] [883/1086] OK patents/5377936Mitchell.gif (3,273b) @20040215
[2026-05-15 02:53:50] [893/1086] OK patents/5473957Navarro.gif (3,344b) @20231015
[2026-05-15 02:55:21] --- Progress: 900/1086 (82%) | New: 897 | Rate: 6/min ---
[2026-05-15 02:55:44] [903/1086] OK patents/5782134Bouden.gif (3,221b) @20070225
[2026-05-15 02:57:06] [913/1086] OK products/super.jpg (2,666b) @20050406
[2026-05-15 02:58:59] [923/1086] OK showfull.asp__imagename%3D14.jpg (369b) @20060509
[2026-05-15 03:00:10] [933/1086] OK showfull.asp__imagename%3D27.jpg (369b) @20040807
[2026-05-15 03:02:08] [943/1086] OK showfull.asp__imagename%3D36.jpg (369b) @20071029
[2026-05-15 03:03:06] --- Progress: 950/1086 (87%) | New: 947 | Rate: 6/min ---
[2026-05-15 03:03:25] [953/1086] OK showfull.asp__imagename%3D49.jpg (369b) @20071029
[2026-05-15 03:04:36] [963/1086] OK showfull.asp__imagename%3D58.jpg (369b) @20071029
[2026-05-15 03:07:01] [973/1086] OK showfull.asp__imagename%3D67.jpg (369b) @20071029
[2026-05-15 03:08:15] [983/1086] OK showfull.asp__imagename%3D8.jpg (368b) @20060509
[2026-05-15 03:09:18] [993/1086] OK showfull2.asp (370b) @20040811
[2026-05-15 03:10:16] --- Progress: 1000/1086 (92%) | New: 997 | Rate: 6/min ---
[2026-05-15 03:10:37] [1003/1086] OK showfull2.asp__imagename%3D6a.jpg (376b) @20061130
[2026-05-15 03:13:15] [1013/1086] OK video/11hi.rm (756,049b) @20060906
[2026-05-15 03:14:12] [1023/1086] OK video/14hi.wmv (6,459,486b) @20231015
[2026-05-15 03:16:20] [1033/1086] OK video/17s.jpg (1,506b) @20231015
[2026-05-15 03:17:50] [1043/1086] OK video/20hi.rm (481,898b) @20061112
[2026-05-15 03:19:20] --- Progress: 1050/1086 (96%) | New: 1047 | Rate: 6/min ---
[2026-05-15 03:20:48] [1053/1086] OK video/2hi.wmv (2,083,144b) @20040508
[2026-05-15 03:21:53] [1063/1086] OK video/5s.jpg (1,124b) @20211028
[2026-05-15 03:24:22] [1073/1086] OK video/9hi.rm (456,092b) @20060906
[2026-05-15 03:27:20] [1083/1086] OK video/P1010089.GIF (6,664b) @20040304
[2026-05-15 03:27:33] 
=== PHASE 3: Generating Index ===
[2026-05-15 03:27:33] Generating index...
[2026-05-15 03:27:33] Index: 1144 files
[2026-05-15 03:27:33]   .jpg: 360
[2026-05-15 03:27:33]   .gif: 156
[2026-05-15 03:27:33]   .pdf: 79
[2026-05-15 03:27:33]   .txt: 61
[2026-05-15 03:27:33]   .asp: 43
[2026-05-15 03:27:33]   .rm: 22
[2026-05-15 03:27:33]   .wmv: 22
[2026-05-15 03:27:33]   .mov: 5
[2026-05-15 03:27:33]   .asp__id%3d101: 2
[2026-05-15 03:27:33]   .asp__id%3d102: 2
[2026-05-15 03:27:33]   .asp__id%3d104: 2
[2026-05-15 03:27:33]   .asp__id%3d109: 2
[2026-05-15 03:27:33]   .asp__id%3d110: 2
[2026-05-15 03:27:33]   .asp__id%3d111: 2
[2026-05-15 03:27:33]   .asp__id%3d114: 2
[2026-05-15 03:27:33] 
============================================================
[2026-05-15 03:27:33] MIRROR COMPLETE
[2026-05-15 03:27:33] Total URLs: 1086
[2026-05-15 03:27:33] Downloaded: 1083
[2026-05-15 03:27:33] Failed: 3
[2026-05-15 03:27:33] Files: 1144
[2026-05-15 03:27:33] ============================================================
[2026-05-15 03:27:33] 
Next step: fe-ingest.sh /Users/esaruoho/work/merlib-mirror/sites/www.gyroscopes.org
