[2026-03-22 23:20:15] ============================================================
[2026-03-22 23:20:15] LIVE MIRROR: perlenschnur.org
[2026-03-22 23:20:15] Seed: https://perlenschnur.org
[2026-03-22 23:20:15] Output: merlib-mirror/sites/perlenschnur.org
[2026-03-22 23:20:15] Max discovery pages: 500
[2026-03-22 23:20:15] ============================================================
[2026-03-22 23:20:15] Discovering links (BFS)...
[2026-03-22 23:20:18]   Crawled 10 pages, 124 URLs found so far...
[2026-03-22 23:20:24]   Crawled 20 pages, 245 URLs found so far...
[2026-03-22 23:20:28]   Crawled 30 pages, 325 URLs found so far...
[2026-03-22 23:20:36]   Crawled 50 pages, 413 URLs found so far...
[2026-03-22 23:20:45]   Crawled 70 pages, 418 URLs found so far...
[2026-03-22 23:20:48]   Crawled 80 pages, 424 URLs found so far...
[2026-03-22 23:20:52]   Crawled 90 pages, 434 URLs found so far...
[2026-03-22 23:20:58]   Crawled 110 pages, 480 URLs found so far...
[2026-03-22 23:21:09]   Crawled 140 pages, 572 URLs found so far...
[2026-03-22 23:21:12]   Crawled 150 pages, 629 URLs found so far...
[2026-03-22 23:21:16]   Crawled 160 pages, 701 URLs found so far...
[2026-03-22 23:21:25]   Crawled 180 pages, 1155 URLs found so far...
[2026-03-22 23:21:36] Discovered 1405 URLs (crawled 209 pages for links)
[2026-03-22 23:22:02] Progress: 20/1405 (18 OK)
[2026-03-22 23:22:16] Progress: 40/1405 (38 OK)
[2026-03-22 23:22:36] Progress: 60/1405 (57 OK)
[2026-03-22 23:22:50] Progress: 80/1405 (77 OK)
[2026-03-22 23:23:04] Progress: 100/1405 (97 OK)
[2026-03-22 23:23:18] Progress: 120/1405 (117 OK)
[2026-03-22 23:23:32] Progress: 140/1405 (137 OK)
[2026-03-22 23:23:46] Progress: 160/1405 (157 OK)
[2026-03-22 23:24:00] Progress: 180/1405 (177 OK)
[2026-03-22 23:24:14] Progress: 200/1405 (197 OK)
[2026-03-22 23:24:27] Progress: 220/1405 (217 OK)
[2026-03-22 23:24:40] Progress: 240/1405 (237 OK)
[2026-03-22 23:24:54] Progress: 260/1405 (257 OK)
[2026-03-22 23:25:37] Progress: 280/1405 (276 OK)
[2026-03-22 23:25:50] Progress: 300/1405 (296 OK)
[2026-03-22 23:26:04] Progress: 320/1405 (316 OK)
[2026-03-22 23:26:17] Progress: 340/1405 (336 OK)
[2026-03-22 23:26:31] Progress: 360/1405 (356 OK)
[2026-03-22 23:26:44] Progress: 380/1405 (376 OK)
[2026-03-22 23:26:57] Progress: 400/1405 (396 OK)
[2026-03-22 23:27:09] Progress: 420/1405 (416 OK)
[2026-03-22 23:27:20] Progress: 440/1405 (436 OK)
[2026-03-22 23:27:31] Progress: 460/1405 (456 OK)
[2026-03-22 23:27:54] Progress: 480/1405 (475 OK)
[2026-03-22 23:28:04] Progress: 500/1405 (495 OK)
[2026-03-22 23:28:14] Progress: 520/1405 (515 OK)
[2026-03-22 23:28:24] Progress: 540/1405 (535 OK)
[2026-03-22 23:28:34] Progress: 560/1405 (555 OK)
[2026-03-22 23:28:52] Progress: 580/1405 (574 OK)
[2026-03-22 23:29:08] Progress: 600/1405 (593 OK)
[2026-03-22 23:29:25] Progress: 620/1405 (612 OK)
[2026-03-22 23:29:35] Progress: 640/1405 (632 OK)
[2026-03-22 23:29:45] Progress: 660/1405 (652 OK)
[2026-03-22 23:29:55] Progress: 680/1405 (672 OK)
[2026-03-22 23:30:05] Progress: 700/1405 (692 OK)
[2026-03-22 23:30:15] Progress: 720/1405 (712 OK)
[2026-03-22 23:30:25] Progress: 740/1405 (732 OK)
[2026-03-22 23:30:35] Progress: 760/1405 (752 OK)
[2026-03-22 23:30:46] Progress: 780/1405 (772 OK)
[2026-03-22 23:30:56] Progress: 800/1405 (792 OK)
[2026-03-22 23:31:09] Progress: 820/1405 (812 OK)
[2026-03-22 23:31:24] Progress: 840/1405 (832 OK)
[2026-03-22 23:31:38] Progress: 860/1405 (852 OK)
[2026-03-22 23:31:54] Progress: 880/1405 (872 OK)
[2026-03-22 23:32:08] Progress: 900/1405 (892 OK)
[2026-03-22 23:32:24] Progress: 920/1405 (912 OK)
[2026-03-22 23:32:38] Progress: 940/1405 (932 OK)
[2026-03-22 23:32:52] Progress: 960/1405 (952 OK)
[2026-03-22 23:33:06] Progress: 980/1405 (972 OK)
[2026-03-22 23:33:21] Progress: 1000/1405 (992 OK)
[2026-03-22 23:33:36] Progress: 1020/1405 (1012 OK)
[2026-03-22 23:33:51] Progress: 1040/1405 (1032 OK)
[2026-03-22 23:34:05] Progress: 1060/1405 (1052 OK)
[2026-03-22 23:34:19] Progress: 1080/1405 (1072 OK)
[2026-03-22 23:34:35] Progress: 1100/1405 (1092 OK)
[2026-03-22 23:34:47] Progress: 1120/1405 (1112 OK)
[2026-03-22 23:35:54] Progress: 1140/1405 (1132 OK)
[2026-03-22 23:38:53] Progress: 1160/1405 (1152 OK)
[2026-03-22 23:39:49] Progress: 1180/1405 (1170 OK)
[2026-03-22 23:40:02] Progress: 1200/1405 (1190 OK)
[2026-03-22 23:44:51] Progress: 1220/1405 (1210 OK)
[2026-03-22 23:49:30] ============================================================
[2026-03-22 23:49:30] LIVE MIRROR: perlenschnur.org
[2026-03-22 23:49:30] Seed: https://perlenschnur.org
[2026-03-22 23:49:30] Output: merlib-mirror/sites/perlenschnur.org
[2026-03-22 23:49:30] Max discovery pages: 500
[2026-03-22 23:49:30] ============================================================
[2026-03-22 23:49:30] Discovering links (BFS)...
[2026-03-22 23:49:33]   Crawled 10 pages, 232 URLs found so far...
[2026-03-22 23:49:37]   Crawled 20 pages, 254 URLs found so far...
[2026-03-22 23:49:41]   Crawled 30 pages, 304 URLs found so far...
[2026-03-22 23:50:15]   Crawled 120 pages, 543 URLs found so far...
[2026-03-22 23:50:22]   Crawled 140 pages, 610 URLs found so far...
[2026-03-22 23:50:25]   Crawled 150 pages, 620 URLs found so far...
[2026-03-22 23:50:29]   Crawled 160 pages, 680 URLs found so far...
[2026-03-22 23:50:34]   Crawled 170 pages, 814 URLs found so far...
[2026-03-22 23:50:50] Discovered 1405 URLs (crawled 209 pages for links)
[2026-03-22 23:51:12] Progress: 20/1405 (18 OK)
[2026-03-22 23:51:22] Progress: 40/1405 (38 OK)
[2026-03-22 23:51:38] Progress: 60/1405 (57 OK)
[2026-03-22 23:51:49] Progress: 80/1405 (77 OK)
[2026-03-22 23:51:59] Progress: 100/1405 (97 OK)
[2026-03-22 23:52:09] Progress: 120/1405 (117 OK)
[2026-03-22 23:52:19] Progress: 140/1405 (137 OK)
[2026-03-22 23:52:29] Progress: 160/1405 (157 OK)
[2026-03-22 23:52:39] Progress: 180/1405 (177 OK)
[2026-03-22 23:52:49] Progress: 200/1405 (197 OK)
[2026-03-22 23:52:59] Progress: 220/1405 (217 OK)
[2026-03-22 23:53:09] Progress: 240/1405 (237 OK)
[2026-03-22 23:53:19] Progress: 260/1405 (257 OK)
[2026-03-22 23:53:54] Progress: 280/1405 (276 OK)
[2026-03-22 23:54:04] Progress: 300/1405 (296 OK)
[2026-03-22 23:54:15] Progress: 320/1405 (316 OK)
[2026-03-22 23:54:25] Progress: 340/1405 (336 OK)
[2026-03-22 23:54:35] Progress: 360/1405 (356 OK)
[2026-03-22 23:54:45] Progress: 380/1405 (376 OK)
[2026-03-22 23:54:55] Progress: 400/1405 (396 OK)
[2026-03-22 23:55:05] Progress: 420/1405 (416 OK)
[2026-03-22 23:55:15] Progress: 440/1405 (436 OK)
[2026-03-22 23:55:25] Progress: 460/1405 (456 OK)
[2026-03-22 23:55:42] Progress: 480/1405 (475 OK)
[2026-03-22 23:55:52] Progress: 500/1405 (495 OK)
[2026-03-22 23:56:02] Progress: 520/1405 (515 OK)
[2026-03-22 23:56:12] Progress: 540/1405 (535 OK)
[2026-03-22 23:56:22] Progress: 560/1405 (555 OK)
[2026-03-22 23:56:39] Progress: 580/1405 (574 OK)
[2026-03-22 23:56:55] Progress: 600/1405 (593 OK)
[2026-03-22 23:57:12] Progress: 620/1405 (612 OK)
[2026-03-22 23:57:22] Progress: 640/1405 (632 OK)
[2026-03-22 23:57:32] Progress: 660/1405 (652 OK)
[2026-03-22 23:57:42] Progress: 680/1405 (672 OK)
[2026-03-22 23:57:52] Progress: 700/1405 (692 OK)
[2026-03-22 23:58:02] Progress: 720/1405 (712 OK)
[2026-03-22 23:58:12] Progress: 740/1405 (732 OK)
[2026-03-22 23:58:22] Progress: 760/1405 (752 OK)
[2026-03-22 23:58:32] Progress: 780/1405 (772 OK)
[2026-03-22 23:58:42] Progress: 800/1405 (792 OK)
[2026-03-22 23:58:52] Progress: 820/1405 (812 OK)
[2026-03-22 23:59:02] Progress: 840/1405 (832 OK)
[2026-03-22 23:59:13] Progress: 860/1405 (852 OK)
[2026-03-22 23:59:23] Progress: 880/1405 (872 OK)
[2026-03-22 23:59:33] Progress: 900/1405 (892 OK)
[2026-03-22 23:59:43] Progress: 920/1405 (912 OK)
[2026-03-22 23:59:53] Progress: 940/1405 (932 OK)
[2026-03-23 00:00:03] Progress: 960/1405 (952 OK)
[2026-03-23 00:00:13] Progress: 980/1405 (972 OK)
[2026-03-23 00:00:23] Progress: 1000/1405 (992 OK)
[2026-03-23 00:00:33] Progress: 1020/1405 (1012 OK)
[2026-03-23 00:00:43] Progress: 1040/1405 (1032 OK)
[2026-03-23 00:00:54] Progress: 1060/1405 (1052 OK)
[2026-03-23 00:01:04] Progress: 1080/1405 (1072 OK)
[2026-03-23 00:01:14] Progress: 1100/1405 (1092 OK)
[2026-03-23 00:01:24] Progress: 1120/1405 (1112 OK)
[2026-03-23 00:04:23] Progress: 1140/1405 (1132 OK)
[2026-03-23 00:07:30] Progress: 1160/1405 (1152 OK)
[2026-03-23 00:08:28] Progress: 1180/1405 (1170 OK)
[2026-03-23 00:08:38] Progress: 1200/1405 (1190 OK)
