[2026-05-26 14:46:28] ============================================================
[2026-05-26 14:46:28] LIVE MIRROR: samlib.ru
[2026-05-26 14:46:28] Seed: https://samlib.ru/u/utkin_w_m/
[2026-05-26 14:46:28] Seed path: /u/utkin_w_m
[2026-05-26 14:46:28] Max link depth: 5
[2026-05-26 14:46:28] Path filter: '/u/utkin_w_m' (links not containing this are dropped)
[2026-05-26 14:46:28] Output: /Users/esaruoho/work/merlib-mirror/sites/samlib.ru
[2026-05-26 14:46:28] ============================================================
[2026-05-26 14:46:28] Crawling /u/utkin_w_m (download-as-you-go)...
[2026-05-26 14:46:29]   [1 d0*] https://samlib.ru/u/utkin_w_m/  (1 OK, 0 queued)
[2026-05-26 14:46:29]     +64 links (205 total known)
[2026-05-26 14:46:30]   [2 d0*] https://samlib.ru/u/utkin_w_m/graund_energy.shtml  (2 OK, 63 queued)
[2026-05-26 14:46:30]     +4 links (210 total known)
[2026-05-26 14:46:31]   [3 d0*] https://samlib.ru/u/utkin_w_m/cloused_sircuite.shtml  (3 OK, 66 queued)
[2026-05-26 14:46:31]     +8 links (219 total known)
[2026-05-26 14:46:32]   [4 d0*] https://samlib.ru/u/utkin_w_m/double.shtml  (4 OK, 73 queued)
[2026-05-26 14:46:32]     +5 links (225 total known)
[2026-05-26 14:46:33]   [6 d0*] https://samlib.ru/u/utkin_w_m/nikola_secrets_res_2.shtml  (5 OK, 76 queued)
[2026-05-26 14:46:33]     +8 links (234 total known)
[2026-05-26 14:46:35]   [7 d0*] https://samlib.ru/u/utkin_w_m/sinhro-trans.shtml  (6 OK, 83 queued)
[2026-05-26 14:46:35]     +4 links (238 total known)
[2026-05-26 14:46:35]   [8 d0*] https://samlib.ru/u/utkin_w_m/indextitle.shtml  (7 OK, 86 queued)
[2026-05-26 14:46:36]   [9 d0*] https://samlib.ru/u/utkin_w_m/effect.shtml  (8 OK, 85 queued)
[2026-05-26 14:46:36]     +39 links (277 total known)
[2026-05-26 14:46:44]   [15 d0*] https://samlib.ru/u/utkin_w_m/penrosestairs1.shtml  (13 OK, 302 queued)
[2026-05-26 14:46:51]   [20 d0*] https://samlib.ru/u/utkin_w_m/tesla-coil-en.shtml  (18 OK, 922 queued)
[2026-05-26 14:46:51]     +6 links (1096 total known)
[2026-05-26 14:46:56]   [25 d0*] https://samlib.ru/u/utkin_w_m/reson_energy.shtml  (21 OK, 1204 queued)
[2026-05-26 14:47:07]   [35 d0*] https://samlib.ru/u/utkin_w_m/indexvote.shtml  (27 OK, 1418 queued)
[2026-05-26 14:47:12]   [40 d1*] http://samlib.ru/u/utkin_w_m/indexdate.shtml  (32 OK, 1548 queued)
[2026-05-26 14:47:14]   [45 d1*] http://samlib.ru/u/utkin_w_m/effect.shtml  (37 OK, 1543 queued)
[2026-05-26 14:47:17]   [50 d1*] http://samlib.ru/u/utkin_w_m/penrosestairs1.shtml  (42 OK, 1538 queued)
[2026-05-26 14:47:19]   [55 d1*] http://samlib.ru/u/utkin_w_m/voda.shtml  (47 OK, 1533 queued)
[2026-05-26 14:47:22]   [60 d1*] http://samlib.ru/u/utkin_w_m/penrosestairs1e.shtml  (52 OK, 1528 queued)
[2026-05-26 14:47:24]   [65 d1*] http://samlib.ru/u/utkin_w_m/exper-2.shtml  (57 OK, 1523 queued)
[2026-05-26 14:47:33]   [75 d1] https://samlib.ru/img/u/utkin_w_m/double/index.shtml  (66 OK, 1997 queued)
[2026-05-26 14:47:38]   [80 d1] https://samlib.ru/img/u/utkin_w_m/graund_energy/index.shtml  (69 OK, 2002 queued)
[2026-05-26 14:47:47]   [90 d1] https://samlib.ru/img/u/utkin_w_m/pseudoscience/index.shtml  (74 OK, 1992 queued)
[2026-05-26 14:47:47]     +80 links (2457 total known)
[2026-05-26 14:47:52]   [95 d1] https://samlib.ru/img/u/utkin_w_m/voda/index.shtml  (79 OK, 2123 queued)
[2026-05-26 14:47:56]   [100] 82 OK, 18 failed, 2118 queued
[2026-05-26 14:47:56]     last fail: https://samlib.ru/comment/u/utkin_w_m/exper-2
[2026-05-26 14:48:02]   [105 d1] https://samlib.ru/img/u/utkin_w_m/graund_energy/graund_energy-4.jpg  (85 OK, 2113 queued)
[2026-05-26 14:48:08]   [110 d1] https://samlib.ru/img/u/utkin_w_m/cloused_sircuite/cloused_sircuite-6.png  (90 OK, 2108 queued)
[2026-05-26 14:48:12]   [115 d1] https://samlib.ru/img/u/utkin_w_m/double/double-2.png  (95 OK, 2103 queued)
[2026-05-26 14:48:17]   [120 d1] https://samlib.ru/img/u/utkin_w_m/nikola_secrets_res_2/nikola_secrets_res_2-8.png  (100 OK, 2098 queued)
[2026-05-26 14:48:22]   [125 d1] https://samlib.ru/img/u/utkin_w_m/nikola_secrets_res_2/nikola_secrets_res_2-5.png  (105 OK, 2093 queued)
[2026-05-26 14:48:26]   [130 d1] https://samlib.ru/img/u/utkin_w_m/sinhro-trans/sinhro-trans-2.png  (110 OK, 2088 queued)
[2026-05-26 14:48:32]   [135 d1] https://samlib.ru/img/u/utkin_w_m/effect/effect-2.jpg  (115 OK, 2083 queued)
[2026-05-26 14:48:36]   [140 d1] https://samlib.ru/img/u/utkin_w_m/effect/effect-7.png  (120 OK, 2078 queued)
[2026-05-26 14:48:41]   [145 d1] https://samlib.ru/img/u/utkin_w_m/effect/effect-32.png  (125 OK, 2073 queued)
[2026-05-26 14:48:46]   [150 d1] https://samlib.ru/img/u/utkin_w_m/effect/effect-21.png  (130 OK, 2068 queued)
[2026-05-26 14:48:51]   [155 d1] https://samlib.ru/img/u/utkin_w_m/effect/effect-23.jpg  (135 OK, 2063 queued)
[2026-05-26 14:48:56]   [160 d1] https://samlib.ru/img/u/utkin_w_m/effect/effect-4.png  (140 OK, 2058 queued)
[2026-05-26 14:49:00]   [165 d1] https://samlib.ru/img/u/utkin_w_m/effect/effect-31.png  (145 OK, 2053 queued)
[2026-05-26 14:49:05]   [170 d1] https://samlib.ru/img/u/utkin_w_m/tesla-coil/tesla-coil-4.png  (150 OK, 2048 queued)
[2026-05-26 14:49:10]   [175 d1] https://samlib.ru/img/u/utkin_w_m/asecretofthemotor/asecretofthemotor-7.jpg  (155 OK, 2043 queued)
[2026-05-26 14:49:16]   [180 d1] https://samlib.ru/img/u/utkin_w_m/asecretofthemotor/asecretofthemotor-1.jpg  (160 OK, 2038 queued)
[2026-05-26 14:49:23]   [185 d1] https://samlib.ru/img/u/utkin_w_m/asecretofthemotor/asecretofthemotor-15.jpg  (165 OK, 2033 queued)
[2026-05-26 14:49:28]   [190 d1] https://samlib.ru/img/u/utkin_w_m/nikola_secrets_res/nikola_secrets_res-132.png  (170 OK, 2028 queued)
[2026-05-26 14:49:34]   [195 d1] https://samlib.ru/img/u/utkin_w_m/nikola_secrets_res/nikola_secrets_res-44.jpg  (175 OK, 2023 queued)
[2026-05-26 14:49:39]   [200 d1] https://samlib.ru/img/u/utkin_w_m/nikola_secrets_res/nikola_secrets_res-85.png  (180 OK, 2018 queued)
[2026-05-26 14:49:45]   [205 d1] https://samlib.ru/img/u/utkin_w_m/nikola_secrets_res/nikola_secrets_res-75.jpg  (185 OK, 2013 queued)
[2026-05-26 14:49:50]   [210 d1] https://samlib.ru/img/u/utkin_w_m/nikola_secrets_res/nikola_secrets_res-95.png  (190 OK, 2008 queued)
[2026-05-26 14:49:56]   [215 d1] https://samlib.ru/img/u/utkin_w_m/nikola_secrets_res/nikola_secrets_res-146.png  (195 OK, 2003 queued)
[2026-05-26 14:50:01]   [220 d1] https://samlib.ru/img/u/utkin_w_m/nikola_secrets_res/nikola_secrets_res-55.jpg  (200 OK, 1998 queued)
[2026-05-26 14:50:06]   [225 d1] https://samlib.ru/img/u/utkin_w_m/nikola_secrets_res/nikola_secrets_res-2.png  (205 OK, 1993 queued)
[2026-05-26 14:50:11]   [230 d1] https://samlib.ru/img/u/utkin_w_m/nikola_secrets_res/nikola_secrets_res-45.png  (210 OK, 1988 queued)
[2026-05-26 14:50:15]   [235 d1] https://samlib.ru/img/u/utkin_w_m/nikola_secrets_res/nikola_secrets_res-49.jpg  (215 OK, 1983 queued)
[2026-05-26 14:50:20]   [240 d1] https://samlib.ru/img/u/utkin_w_m/nikola_secrets_res/nikola_secrets_res-22.jpg  (220 OK, 1978 queued)
[2026-05-26 14:50:25]   [245 d1] https://samlib.ru/img/u/utkin_w_m/nikola_secrets_res/nikola_secrets_res-40.jpg  (225 OK, 1973 queued)
[2026-05-26 14:50:30]   [250 d1] https://samlib.ru/img/u/utkin_w_m/nikola_secrets_res/nikola_secrets_res-91.png  (230 OK, 1968 queued)
[2026-05-26 14:50:35]   [255 d1] https://samlib.ru/img/u/utkin_w_m/nikola_secrets_res/nikola_secrets_res-73.jpg  (235 OK, 1963 queued)
[2026-05-26 14:50:41]   [260 d1] https://samlib.ru/img/u/utkin_w_m/nikola_secrets_res/nikola_secrets_res-27.jpg  (240 OK, 1958 queued)
[2026-05-26 14:50:47]   [265 d1] https://samlib.ru/img/u/utkin_w_m/nikola_secrets_res/nikola_secrets_res-116.png  (245 OK, 1953 queued)
[2026-05-26 14:50:52]   [270 d1] https://samlib.ru/img/u/utkin_w_m/nikola_secrets_res/nikola_secrets_res-79.jpg  (250 OK, 1948 queued)
[2026-05-26 14:50:58]   [275 d1] https://samlib.ru/img/u/utkin_w_m/nikola_secrets_res/nikola_secrets_res-21.jpg  (255 OK, 1943 queued)
[2026-05-26 14:51:03]   [280 d1] https://samlib.ru/img/u/utkin_w_m/nikola_secrets_res/nikola_secrets_res-142.png  (260 OK, 1938 queued)
[2026-05-26 14:51:08]   [285 d1] https://samlib.ru/img/u/utkin_w_m/nikola_secrets_res/nikola_secrets_res-158.png  (265 OK, 1933 queued)
[2026-05-26 14:51:13]   [290 d1] https://samlib.ru/img/u/utkin_w_m/nikola_secrets_res/nikola_secrets_res-74.jpg  (270 OK, 1928 queued)
[2026-05-26 14:51:19]   [295 d1] https://samlib.ru/img/u/utkin_w_m/nikola_secrets_res/nikola_secrets_res-53.jpg  (275 OK, 1923 queued)
[2026-05-26 14:51:23]   [300 d1] https://samlib.ru/img/u/utkin_w_m/nikola_secrets_res/nikola_secrets_res-7.png  (280 OK, 1918 queued)
[2026-05-26 14:51:28]   [305 d1] https://samlib.ru/img/u/utkin_w_m/nikola_secrets_res/nikola_secrets_res-123.png  (285 OK, 1913 queued)
[2026-05-26 14:51:33]   [310 d1] https://samlib.ru/img/u/utkin_w_m/nikola_secrets_res/nikola_secrets_res-128.png  (290 OK, 1908 queued)
[2026-05-26 14:51:38]   [315 d1] https://samlib.ru/img/u/utkin_w_m/nikola_secrets_res/nikola_secrets_res-121.png  (295 OK, 1903 queued)
[2026-05-26 14:51:43]   [320 d1] https://samlib.ru/img/u/utkin_w_m/nikola_secrets_res/nikola_secrets_res-30.jpg  (300 OK, 1898 queued)
[2026-05-26 14:51:48]   [325 d1] https://samlib.ru/img/u/utkin_w_m/nikola_secrets_res/nikola_secrets_res-72.jpg  (305 OK, 1893 queued)
[2026-05-26 14:51:53]   [330 d1] https://samlib.ru/img/u/utkin_w_m/nikola_secrets_res/nikola_secrets_res-150.jpg  (310 OK, 1888 queued)
[2026-05-26 14:51:58]   [335 d1] https://samlib.ru/img/u/utkin_w_m/nikola_secrets_res/nikola_secrets_res-139.png  (315 OK, 1883 queued)
[2026-05-26 14:52:03]   [340 d1] https://samlib.ru/img/u/utkin_w_m/nikola_secrets_res/nikola_secrets_res-110.png  (320 OK, 1878 queued)
[2026-05-26 14:52:08]   [345 d1] https://samlib.ru/img/u/utkin_w_m/nikola_secrets_res/nikola_secrets_res-89.jpg  (325 OK, 1873 queued)
[2026-05-26 14:52:13]   [350 d1] https://samlib.ru/img/u/utkin_w_m/nikola_secrets_res/nikola_secrets_res-39.png  (330 OK, 1868 queued)
[2026-05-26 14:52:18]   [355 d1] https://samlib.ru/img/u/utkin_w_m/penrosestairs1/penrosestairs1-2.png  (335 OK, 1863 queued)
[2026-05-26 14:52:24]   [360 d1] https://samlib.ru/img/u/utkin_w_m/paradox/paradox-7.jpg  (340 OK, 1858 queued)
[2026-05-26 14:52:29]   [365 d1] https://samlib.ru/img/u/utkin_w_m/paradox/paradox-2.png  (345 OK, 1853 queued)
[2026-05-26 14:52:34]   [370 d1] https://samlib.ru/img/u/utkin_w_m/paradox/paradox-1.png  (350 OK, 1848 queued)
[2026-05-26 14:52:39]   [375 d1] https://samlib.ru/img/u/utkin_w_m/paradox/paradox-24.png  (355 OK, 1843 queued)
[2026-05-26 14:52:44]   [380 d1] https://samlib.ru/img/u/utkin_w_m/paradox/paradox-19.jpg  (360 OK, 1838 queued)
[2026-05-26 14:52:49]   [385 d1] https://samlib.ru/img/u/utkin_w_m/exper/exper-212.png  (365 OK, 1833 queued)
[2026-05-26 14:52:54]   [390 d1] https://samlib.ru/img/u/utkin_w_m/exper/exper-210.png  (370 OK, 1828 queued)
[2026-05-26 14:53:00]   [395 d1] https://samlib.ru/img/u/utkin_w_m/exper/exper-134.jpg  (375 OK, 1823 queued)
[2026-05-26 14:53:04]   [400 d1] https://samlib.ru/img/u/utkin_w_m/exper/exper-36.jpg  (380 OK, 1818 queued)
[2026-05-26 14:53:09]   [405 d1] https://samlib.ru/img/u/utkin_w_m/exper/exper-2.jpg  (385 OK, 1813 queued)
[2026-05-26 14:53:14]   [410 d1] https://samlib.ru/img/u/utkin_w_m/exper/exper-257.png  (390 OK, 1808 queued)
[2026-05-26 14:53:20]   [415 d1] https://samlib.ru/img/u/utkin_w_m/exper/exper-25.jpg  (395 OK, 1803 queued)
[2026-05-26 14:53:25]   [420 d1] https://samlib.ru/img/u/utkin_w_m/exper/exper-250.png  (400 OK, 1798 queued)
[2026-05-26 14:53:30]   [425 d1] https://samlib.ru/img/u/utkin_w_m/exper/exper-225.png  (405 OK, 1793 queued)
[2026-05-26 14:53:35]   [430 d1] https://samlib.ru/img/u/utkin_w_m/exper/exper-31.jpg  (410 OK, 1788 queued)
[2026-05-26 14:53:40]   [435 d1] https://samlib.ru/img/u/utkin_w_m/exper/exper-226.png  (415 OK, 1783 queued)
[2026-05-26 14:53:45]   [440 d1] https://samlib.ru/img/u/utkin_w_m/exper/exper-209.png  (420 OK, 1778 queued)
[2026-05-26 14:53:50]   [445 d1] https://samlib.ru/img/u/utkin_w_m/exper/exper-63.jpg  (425 OK, 1773 queued)
[2026-05-26 14:53:54]   [450 d1] https://samlib.ru/img/u/utkin_w_m/exper/exper-183.png  (430 OK, 1768 queued)
[2026-05-26 14:53:59]   [455 d1] https://samlib.ru/img/u/utkin_w_m/exper/exper-86.jpg  (435 OK, 1763 queued)
[2026-05-26 14:54:04]   [460 d1] https://samlib.ru/img/u/utkin_w_m/exper/exper-64.jpg  (440 OK, 1758 queued)
[2026-05-26 14:54:10]   [465 d1] https://samlib.ru/img/u/utkin_w_m/exper/exper-45.png  (445 OK, 1753 queued)
[2026-05-26 14:54:15]   [470 d1] https://samlib.ru/img/u/utkin_w_m/exper/exper-101.jpg  (450 OK, 1748 queued)
[2026-05-26 14:54:20]   [475 d1] https://samlib.ru/img/u/utkin_w_m/exper/exper-114.jpg  (455 OK, 1743 queued)
[2026-05-26 14:54:24]   [480 d1] https://samlib.ru/img/u/utkin_w_m/exper/exper-147.png  (460 OK, 1738 queued)
[2026-05-26 14:54:29]   [485 d1] https://samlib.ru/img/u/utkin_w_m/exper/exper-113.jpg  (465 OK, 1733 queued)
[2026-05-26 14:54:34]   [490 d1] https://samlib.ru/img/u/utkin_w_m/exper/exper-14.jpg  (470 OK, 1728 queued)
[2026-05-26 14:54:39]   [495 d1] https://samlib.ru/img/u/utkin_w_m/exper/exper-141.png  (475 OK, 1723 queued)
[2026-05-26 14:54:44]   [500 d1] https://samlib.ru/img/u/utkin_w_m/exper/exper-70.png  (480 OK, 1718 queued)
[2026-05-26 14:54:50]   [505 d1] https://samlib.ru/img/u/utkin_w_m/exper/exper-179.png  (485 OK, 1713 queued)
[2026-05-26 14:54:54]   [510 d1] https://samlib.ru/img/u/utkin_w_m/exper/exper-198.png  (490 OK, 1708 queued)
[2026-05-26 14:54:59]   [515 d1] https://samlib.ru/img/u/utkin_w_m/exper/exper-150.png  (495 OK, 1703 queued)
[2026-05-26 14:55:03]   [520 d1] https://samlib.ru/img/u/utkin_w_m/exper/exper-39.jpg  (500 OK, 1698 queued)
[2026-05-26 14:55:09]   [525 d1] https://samlib.ru/img/u/utkin_w_m/exper/exper-133.jpg  (505 OK, 1693 queued)
[2026-05-26 14:55:14]   [530 d1] https://samlib.ru/img/u/utkin_w_m/exper/exper-208.png  (510 OK, 1688 queued)
[2026-05-26 14:55:19]   [535 d1] https://samlib.ru/img/u/utkin_w_m/exper/exper-249.png  (515 OK, 1683 queued)
[2026-05-26 14:55:23]   [540 d1] https://samlib.ru/img/u/utkin_w_m/exper/exper-27.jpg  (520 OK, 1678 queued)
[2026-05-26 14:55:28]   [545 d1] https://samlib.ru/img/u/utkin_w_m/exper/exper-6.jpg  (525 OK, 1673 queued)
[2026-05-26 14:55:34]   [550 d1] https://samlib.ru/img/u/utkin_w_m/exper/exper-254.png  (530 OK, 1668 queued)
[2026-05-26 14:55:39]   [555 d1] https://samlib.ru/img/u/utkin_w_m/exper/exper-245.png  (535 OK, 1663 queued)
[2026-05-26 14:55:44]   [560 d1] https://samlib.ru/img/u/utkin_w_m/exper/exper-50.jpg  (540 OK, 1658 queued)
[2026-05-26 14:55:49]   [565 d1] https://samlib.ru/img/u/utkin_w_m/exper/exper-156.png  (545 OK, 1653 queued)
[2026-05-26 14:55:54]   [570 d1] https://samlib.ru/img/u/utkin_w_m/exper/exper-184.png  (550 OK, 1648 queued)
[2026-05-26 14:55:59]   [575 d1] https://samlib.ru/img/u/utkin_w_m/exper/exper-122.jpg  (555 OK, 1643 queued)
[2026-05-26 14:56:03]   [580 d1] https://samlib.ru/img/u/utkin_w_m/exper/exper-146.png  (560 OK, 1638 queued)
[2026-05-26 14:56:09]   [585 d1] https://samlib.ru/img/u/utkin_w_m/exper/exper-35.jpg  (565 OK, 1633 queued)
[2026-05-26 14:56:14]   [590 d1] https://samlib.ru/img/u/utkin_w_m/exper/exper-187.png  (570 OK, 1628 queued)
[2026-05-26 14:56:17]   [595 d1] https://samlib.ru/img/u/utkin_w_m/exper/exper-41.jpg  (575 OK, 1623 queued)
[2026-05-26 14:59:21] ============================================================
[2026-05-26 14:59:21] LIVE MIRROR: samlib.ru
[2026-05-26 14:59:21] Seed: https://samlib.ru/u/utkin_w_m/
[2026-05-26 14:59:21] Seed path: /u/utkin_w_m
[2026-05-26 14:59:21] Max link depth: 5
[2026-05-26 14:59:21] Path filter: '/u/utkin_w_m' (links not containing this are dropped)
[2026-05-26 14:59:21] Output: /Users/esaruoho/work/merlib-mirror/sites/samlib.ru
[2026-05-26 14:59:21] ============================================================
[2026-05-26 14:59:21] Crawling /u/utkin_w_m (download-as-you-go)...
[2026-05-26 14:59:21]   [1 d0*] https://samlib.ru/u/utkin_w_m/  (1 OK, 0 queued)
[2026-05-26 14:59:21]     +64 links (205 total known)
[2026-05-26 14:59:21]   [2 d0*] https://samlib.ru/u/utkin_w_m/indextitle.shtml  (2 OK, 63 queued)
[2026-05-26 14:59:22]   [3 d0*] https://samlib.ru/u/utkin_w_m/asecretofthemotor.shtml  (3 OK, 62 queued)
[2026-05-26 14:59:22]   [4 d0*] https://samlib.ru/u/utkin_w_m/sinhro-trans.shtml  (4 OK, 61 queued)
[2026-05-26 14:59:23]   [5 d0*] https://samlib.ru/u/utkin_w_m/effect.shtml  (5 OK, 60 queued)
[2026-05-26 14:59:23]   [6 d0*] https://samlib.ru/u/utkin_w_m/nikola_secrets.shtml  (6 OK, 59 queued)
[2026-05-26 14:59:24]   [7 d0*] https://samlib.ru/u/utkin_w_m/tesla-coil-en.shtml  (7 OK, 58 queued)
[2026-05-26 14:59:24]   [8 d0*] https://samlib.ru/u/utkin_w_m/teslatech.shtml  (8 OK, 57 queued)
[2026-05-26 14:59:25]   [9 d0*] https://samlib.ru/u/utkin_w_m/exper-2.shtml  (9 OK, 56 queued)
[2026-05-26 14:59:25]   [10 d0*] https://samlib.ru/u/utkin_w_m/nikola_secrets_res_2.shtml  (10 OK, 55 queued)
[2026-05-26 14:59:28]   [15 d0*] https://samlib.ru/u/utkin_w_m/voda.shtml  (15 OK, 50 queued)
[2026-05-26 14:59:30]   [20 d0*] https://samlib.ru/u/utkin_w_m/nikola_secrets_res.shtml  (20 OK, 45 queued)
[2026-05-26 14:59:33]   [25 d0*] https://samlib.ru/u/utkin_w_m/indexvote.shtml  (25 OK, 40 queued)
[2026-05-26 14:59:38]   [35 d1] https://samlib.ru/img/u/utkin_w_m/tesla-coil/index.shtml  (34 OK, 30 queued)
[2026-05-26 14:59:43]   [40 d1] https://samlib.ru/img/u/utkin_w_m/tesla-coil-en/index.shtml  (36 OK, 25 queued)
[2026-05-26 14:59:46]   [45 d1] https://samlib.ru/img/u/utkin_w_m/nikola_secrets/index.shtml  (40 OK, 20 queued)
[2026-05-26 14:59:56]   [60] 50 OK, 10 failed, 5 queued
[2026-05-26 14:59:56]     last fail: https://samlib.ru/comment/u/utkin_w_m/sinhro-trans
[2026-05-26 14:59:59]   [65 d1] https://samlib.ru/img/u/utkin_w_m/secrets_of_nikola/index.shtml  (53 OK, 0 queued)
[2026-05-26 15:00:00] Generating index...
[2026-05-26 15:00:00] Index: 550 files
[2026-05-26 15:00:00]   .png: 288
[2026-05-26 15:00:00]   .jpg: 208
[2026-05-26 15:00:00]   .shtml: 52
[2026-05-26 15:00:00]   .log: 1
[2026-05-26 15:00:00]   .html: 1
[2026-05-26 15:00:00] 
============================================================
[2026-05-26 15:00:00] LIVE MIRROR COMPLETE
[2026-05-26 15:00:00] Downloaded: 65, OK: 53, Failed: 12
[2026-05-26 15:00:00] Total URLs seen: 205
[2026-05-26 15:00:00] ============================================================
[2026-05-26 15:00:00] 
Next step: fe-ingest.sh /Users/esaruoho/work/merlib-mirror/sites/samlib.ru
[2026-08-13 10:00:32] ============================================================
[2026-08-13 10:00:32] LIVE MIRROR: samlib.ru
[2026-08-13 10:00:32] Seed: https://samlib.ru/u/utkin_w_m/
[2026-08-13 10:00:32] Seed path: /u/utkin_w_m
[2026-08-13 10:00:32] Max link depth: 5
[2026-08-13 10:00:32] Path filter: '/u/utkin_w_m' (links not containing this are dropped)
[2026-08-13 10:00:32] Output: /Users/esaruoho/work/merlib-mirror/sites/samlib.ru
[2026-08-13 10:00:32] ============================================================
[2026-08-13 10:00:33] robots.txt: honouring 3 Disallow rule(s) (MIRROR_IGNORE_ROBOTS=1 to override)
[2026-08-13 10:00:33] Crawling /u/utkin_w_m (download-as-you-go)...
[2026-08-13 10:00:33]   [1 d0*] https://samlib.ru/u/utkin_w_m/  (1 OK, 0 queued)
[2026-08-13 10:00:33]     +52 links (205 total known)
[2026-08-13 10:00:33]   [2 d0*] https://samlib.ru/u/utkin_w_m/voda.shtml  (2 OK, 51 queued)
[2026-08-13 10:00:34]   [3 d0*] https://samlib.ru/u/utkin_w_m/penrosestairs1e.shtml  (3 OK, 50 queued)
[2026-08-13 10:00:34]   [4 d0*] https://samlib.ru/u/utkin_w_m/pseudoscience.shtml  (4 OK, 49 queued)
[2026-08-13 10:00:35]   [5 d0*] https://samlib.ru/u/utkin_w_m/exper-2.shtml  (5 OK, 48 queued)
[2026-08-13 10:00:35]   [6 d0*] https://samlib.ru/u/utkin_w_m/graund_energy.shtml  (6 OK, 47 queued)
[2026-08-13 10:00:36]   [7 d0*] https://samlib.ru/u/utkin_w_m/penrosestairs1.shtml  (7 OK, 46 queued)
[2026-08-13 10:00:36]   [8 d0*] https://samlib.ru/u/utkin_w_m/reson_energy.shtml  (8 OK, 45 queued)
[2026-08-13 10:00:37]   [9 d0*] https://samlib.ru/u/utkin_w_m/tesla-coil.shtml  (9 OK, 44 queued)
[2026-08-13 10:00:37]   [10 d0*] https://samlib.ru/u/utkin_w_m/penrosestairs2-1.shtml  (10 OK, 43 queued)
[2026-08-13 10:00:40]   [15 d0*] https://samlib.ru/u/utkin_w_m/nikola_secrets_res.shtml  (15 OK, 38 queued)
[2026-08-13 10:00:42]   [20 d0*] https://samlib.ru/u/utkin_w_m/teslatech.shtml  (20 OK, 33 queued)
[2026-08-13 10:00:45]   [25 d0*] https://samlib.ru/u/utkin_w_m/amplifier.shtml  (25 OK, 28 queued)
[2026-08-13 10:00:47]   [30 d1] https://samlib.ru/img/u/utkin_w_m/double/index.shtml  (30 OK, 23 queued)
[2026-08-13 10:00:50]   [35 d1] https://samlib.ru/img/u/utkin_w_m/voda/index.shtml  (35 OK, 18 queued)
[2026-08-13 10:00:52]   [40 d1] https://samlib.ru/img/u/utkin_w_m/asecretofthemotor/index.shtml  (40 OK, 13 queued)
[2026-08-13 10:00:55]   [45 d1] https://samlib.ru/img/u/utkin_w_m/graund_energy/index.shtml  (45 OK, 8 queued)
[2026-08-13 10:00:57]   [50 d1] https://samlib.ru/img/u/utkin_w_m/secrets_of_nikola/index.shtml  (50 OK, 3 queued)
[2026-08-13 10:00:59] Generating index...
[2026-08-13 10:00:59] Index: 549 files
[2026-08-13 10:00:59]   .png: 288
[2026-08-13 10:00:59]   .jpg: 208
[2026-08-13 10:00:59]   .shtml: 52
[2026-08-13 10:00:59]   .html: 1
[2026-08-13 10:00:59] 
============================================================
[2026-08-13 10:00:59] LIVE MIRROR COMPLETE
[2026-08-13 10:00:59] Downloaded: 53, OK: 53, Failed: 0
[2026-08-13 10:00:59] Total URLs seen: 205
[2026-08-13 10:00:59] ============================================================
[2026-08-13 10:00:59] 
Next step: fe-ingest.sh /Users/esaruoho/work/merlib-mirror/sites/samlib.ru
