[2026-08-02 23:50:28] ============================================================
[2026-08-02 23:50:28] LIVE MIRROR: lrdi.org
[2026-08-02 23:50:28] Seed: https://lrdi.org/participants-projects/storms/
[2026-08-02 23:50:28] Seed path: /participants-projects/storms
[2026-08-02 23:50:28] Max link depth: 5
[2026-08-02 23:50:28] Path filter: '/participants-projects/storms' (links not containing this are dropped)
[2026-08-02 23:50:28] Output: /Users/esaruoho/work/merlib-mirror/sites/lrdi.org
[2026-08-02 23:50:28] ============================================================
[2026-08-02 23:50:28] Crawling /participants-projects/storms (download-as-you-go)...
[2026-08-02 23:50:30]   [1 d0*] https://lrdi.org/participants-projects/storms/  (1 OK, 0 queued)
[2026-08-02 23:50:30] WordPress PDF extraction: found 4 PDF(s)
[2026-08-02 23:50:33]   PDF OK: 2015-10-70-Storms-LRDP-Summary-180502-Rev-1-221110.pdf
[2026-08-02 23:50:35]   PDF OK: 2018-ICCF21-Poster-Storms-Pilot-260328-1.pdf
[2026-08-02 23:50:37]   PDF OK: The-complete-explanation.pdf
[2026-08-02 23:50:39]   PDF OK: The-nature-of-transmutation-caused-by-cold-fusion.pdf
[2026-08-02 23:50:39]   PDFs: 4 downloaded, 0 cached, 0 failed
[2026-08-02 23:50:39] Generating index...
[2026-08-02 23:50:39] Index: 5 files
[2026-08-02 23:50:39]   .pdf: 4
[2026-08-02 23:50:39]   .html: 1
[2026-08-02 23:50:39] 
============================================================
[2026-08-02 23:50:39] LIVE MIRROR COMPLETE
[2026-08-02 23:50:39] Downloaded: 1, OK: 1, Failed: 0
[2026-08-02 23:50:39] Total URLs seen: 22
[2026-08-02 23:50:39] ============================================================
[2026-08-02 23:50:39] 
Next step: fe-ingest.sh /Users/esaruoho/work/merlib-mirror/sites/lrdi.org
