[2026-03-17 00:55:09] ============================================================
[2026-03-17 00:55:09] WAYBACK MIRROR: riess.org
[2026-03-17 00:55:09] Output: /Users/esaruoho/work/merlib-mirror/sites/riess.org
[2026-03-17 00:55:09] Delay: 1.0s
[2026-03-17 00:55:09] ============================================================
[2026-03-17 00:55:09] Resuming: phase=init, 0 already done
[2026-03-17 00:55:09] 
=== PHASE 1: URL Discovery ===
[2026-03-17 00:55:09] Querying CDX for riess.org...
[2026-03-17 00:55:17]   Found 25 URLs for riess.org
[2026-03-17 00:55:17] Querying CDX for www.riess.org...
[2026-03-17 00:55:18]   Found 25 URLs for www.riess.org
[2026-03-17 00:55:21] Total unique valid URLs: 26
[2026-03-17 00:55:21]   text/html: 19
[2026-03-17 00:55:21]   image/gif: 7
[2026-03-17 00:55:21] 
=== PHASE 2: Downloading ===
[2026-03-17 00:55:53] [10/26] OK index.html (2,253b) @19980125
[2026-03-17 00:57:18] [12/26] FAIL http://www.riess.org:80/mystery.html
[2026-03-17 01:00:08] [21/26] OK up.gif (1,001b) @19980612
[2026-03-17 01:00:24] 
=== PHASE 3: Generating Index ===
[2026-03-17 01:00:24] Generating index...
[2026-03-17 01:00:24] Index: 39 files
[2026-03-17 01:00:24]   .html: 16
[2026-03-17 01:00:24]   .txt: 16
[2026-03-17 01:00:24]   .gif: 7
[2026-03-17 01:00:24] 
============================================================
[2026-03-17 01:00:24] MIRROR COMPLETE
[2026-03-17 01:00:24] Total URLs: 26
[2026-03-17 01:00:24] Downloaded: 25
[2026-03-17 01:00:24] Failed: 1
[2026-03-17 01:00:24] Files: 39
[2026-03-17 01:00:24] ============================================================
[2026-03-17 01:00:24] 
Next step: fe-ingest.sh /Users/esaruoho/work/merlib-mirror/sites/riess.org
