[2026-08-13 09:48:51] ============================================================
[2026-08-13 09:48:51] LIVE MIRROR: padrak.com
[2026-08-13 09:48:51] Seed: https://padrak.com/ine
[2026-08-13 09:48:51] Seed path: /ine
[2026-08-13 09:48:51] Max link depth: 5
[2026-08-13 09:48:51] Path filter: '/ine' (links not containing this are dropped)
[2026-08-13 09:48:51] Output: /Users/esaruoho/work/merlib-mirror/sites/padrak.com
[2026-08-13 09:48:51] ============================================================
[2026-08-13 09:48:52] Crawling /ine (download-as-you-go)...
[2026-08-13 09:48:52]   [1 d0*] https://padrak.com/ine  (1 OK, 0 queued)
[2026-08-13 09:48:52]     +2 links (523 total known)
[2026-08-13 09:48:52]   [2 d0*] http://www.padrak.com/ine/ELEWIS6.html  (2 OK, 1 queued)
[2026-08-13 09:48:52]     +7 links (530 total known)
[2026-08-13 09:48:53]   [3 d0*] http://www.padrak.com/ine/ELEWIS1.html  (3 OK, 7 queued)
[2026-08-13 09:48:53]     +1 links (531 total known)
[2026-08-13 09:48:53]   [4 d0*] http://www.padrak.com/ine/ELEWISP3.JPG  (4 OK, 7 queued)
[2026-08-13 09:48:54]   [5 d0*] http://www.padrak.com/ine/ELEWIS2.html  (5 OK, 6 queued)
[2026-08-13 09:48:54]   [6 d0*] http://www.padrak.com/ine/ELEWIS7.html  (6 OK, 5 queued)
[2026-08-13 09:48:55]   [7 d0*] http://www.padrak.com/ine/ELEWIS4.html  (7 OK, 4 queued)
[2026-08-13 09:48:56]   [9 d0*] http://www.padrak.com/ine/ELEWIS5.html  (8 OK, 2 queued)
[2026-08-13 09:48:56]     +1 links (532 total known)
[2026-08-13 09:48:57]   [10 d0*] http://www.padrak.com/ine/ELEWIS5A.html  (9 OK, 2 queued)
[2026-08-13 09:48:57]     +1 links (533 total known)
/Users/esaruoho/work/merlib-mirror/mirror.py:1005: DeprecationWarning: datetime.datetime.utcnow() is deprecated and scheduled for removal in a future version. Use timezone-aware objects to represent datetimes in UTC: datetime.datetime.now(datetime.UTC).
  lines.append(f"mirror_date: {datetime.datetime.utcnow().strftime('%Y-%m-%dT%H:%M:%SZ')}")
[2026-08-13 09:49:00] Generating index...
[2026-08-13 09:49:00] Index: 478 files
[2026-08-13 09:49:00]   .html: 232
[2026-08-13 09:49:00]   .txt: 220
[2026-08-13 09:49:00]   .gif: 14
[2026-08-13 09:49:00]   .jpg: 7
[2026-08-13 09:49:00]   (none): 1
[2026-08-13 09:49:00]   .[2: 1
[2026-08-13 09:49:00]   .pdf: 1
[2026-08-13 09:49:00]   . box 58639, salt lake city, ut : 1
[2026-08-13 09:49:00]   . features : 1
[2026-08-13 09:49:00] 
============================================================
[2026-08-13 09:49:00] LIVE MIRROR COMPLETE
[2026-08-13 09:49:00] Downloaded: 14, OK: 13, Failed: 1
[2026-08-13 09:49:00] Total URLs seen: 534
[2026-08-13 09:49:00] ============================================================
[2026-08-13 09:49:00] 
Next step: fe-ingest.sh /Users/esaruoho/work/merlib-mirror/sites/padrak.com
site_to_paper: padrak.com — 232 HTML page(s)
site_to_paper: entry=agn/index.html · reachable=1 · unreached=231
site_to_paper: wrote /Users/esaruoho/work/merlib-mirror/sites/padrak.com/_paper/padrak.com-CONSOLIDATED.md (1,222,443 chars from 232 pages)
site_to_paper: wrote 232 per-page markdown files to /Users/esaruoho/work/merlib-mirror/sites/padrak.com/_paper/pages
site_to_allpages: padrak.com — 232 page(s), entry=agn/index.html, reachable=1, orphans=231
site_to_allpages: wrote /Users/esaruoho/work/merlib-mirror/sites/padrak.com/_paper/allpages.html (1,534,823 chars, 232 pages, 2292 internal links → anchors, 99 asset paths fixed)
site_to_allpages: 2 page(s) had no body (frameset/redirect): ine/AMENDS1028.html, ine/BLUERIBBON.html
site_to_allpages: weasyprint not found — skipping PDF (install it, or open allpages.html and ⌘P → Save as PDF)
