[2026-06-10 14:08:47] ============================================================
[2026-06-10 14:08:47] WAYBACK MIRROR: thehouseofmoray.org
[2026-06-10 14:08:47] Output: /Users/esaruoho/work/merlib-mirror/sites/thehouseofmoray.org
[2026-06-10 14:08:47] Delay: 1.0s
[2026-06-10 14:08:47] ============================================================
[2026-06-10 14:08:47] Resuming: phase=init, 0 already done
[2026-06-10 14:08:47] 
=== PHASE 1: URL Discovery ===
[2026-06-10 14:08:47] Querying CDX for thehouseofmoray.org/*...
[2026-06-10 14:09:13]   Found 27 URLs for thehouseofmoray.org/*
[2026-06-10 14:09:13] Querying CDX for www.thehouseofmoray.org/*...
[2026-06-10 14:09:43]   Found 27 URLs for www.thehouseofmoray.org/*
[2026-06-10 14:10:46] Total unique valid URLs: 29
[2026-06-10 14:10:46]   image/jpeg: 14
[2026-06-10 14:10:46]   image/gif: 7
[2026-06-10 14:10:46]   application/pdf: 4
[2026-06-10 14:10:46]   text/html: 3
[2026-06-10 14:10:46]   text/css: 1
[2026-06-10 15:35:50] ============================================================
[2026-06-10 15:35:50] WAYBACK MIRROR: thehouseofmoray.org
[2026-06-10 15:35:50] Output: /Users/esaruoho/work/merlib-mirror/sites/thehouseofmoray.org
[2026-06-10 15:35:50] Delay: 1.0s
[2026-06-10 15:35:50] ============================================================
[2026-06-10 15:35:50] Resuming: phase=init, 0 already done
[2026-06-10 15:35:50] 
=== PHASE 1: URL Discovery ===
[2026-06-10 15:35:50] Querying CDX for thehouseofmoray.org/*...
[2026-06-10 15:36:55]   Found 27 URLs for thehouseofmoray.org/*
[2026-06-10 15:36:55] Querying CDX for www.thehouseofmoray.org/*...
[2026-06-10 15:37:12]   Found 27 URLs for www.thehouseofmoray.org/*
[2026-06-10 15:37:43] Total unique valid URLs: 29
[2026-06-10 15:37:43]   image/jpeg: 14
[2026-06-10 15:37:43]   image/gif: 7
[2026-06-10 15:37:43]   application/pdf: 4
[2026-06-10 15:37:43]   text/html: 3
[2026-06-10 15:37:43]   text/css: 1
[2026-06-10 15:37:43] 
=== PHASE 2: Downloading ===
[2026-06-10 15:38:06] [3/29] FAIL http://thehouseofmoray.org/css/moray.css
[2026-06-10 15:39:06] [11/29] OK images/desk-th.jpg (36,396b) @20110108
[2026-06-10 15:40:26] [21/29] OK images/moray-color.jpg (155,817b) @20110108
[2026-06-10 15:42:41] 
=== PHASE 3: Generating Index ===
[2026-06-10 15:42:41] Generating index...
[2026-06-10 15:42:41] Index: 27 files
[2026-06-10 15:42:41]   .jpg: 14
[2026-06-10 15:42:41]   .gif: 7
[2026-06-10 15:42:41]   .pdf: 4
[2026-06-10 15:42:41]   .html: 1
[2026-06-10 15:42:41]   .txt: 1
[2026-06-10 15:42:41] 
============================================================
[2026-06-10 15:42:41] MIRROR COMPLETE
[2026-06-10 15:42:41] Total URLs: 29
[2026-06-10 15:42:41] Downloaded: 28
[2026-06-10 15:42:41] Failed: 1
[2026-06-10 15:42:41] Files: 27
[2026-06-10 15:42:41] ============================================================
[2026-06-10 15:42:41] 
Next step: fe-ingest.sh /Users/esaruoho/work/merlib-mirror/sites/thehouseofmoray.org
